Renesas Optimizing Linker (W3.05.00 )             04-Feb-2025 17:13:56

*** Options ***

-subcommand=DefaultBuild\LUCAS_TVS_5KW_IVCU_HUB_MOTOR_GETS_VEHICAL_16012025_V5_17.clnk
-input=DefaultBuild\boot.obj
-input=DefaultBuild\cstart.obj
-input=DefaultBuild\main.obj
-input=DefaultBuild\Config_CGC.obj
-input=DefaultBuild\Systeminit.obj
-input=DefaultBuild\intvector.obj
-input=DefaultBuild\DummyInt.obj
-input=DefaultBuild\Config_ADC.obj
-input=DefaultBuild\Config_PWM.obj
-input=DefaultBuild\Config_PORT.obj
-input=DefaultBuild\Config_OSTM.obj
-input=DefaultBuild\Config_TAUB0_0.obj
-input=DefaultBuild\Config_TAUB0_1.obj
-input=DefaultBuild\Config_CAN.obj
-input=DefaultBuild\CAN.obj
-input=DefaultBuild\Config_WDT.obj
-input=DefaultBuild\ADC_Result.obj
-input=DefaultBuild\Trapezoidal_Mode.obj
-input=DefaultBuild\Fault_Analysis.obj
-input=DefaultBuild\Register_Interface.obj
-input=DefaultBuild\Motor_Control.obj
-input=DefaultBuild\Sinusoidal_Mode.obj
-input=DefaultBuild\Digital_Input_Read.obj
-input=DefaultBuild\Temperature_Cal.obj
-input=DefaultBuild\CAN_TX.obj
-debug
-nocompress
-NOOPtimize
-output=DefaultBuild\LUCAS_TVS_5KW_IVCU_HUB_MOTOR_GETS_VEHICAL_16012025_V5_17.abs
-library=v850e3v5\rhf4n.lib
-library=v850e3v5\libmalloc.lib
-list=DefaultBuild\LUCAS_TVS_5KW_IVCU_HUB_MOTOR_GETS_VEHICAL_16012025_V5_17.map
-show=all
-start=RESET/0,EIINTTBL.const/00000200,.const,.INIT_DSEC.const,.INIT_BSEC.const,.text,.data/00008000,.data.R,.bss,.stack.bss/FEDE8000
-rom=.data=.data.R
-nologo
-end

*** Error information ***

*** Mapping List ***

SECTION                            START      END         SIZE   ALIGN
RESET
                                  00000000  000001f7       1f8   200
EIINTTBL.const
                                  00000200  00000797       598   4
.const
                                  00008000  0000845f       460   4
.INIT_DSEC.const
                                  00008460  0000846b         c   4
.INIT_BSEC.const
                                  0000846c  00008473         8   4
.text
                                  00008474  0000dc7b      5808   2
.data
                                  0000dc7c  0000e03f       3c4   4
.data.R
                                  fede8000  fede83c3       3c4   4
.bss
                                  fede83c4  fedfc463     140a0   4
.stack.bss
                                  fedfc464  fedfc663       200   4

*** Total Section Size ***

RAMDATA SECTION:  00014664 Byte(s)
ROMDATA SECTION:  00000dd0 Byte(s)
PROGRAM SECTION:  00005a00 Byte(s)

*** Symbol List ***

SECTION=
FILE=                               START        END    SIZE
  SYMBOL                            ADDR        SIZE    INFO      COUNTS  OPT
    STRUCT                                      SIZE
      MEMBER                        ADDR        SIZE    INFO

SECTION=RESET
FILE=DefaultBuild\boot.obj
                                  00000000  000001f7       1f8

SECTION=EIINTTBL.const
FILE=DefaultBuild\intvector.obj
                                  00000200  00000797       598
  _INT_Vectors
                                  00000200       598   data ,g         0

SECTION=.const
FILE=DefaultBuild\Sinusoidal_Mode.obj
                                  00008000  000083ff       400
  _Table
                                  00008000       400   data ,g         2
FILE=logf
                                  00008400  0000845f        60
  _log_coeff_l.1
                                  00008400         0   none ,l         1
  _log_coeff_r.2
                                  00008430         0   none ,l         1

SECTION=.INIT_DSEC.const
FILE=DefaultBuild\cstart.obj
                                  00008460  0000846b         c

SECTION=.INIT_BSEC.const
FILE=DefaultBuild\cstart.obj
                                  0000846c  00008473         8

SECTION=.text
FILE=DefaultBuild\boot.obj
                                  00008474  0000850d        9a
  _Dummy
                                  00008474         0   none ,l         d
  _Dummy_EI
                                  00008476         0   none ,l        14
  __start
                                  00008478         0   none ,l         1
  _hdwinit
                                  000084d2         0   none ,l         1
  _zeroclr4
                                  000084e8         0   none ,l         2
  _set_table_reference_method
                                  000084f6         0   none ,l         1
FILE=DefaultBuild\cstart.obj
                                  0000850e  0000857f        72
  __cstart
                                  0000850e         0   none ,g         1
  _exit
                                  0000857e         0   none ,l         2
FILE=DefaultBuild\main.obj
                                  00008580  000085c1        42
  _main
                                  00008580        2e   func ,g         1
  _r_main_userinit
                                  000085ae        14   func ,g         1
FILE=DefaultBuild\Config_CGC.obj
                                  000085c2  00008a05       444
  _R_CGC_Create
                                  000085c2       444   func ,g         1
FILE=DefaultBuild\Systeminit.obj
                                  00008a06  00008a2d        28
  _R_Systeminit
                                  00008a06        28   func ,g         1
FILE=DefaultBuild\DummyInt.obj
                                  00008a2e  00008d0d       2e0
  _eiint0
                                  00008a2e         2   func ,g         1
  _eiint1
                                  00008a30         2   func ,g         1
  _eiint2
                                  00008a32         2   func ,g         1
  _eiint3
                                  00008a34         2   func ,g         1
  _eiint4
                                  00008a36         2   func ,g         1
  _eiint5
                                  00008a38         2   func ,g         1
  _eiint6
                                  00008a3a         2   func ,g         1
  _eiint7
                                  00008a3c         2   func ,g         1
  _eiint8
                                  00008a3e         2   func ,g         1
  _eiint9
                                  00008a40         2   func ,g         1
  _eiint10
                                  00008a42         2   func ,g         1
  _eiint11
                                  00008a44         2   func ,g         1
  _eiint12
                                  00008a46         2   func ,g         1
  _eiint13
                                  00008a48         2   func ,g         1
  _eiint14
                                  00008a4a         2   func ,g         1
  _eiint15
                                  00008a4c         2   func ,g         1
  _eiint16
                                  00008a4e         2   func ,g         1
  _eiint17
                                  00008a50         2   func ,g         1
  _eiint18
                                  00008a52         2   func ,g         1
  _eiint19
                                  00008a54         2   func ,g         1
  _eiint20
                                  00008a56         2   func ,g         1
  _eiint21
                                  00008a58         2   func ,g         1
  _eiint22
                                  00008a5a         2   func ,g         1
  _eiint23
                                  00008a5c         2   func ,g         0
  _eiint24
                                  00008a5e         2   func ,g         1
  _eiint25
                                  00008a60         2   func ,g         1
  _eiint26
                                  00008a62         2   func ,g         0
  _eiint27
                                  00008a64         2   func ,g         1
  _eiint28
                                  00008a66         2   func ,g         1
  _eiint29
                                  00008a68         2   func ,g         1
  _eiint30
                                  00008a6a         2   func ,g         1
  _eiint31
                                  00008a6c         2   func ,g         1
  _eiint32
                                  00008a6e         2   func ,g         1
  _eiint33
                                  00008a70         2   func ,g         1
  _eiint34
                                  00008a72         2   func ,g         1
  _eiint35
                                  00008a74         2   func ,g         1
  _eiint36
                                  00008a76         2   func ,g         1
  _eiint37
                                  00008a78         2   func ,g         1
  _eiint38
                                  00008a7a         2   func ,g         1
  _eiint39
                                  00008a7c         2   func ,g         1
  _eiint40
                                  00008a7e         2   func ,g         0
  _eiint41
                                  00008a80         2   func ,g         1
  _eiint42
                                  00008a82         2   func ,g         1
  _eiint43
                                  00008a84         2   func ,g         1
  _eiint44
                                  00008a86         2   func ,g         1
  _eiint45
                                  00008a88         2   func ,g         1
  _eiint46
                                  00008a8a         2   func ,g         1
  _eiint47
                                  00008a8c         2   func ,g         1
  _eiint48
                                  00008a8e         2   func ,g         1
  _eiint49
                                  00008a90         2   func ,g         1
  _eiint50
                                  00008a92         2   func ,g         1
  _eiint51
                                  00008a94         2   func ,g         1
  _eiint52
                                  00008a96         2   func ,g         1
  _eiint53
                                  00008a98         2   func ,g         1
  _eiint54
                                  00008a9a         2   func ,g         1
  _eiint55
                                  00008a9c         2   func ,g         1
  _eiint56
                                  00008a9e         2   func ,g         1
  _eiint57
                                  00008aa0         2   func ,g         1
  _eiint58
                                  00008aa2         2   func ,g         1
  _eiint59
                                  00008aa4         2   func ,g         1
  _eiint60
                                  00008aa6         2   func ,g         1
  _eiint61
                                  00008aa8         2   func ,g         1
  _eiint62
                                  00008aaa         2   func ,g         1
  _eiint63
                                  00008aac         2   func ,g         1
  _eiint64
                                  00008aae         2   func ,g         1
  _eiint65
                                  00008ab0         2   func ,g         1
  _eiint66
                                  00008ab2         2   func ,g         1
  _eiint67
                                  00008ab4         2   func ,g         1
  _eiint68
                                  00008ab6         2   func ,g         1
  _eiint69
                                  00008ab8         2   func ,g         1
  _eiint70
                                  00008aba         2   func ,g         1
  _eiint71
                                  00008abc         2   func ,g         1
  _eiint72
                                  00008abe         2   func ,g         1
  _eiint73
                                  00008ac0         2   func ,g         1
  _eiint74
                                  00008ac2         2   func ,g         1
  _eiint75
                                  00008ac4         2   func ,g         1
  _eiint76
                                  00008ac6         2   func ,g         1
  _eiint77
                                  00008ac8         2   func ,g         1
  _eiint78
                                  00008aca         2   func ,g         1
  _eiint79
                                  00008acc         2   func ,g         1
  _eiint80
                                  00008ace         2   func ,g         1
  _eiint81
                                  00008ad0         2   func ,g         1
  _eiint82
                                  00008ad2         2   func ,g         1
  _eiint83
                                  00008ad4         2   func ,g         1
  _eiint84
                                  00008ad6         2   func ,g         0
  _eiint85
                                  00008ad8         2   func ,g         1
  _eiint86
                                  00008ada         2   func ,g         1
  _eiint87
                                  00008adc         2   func ,g         1
  _eiint88
                                  00008ade         2   func ,g         1
  _eiint89
                                  00008ae0         2   func ,g         1
  _eiint90
                                  00008ae2         2   func ,g         1
  _eiint91
                                  00008ae4         2   func ,g         1
  _eiint92
                                  00008ae6         2   func ,g         1
  _eiint93
                                  00008ae8         2   func ,g         1
  _eiint94
                                  00008aea         2   func ,g         1
  _eiint95
                                  00008aec         2   func ,g         1
  _eiint96
                                  00008aee         2   func ,g         1
  _eiint97
                                  00008af0         2   func ,g         1
  _eiint98
                                  00008af2         2   func ,g         1
  _eiint99
                                  00008af4         2   func ,g         1
  _eiint100
                                  00008af6         2   func ,g         1
  _eiint101
                                  00008af8         2   func ,g         1
  _eiint102
                                  00008afa         2   func ,g         1
  _eiint103
                                  00008afc         2   func ,g         1
  _eiint104
                                  00008afe         2   func ,g         1
  _eiint105
                                  00008b00         2   func ,g         1
  _eiint106
                                  00008b02         2   func ,g         1
  _eiint107
                                  00008b04         2   func ,g         1
  _eiint108
                                  00008b06         2   func ,g         1
  _eiint109
                                  00008b08         2   func ,g         1
  _eiint110
                                  00008b0a         2   func ,g         1
  _eiint111
                                  00008b0c         2   func ,g         1
  _eiint112
                                  00008b0e         2   func ,g         1
  _eiint113
                                  00008b10         2   func ,g         1
  _eiint114
                                  00008b12         2   func ,g         1
  _eiint115
                                  00008b14         2   func ,g         1
  _eiint116
                                  00008b16         2   func ,g         1
  _eiint117
                                  00008b18         2   func ,g         1
  _eiint118
                                  00008b1a         2   func ,g         1
  _eiint119
                                  00008b1c         2   func ,g         1
  _eiint120
                                  00008b1e         2   func ,g         1
  _eiint121
                                  00008b20         2   func ,g         1
  _eiint122
                                  00008b22         2   func ,g         1
  _eiint123
                                  00008b24         2   func ,g         1
  _eiint124
                                  00008b26         2   func ,g         1
  _eiint125
                                  00008b28         2   func ,g         1
  _eiint126
                                  00008b2a         2   func ,g         1
  _eiint127
                                  00008b2c         2   func ,g         1
  _eiint128
                                  00008b2e         2   func ,g         1
  _eiint129
                                  00008b30         2   func ,g         1
  _eiint130
                                  00008b32         2   func ,g         1
  _eiint131
                                  00008b34         2   func ,g         1
  _eiint132
                                  00008b36         2   func ,g         1
  _eiint133
                                  00008b38         2   func ,g         1
  _eiint134
                                  00008b3a         2   func ,g         1
  _eiint135
                                  00008b3c         2   func ,g         1
  _eiint136
                                  00008b3e         2   func ,g         1
  _eiint137
                                  00008b40         2   func ,g         1
  _eiint138
                                  00008b42         2   func ,g         1
  _eiint139
                                  00008b44         2   func ,g         1
  _eiint140
                                  00008b46         2   func ,g         1
  _eiint141
                                  00008b48         2   func ,g         1
  _eiint142
                                  00008b4a        16   func ,g         0
  _eiint143
                                  00008b60         2   func ,g         0
  _eiint144
                                  00008b62         2   func ,g         1
  _eiint145
                                  00008b64         2   func ,g         1
  _eiint146
                                  00008b66         2   func ,g         1
  _eiint147
                                  00008b68         2   func ,g         1
  _eiint148
                                  00008b6a         2   func ,g         1
  _eiint149
                                  00008b6c         2   func ,g         1
  _eiint150
                                  00008b6e         2   func ,g         1
  _eiint151
                                  00008b70         2   func ,g         1
  _eiint152
                                  00008b72         2   func ,g         1
  _eiint153
                                  00008b74         2   func ,g         1
  _eiint154
                                  00008b76         2   func ,g         1
  _eiint155
                                  00008b78         2   func ,g         1
  _eiint156
                                  00008b7a         2   func ,g         1
  _eiint157
                                  00008b7c         2   func ,g         1
  _eiint158
                                  00008b7e         2   func ,g         1
  _eiint159
                                  00008b80         2   func ,g         1
  _eiint160
                                  00008b82         2   func ,g         1
  _eiint161
                                  00008b84         2   func ,g         1
  _eiint162
                                  00008b86         2   func ,g         1
  _eiint163
                                  00008b88         2   func ,g         1
  _eiint164
                                  00008b8a         2   func ,g         1
  _eiint165
                                  00008b8c         2   func ,g         1
  _eiint166
                                  00008b8e         2   func ,g         1
  _eiint167
                                  00008b90         2   func ,g         1
  _eiint168
                                  00008b92         2   func ,g         1
  _eiint169
                                  00008b94         2   func ,g         1
  _eiint170
                                  00008b96         2   func ,g         1
  _eiint171
                                  00008b98         2   func ,g         1
  _eiint172
                                  00008b9a         2   func ,g         1
  _eiint173
                                  00008b9c         2   func ,g         1
  _eiint174
                                  00008b9e         2   func ,g         1
  _eiint175
                                  00008ba0         2   func ,g         1
  _eiint176
                                  00008ba2         2   func ,g         1
  _eiint177
                                  00008ba4         2   func ,g         1
  _eiint178
                                  00008ba6         2   func ,g         1
  _eiint179
                                  00008ba8         2   func ,g         1
  _eiint180
                                  00008baa         2   func ,g         1
  _eiint181
                                  00008bac         2   func ,g         1
  _eiint182
                                  00008bae         2   func ,g         1
  _eiint183
                                  00008bb0         2   func ,g         1
  _eiint184
                                  00008bb2         2   func ,g         1
  _eiint185
                                  00008bb4         2   func ,g         1
  _eiint186
                                  00008bb6         2   func ,g         1
  _eiint187
                                  00008bb8         2   func ,g         1
  _eiint188
                                  00008bba         2   func ,g         1
  _eiint189
                                  00008bbc         2   func ,g         1
  _eiint190
                                  00008bbe         2   func ,g         1
  _eiint191
                                  00008bc0         2   func ,g         1
  _eiint192
                                  00008bc2         2   func ,g         1
  _eiint193
                                  00008bc4         2   func ,g         1
  _eiint194
                                  00008bc6         2   func ,g         1
  _eiint195
                                  00008bc8         2   func ,g         1
  _eiint196
                                  00008bca         2   func ,g         1
  _eiint197
                                  00008bcc         2   func ,g         1
  _eiint198
                                  00008bce         2   func ,g         1
  _eiint199
                                  00008bd0         2   func ,g         1
  _eiint200
                                  00008bd2         2   func ,g         1
  _eiint201
                                  00008bd4         2   func ,g         1
  _eiint202
                                  00008bd6         2   func ,g         1
  _eiint203
                                  00008bd8         2   func ,g         1
  _eiint204
                                  00008bda         2   func ,g         1
  _eiint205
                                  00008bdc         2   func ,g         1
  _eiint206
                                  00008bde         2   func ,g         1
  _eiint207
                                  00008be0         2   func ,g         1
  _eiint208
                                  00008be2         2   func ,g         1
  _eiint209
                                  00008be4         2   func ,g         1
  _eiint210
                                  00008be6         2   func ,g         1
  _eiint211
                                  00008be8         2   func ,g         1
  _eiint212
                                  00008bea         2   func ,g         1
  _eiint213
                                  00008bec         2   func ,g         1
  _eiint214
                                  00008bee         2   func ,g         1
  _eiint215
                                  00008bf0         2   func ,g         1
  _eiint216
                                  00008bf2         2   func ,g         1
  _eiint217
                                  00008bf4         2   func ,g         1
  _eiint218
                                  00008bf6         2   func ,g         1
  _eiint219
                                  00008bf8         2   func ,g         1
  _eiint220
                                  00008bfa         2   func ,g         1
  _eiint221
                                  00008bfc         2   func ,g         1
  _eiint222
                                  00008bfe         2   func ,g         1
  _eiint223
                                  00008c00         2   func ,g         1
  _eiint224
                                  00008c02         2   func ,g         1
  _eiint225
                                  00008c04         2   func ,g         1
  _eiint226
                                  00008c06         2   func ,g         1
  _eiint227
                                  00008c08         2   func ,g         1
  _eiint228
                                  00008c0a         2   func ,g         1
  _eiint229
                                  00008c0c         2   func ,g         1
  _eiint230
                                  00008c0e         2   func ,g         1
  _eiint231
                                  00008c10         2   func ,g         1
  _eiint232
                                  00008c12         2   func ,g         1
  _eiint233
                                  00008c14         2   func ,g         1
  _eiint234
                                  00008c16         2   func ,g         1
  _eiint235
                                  00008c18         2   func ,g         1
  _eiint236
                                  00008c1a         2   func ,g         1
  _eiint237
                                  00008c1c         2   func ,g         1
  _eiint238
                                  00008c1e         2   func ,g         1
  _eiint239
                                  00008c20         2   func ,g         1
  _eiint240
                                  00008c22         2   func ,g         1
  _eiint241
                                  00008c24         2   func ,g         1
  _eiint242
                                  00008c26         2   func ,g         1
  _eiint243
                                  00008c28         2   func ,g         1
  _eiint244
                                  00008c2a         2   func ,g         1
  _eiint245
                                  00008c2c         2   func ,g         1
  _eiint246
                                  00008c2e         2   func ,g         1
  _eiint247
                                  00008c30         2   func ,g         1
  _eiint248
                                  00008c32         2   func ,g         1
  _eiint249
                                  00008c34         2   func ,g         1
  _eiint250
                                  00008c36         2   func ,g         1
  _eiint251
                                  00008c38         2   func ,g         1
  _eiint252
                                  00008c3a         2   func ,g         1
  _eiint253
                                  00008c3c         2   func ,g         1
  _eiint254
                                  00008c3e         2   func ,g         1
  _eiint255
                                  00008c40         2   func ,g         1
  _eiint256
                                  00008c42         2   func ,g         1
  _eiint257
                                  00008c44         2   func ,g         1
  _eiint258
                                  00008c46         2   func ,g         1
  _eiint259
                                  00008c48         2   func ,g         1
  _eiint260
                                  00008c4a         2   func ,g         1
  _eiint261
                                  00008c4c         2   func ,g         1
  _eiint262
                                  00008c4e         2   func ,g         1
  _eiint263
                                  00008c50         2   func ,g         1
  _eiint264
                                  00008c52         2   func ,g         1
  _eiint265
                                  00008c54         2   func ,g         1
  _eiint266
                                  00008c56         2   func ,g         1
  _eiint267
                                  00008c58         2   func ,g         1
  _eiint268
                                  00008c5a         2   func ,g         1
  _eiint269
                                  00008c5c         2   func ,g         1
  _eiint270
                                  00008c5e         2   func ,g         1
  _eiint271
                                  00008c60         2   func ,g         1
  _eiint272
                                  00008c62         2   func ,g         1
  _eiint273
                                  00008c64         2   func ,g         1
  _eiint274
                                  00008c66         2   func ,g         1
  _eiint275
                                  00008c68         2   func ,g         1
  _eiint276
                                  00008c6a         2   func ,g         1
  _eiint277
                                  00008c6c         2   func ,g         1
  _eiint278
                                  00008c6e         2   func ,g         1
  _eiint279
                                  00008c70         2   func ,g         1
  _eiint280
                                  00008c72         2   func ,g         1
  _eiint281
                                  00008c74         2   func ,g         1
  _eiint282
                                  00008c76         2   func ,g         1
  _eiint283
                                  00008c78         2   func ,g         1
  _eiint284
                                  00008c7a         2   func ,g         1
  _eiint285
                                  00008c7c         2   func ,g         1
  _eiint286
                                  00008c7e         2   func ,g         1
  _eiint287
                                  00008c80         2   func ,g         1
  _eiint288
                                  00008c82         2   func ,g         1
  _eiint289
                                  00008c84         2   func ,g         1
  _eiint290
                                  00008c86         2   func ,g         1
  _eiint291
                                  00008c88         2   func ,g         1
  _eiint292
                                  00008c8a         2   func ,g         1
  _eiint293
                                  00008c8c         2   func ,g         1
  _eiint294
                                  00008c8e         2   func ,g         1
  _eiint295
                                  00008c90         2   func ,g         1
  _eiint296
                                  00008c92         2   func ,g         1
  _eiint297
                                  00008c94         2   func ,g         1
  _eiint298
                                  00008c96         2   func ,g         1
  _eiint299
                                  00008c98         2   func ,g         1
  _eiint300
                                  00008c9a         2   func ,g         1
  _eiint301
                                  00008c9c         2   func ,g         1
  _eiint302
                                  00008c9e         2   func ,g         1
  _eiint303
                                  00008ca0         2   func ,g         1
  _eiint304
                                  00008ca2         2   func ,g         1
  _eiint305
                                  00008ca4         2   func ,g         1
  _eiint306
                                  00008ca6         2   func ,g         1
  _eiint307
                                  00008ca8         2   func ,g         1
  _eiint308
                                  00008caa         2   func ,g         1
  _eiint309
                                  00008cac         2   func ,g         1
  _eiint310
                                  00008cae         2   func ,g         1
  _eiint311
                                  00008cb0         2   func ,g         1
  _eiint312
                                  00008cb2         2   func ,g         1
  _eiint313
                                  00008cb4         2   func ,g         1
  _eiint314
                                  00008cb6         2   func ,g         1
  _eiint315
                                  00008cb8         2   func ,g         1
  _eiint316
                                  00008cba         2   func ,g         1
  _eiint317
                                  00008cbc         2   func ,g         1
  _eiint318
                                  00008cbe         2   func ,g         1
  _eiint319
                                  00008cc0         2   func ,g         1
  _eiint320
                                  00008cc2         2   func ,g         1
  _eiint321
                                  00008cc4         2   func ,g         1
  _eiint322
                                  00008cc6         2   func ,g         1
  _eiint323
                                  00008cc8         2   func ,g         1
  _eiint324
                                  00008cca         2   func ,g         1
  _eiint325
                                  00008ccc         2   func ,g         1
  _eiint326
                                  00008cce         2   func ,g         1
  _eiint327
                                  00008cd0         2   func ,g         1
  _eiint328
                                  00008cd2         2   func ,g         1
  _eiint329
                                  00008cd4         2   func ,g         1
  _eiint330
                                  00008cd6         2   func ,g         1
  _eiint331
                                  00008cd8         2   func ,g         1
  _eiint332
                                  00008cda         2   func ,g         1
  _eiint333
                                  00008cdc         2   func ,g         1
  _eiint334
                                  00008cde         2   func ,g         1
  _eiint335
                                  00008ce0         2   func ,g         1
  _eiint336
                                  00008ce2         2   func ,g         1
  _eiint337
                                  00008ce4         2   func ,g         1
  _eiint338
                                  00008ce6         2   func ,g         1
  _eiint339
                                  00008ce8         2   func ,g         1
  _eiint340
                                  00008cea         2   func ,g         1
  _eiint341
                                  00008cec         2   func ,g         1
  _eiint342
                                  00008cee         2   func ,g         1
  _eiint343
                                  00008cf0         2   func ,g         1
  _eiint344
                                  00008cf2         2   func ,g         1
  _eiint345
                                  00008cf4         2   func ,g         1
  _eiint346
                                  00008cf6         2   func ,g         1
  _eiint347
                                  00008cf8         2   func ,g         1
  _eiint348
                                  00008cfa         2   func ,g         1
  _eiint349
                                  00008cfc         2   func ,g         1
  _eiint350
                                  00008cfe         2   func ,g         1
  _eiint351
                                  00008d00         2   func ,g         1
  _eiint352
                                  00008d02         2   func ,g         1
  _eiint353
                                  00008d04         2   func ,g         1
  _eiint354
                                  00008d06         2   func ,g         1
  _eiint355
                                  00008d08         2   func ,g         1
  _eiint356
                                  00008d0a         2   func ,g         1
  _eiint357
                                  00008d0c         2   func ,g         1
FILE=DefaultBuild\Config_ADC.obj
                                  00008d0e  00008f37       22a
  _R_Config_ADCA0_Create
                                  00008d0e       162   func ,g         1
  _R_Config_ADCA0_Halt
                                  00008e70        18   func ,g         0
  _R_Config_ADCA0_SelfDiagnostic_VoltageCircuitOn
                                  00008e88        12   func ,g         0
  _R_Config_ADCA0_SelfDiagnostic_VoltageCircuitOff
                                  00008e9a        14   func ,g         0
  _R_Config_ADCA0_ScanGroup1_OperationOn
                                  00008eae         a   func ,g         1
  _R_Config_ADCA0_ScanGroup1_OperationOff
                                  00008eb8         a   func ,g         1
  _R_Config_ADCA0_ScanGroup1_GetResult
                                  00008ec2        76   func ,g         0
FILE=DefaultBuild\Config_PWM.obj
                                  00008f38  00009191       25a
  _Update_PWM_Duty
                                  00008f38        1a   func ,g         2
  _PWM_Calculate_Timer_Count
                                  00008f52        2c   func ,g         1
  _PWM_Init_TAUD0
                                  00008f7e       142   func ,g         1
  _PWM_INLI
                                  000090c0        18   func ,g         1
  _PWM_PIC0_Init
                                  000090d8        48   func ,g         1
  _PWM_START
                                  00009120        18   func ,g         2
  _PWM_STOP
                                  00009138        5a   func ,g         1
FILE=DefaultBuild\Config_PORT.obj
                                  00009192  00009853       6c2
  _PWM_R_Pins_Create
                                  00009192       2d6   func ,g         1
  _R_Config_PORT_Create
                                  00009468       356   func ,g         1
  _Config_CAN_PORT
                                  000097be        96   func ,g         1
FILE=DefaultBuild\Config_OSTM.obj
                                  00009854  0000994f        fc
  _R_Config_OSTM0_Create
                                  00009854        30   func ,g         1
  _R_Config_OSTM0_Start
                                  00009884        12   func ,g         1
  _R_Config_OSTM0_Stop
                                  00009896        12   func ,g         0
  _R_Config_OSTM0_Set_CompareValue
                                  000098a8         8   func ,g         0
  _r_Config_OSTM0_interrupt
                                  000098b0        a0   func ,g         1
FILE=DefaultBuild\Config_TAUB0_0.obj
                                  00009950  00009a95       146
  _R_Config_TAUB0_0_Create
                                  00009950        52   func ,g         1
  _R_Config_TAUB0_0_Start
                                  000099a2        1a   func ,g         1
  _R_Config_TAUB0_0_Stop
                                  000099bc        1a   func ,g         0
  _r_Config_TAUB0_0_interrupt
                                  000099d6        c0   func ,g         1
FILE=DefaultBuild\Config_TAUB0_1.obj
                                  00009a96  00009b9f       10a
  _R_Config_TAUB0_1_Create
                                  00009a96        9a   func ,g         1
  _R_Config_TAUB0_1_Start
                                  00009b30        1a   func ,g         1
  _R_Config_TAUB0_1_Stop
                                  00009b4a        1a   func ,g         0
  _r_Config_TAUB0_1_interrupt
                                  00009b64        3c   func ,g         1
FILE=DefaultBuild\Config_CAN.obj
                                  00009ba0  00009d19       17a
  _R_RSCAN0_Init
                                  00009ba0       16a   func ,g         1
  _R_CAN_Init
                                  00009d0a        10   func ,g         1
FILE=DefaultBuild\CAN.obj
                                  00009d1a  0000a039       320
  _can0_tx
                                  00009d1a        9a   func ,g         7
  _can0_rx
                                  00009db4        f6   func ,g         1
  _CAN_Rx_FIFO_ISR
                                  00009eaa       108   func ,g         1
  _CAN0_Tx_ISR
                                  00009fb2        88   func ,g         1
FILE=DefaultBuild\Config_WDT.obj
                                  0000a03a  0000a0b7        7e
  _R_Config_WDT0_Create
                                  0000a03a        36   func ,g         0
  _R_Config_WDT0_Restart
                                  0000a070         c   func ,g         1
  _r_Config_WDT0_interrupt
                                  0000a07c        3c   func ,g         1
FILE=DefaultBuild\ADC_Result.obj
                                  0000a0b8  0000aa9b       9e4
  _Current_Read
                                  0000a0b8       9e4   func ,g         1
FILE=DefaultBuild\Trapezoidal_Mode.obj
                                  0000aa9c  0000afbb       520
  _Sector_Estimation
                                  0000aa9c       1a6   func ,g         1
  _Deg_Estimation
                                  0000ac42        ae   func ,g         1
  _Speed_Estimation
                                  0000acf0       17c   func ,g         1
  _Ele_Deg_Estimation
                                  0000ae6c        8a   func ,g         1
  _Trapezoidal_Patern
                                  0000aef6        a6   func ,g         1
  _Trapezoidal_MODE
                                  0000af9c        20   func ,g         0
FILE=DefaultBuild\Fault_Analysis.obj
                                  0000afbc  0000bb0d       b52
  _Sensor_Health_Check
                                  0000afbc       146   func ,g         1
  _Sensor_Run_Time_Moni
                                  0000b102       1d8   func ,g         1
  _Hardware_Fault_Moni
                                  0000b2da        58   func ,g         1
  _Software_Fault_Monitor
                                  0000b332       168   func ,g         1
  _Stall_Protection
                                  0000b49a        b6   func ,g         1
  _Motor_Protection
                                  0000b550       5be   func ,g         1
FILE=DefaultBuild\Register_Interface.obj
                                  0000bb0e  0000bb11         4
  _Pin_State
                                  0000bb0e         4   func ,g         0
FILE=DefaultBuild\Motor_Control.obj
                                  0000bb12  0000c2d1       7c0
  _Motor_Run_Mode_Select
                                  0000bb12       5ca   func ,g         1
  _Power_Calculation
                                  0000c0dc        1e   func ,g         1
  _DC_I_PI
                                  0000c0fa        ee   func ,g         2
  _Speed_PI
                                  0000c1e8        ea   func ,g         1
FILE=DefaultBuild\Sinusoidal_Mode.obj
                                  0000c2d2  0000cd79       aa8
  _Sinusoidal_MODE
                                  0000c2d2       6d8   func ,g         2
  _Angle_Conversion
                                  0000c9aa        56   func ,g         1
  _Clark_Transfer
                                  0000ca00        5c   func ,g         1
  _Park_Transfer
                                  0000ca5c        5a   func ,g         1
  _Flux_PI
                                  0000cab6       164   func ,g         1
  _Torque_PI
                                  0000cc1a       160   func ,g         1
FILE=DefaultBuild\Digital_Input_Read.obj
                                  0000cd7a  0000d23b       4c2
  _Hall_Read
                                  0000cd7a       370   func ,g         1
  _PS_Sign_Read
                                  0000d0ea        16   func ,g         0
  _HW_FLT_Sign_Read
                                  0000d100        2a   func ,g         1
  _Vehical_Input
                                  0000d12a       112   func ,g         1
FILE=DefaultBuild\Temperature_Cal.obj
                                  0000d23c  0000d451       216
  _Temp_Cal
                                  0000d23c       216   func ,g         1
FILE=DefaultBuild\CAN_TX.obj
                                  0000d452  0000d85b       40a
  _CAN_TX
                                  0000d452        b0   func ,g         1
  _trans_606
                                  0000d502        60   func ,g         1
  _trans_607
                                  0000d562        60   func ,g         1
  _trans_608
                                  0000d5c2        6e   func ,g         1
  _trans_609
                                  0000d630       112   func ,g         1
  _trans_611
                                  0000d742        6e   func ,g         1
  _trans_614
                                  0000d7b0        52   func ,g         1
  _trans_615
                                  0000d802        5a   func ,g         1
FILE=initsct_rh
                                  0000d85c  0000d90b        b0
  __INITSCT_RH
                                  0000d85c         0   none ,g         1
FILE=logd
                                  0000d90c  0000d90f         4
  _log
                                  0000d90c         4   func ,g         4
FILE=sqrtd
                                  0000d910  0000d913         4
  _sqrt
                                  0000d910         4   func ,g         5
FILE=logf
                                  0000d914  0000db4d       23a
  _logf
                                  0000d914         0   none ,g         1
  _poly_logf.1
                                  0000dab8         0   none ,l         2
FILE=sqrtf
                                  0000db4e  0000db85        38
  _sqrtf
                                  0000db4e         0   none ,g         1
FILE=com7d
                                  0000db86  0000db8d         8
  __REL_errno
                                  0000db86         0   none ,g         7
FILE=_wrap_matherrf
                                  0000db8e  0000dbab        1e
  .wrap_matherrf
                                  0000db8e         0   none ,g         1
FILE=frexpf
                                  0000dbac  0000dc39        8e
  _frexpf
                                  0000dbac         0   none ,g         1
FILE=logfspecial
                                  0000dc3a  0000dc69        30
  __REL_logf_special
                                  0000dc3a         0   none ,g         1
FILE=nanf
                                  0000dc6a  0000dc6f         6
  __REL_nanf_value
                                  0000dc6a         0   none ,g         3
FILE=neginff
                                  0000dc70  0000dc75         6
  __REL_neginff_value
                                  0000dc70         0   none ,g         1
FILE=posinff
                                  0000dc76  0000dc7b         6
  __REL_posinff_value
                                  0000dc76         0   none ,g         1

SECTION=.data
FILE=DefaultBuild\main.obj
                                  0000dc7c  0000dc83         8
FILE=DefaultBuild\Config_PWM.obj
                                  0000dc84  0000dc87         4
FILE=DefaultBuild\Config_TAUB0_0.obj
                                  0000dc88  0000dc89         2
FILE=DefaultBuild\Config_CAN.obj
                                  0000dc8c  0000dc8f         4
FILE=DefaultBuild\CAN.obj
                                  0000dc90  0000dca3        14
FILE=DefaultBuild\ADC_Result.obj
                                  0000dca4  0000dda5       102
FILE=DefaultBuild\Trapezoidal_Mode.obj
                                  0000dda8  0000dde1        3a
FILE=DefaultBuild\Fault_Analysis.obj
                                  0000dde4  0000de6b        88
FILE=DefaultBuild\Motor_Control.obj
                                  0000de6c  0000df09        9e
FILE=DefaultBuild\Sinusoidal_Mode.obj
                                  0000df0c  0000dfe1        d6
FILE=DefaultBuild\Digital_Input_Read.obj
                                  0000dfe4  0000e019        36
FILE=DefaultBuild\Temperature_Cal.obj
                                  0000e01c  0000e03f        24

SECTION=.data.R
FILE=DefaultBuild\main.obj
                                  fede8000  fede8007         8
  _test123
                                  fede8000         4   data ,g         2
  _test567
                                  fede8004         4   data ,g         2
FILE=DefaultBuild\Config_PWM.obj
                                  fede8008  fede800b         4
  _Timer_Count
                                  fede8008         4   data ,g         4
FILE=DefaultBuild\Config_TAUB0_0.obj
                                  fede800c  fede800d         2
  _taub0_0_CNT
                                  fede800c         2   data ,g        14
FILE=DefaultBuild\Config_CAN.obj
                                  fede8010  fede8013         4
  _i
                                  fede8010         4   data ,g         8
FILE=DefaultBuild\CAN.obj
                                  fede8014  fede8027        14
  _rx_flag
                                  fede8014         1   data ,g         2
  _error_flag
                                  fede8015         1   data ,g         0
  _RX_Fifo_empty
                                  fede8016         1   data ,g         2
  _RX_fifo_full
                                  fede8018         4   data ,g         2
  _RX_Fifo_msg_lost
                                  fede801c         4   data ,g         0
  _rx_cnt
                                  fede8020         1   data ,g         3
  _rx_msg_ID_Test
                                  fede8024         4   data ,g         4
FILE=DefaultBuild\ADC_Result.obj
                                  fede8028  fede8129       102
  _mon_5V_Cnt
                                  fede8028         2   data ,g         2
  _mon_5V
                                  fede802a         2   data ,g         4
  _mon_A_5V_Cnt
                                  fede802c         2   data ,g         2
  _mon_A_5V
                                  fede802e         2   data ,g         4
  _ac_R_Ph_I_Cnt
                                  fede8030         2   data ,g         9
  _ac_Y_Ph_I_Cnt
                                  fede8032         2   data ,g         7
  _ac_B_Ph_I_Cnt
                                  fede8034         2   data ,g         5
  _ac_R_Ph_I
                                  fede8036         2   data ,g         d
  _ac_Y_Ph_I
                                  fede8038         2   data ,g         e
  _ac_B_Ph_I
                                  fede803a         2   data ,g         e
  _ac_R_Ph_V_Cnt
                                  fede803c         2   data ,g         2
  _ac_Y_Ph_V_Cnt
                                  fede803e         2   data ,g         2
  _ac_B_Ph_V_Cnt
                                  fede8040         2   data ,g         2
  _ac_R_Ph_V
                                  fede8042         2   data ,g         2
  _ac_Y_Ph_V
                                  fede8044         2   data ,g         2
  _ac_B_Ph_V
                                  fede8046         2   data ,g         2
  _dc_Bus_I_Cnt
                                  fede8048         2   data ,g         2
  _dc_Bus_V_Cnt
                                  fede804a         2   data ,g         2
  _dc_Bus_I
                                  fede804c         2   data ,g         7
  _dc_Bus_I_DF
                                  fede804e         2   data ,g         3
  _dc_Bus_V
                                  fede8050         2   data ,g         3
  _dcVolt_ACT_SUM
                                  fede8052         2   data ,g         7
  _dc_Volt_CAL_CNT
                                  fede8054         1   data ,g         5
  _dcVolt_ACT_Cnt
                                  fede8055         1   data ,g         2
  _dcVolt_ACT
                                  fede8056         2   data ,g         d
  _adj_dcV
                                  fede8058         4   data ,g         2
  _motor_Temp_V_Cnt
                                  fede805c         2   data ,g         0
  _motor_Temp_V
                                  fede805e         2   data ,g         2
  _inv_R_Ph_Temp_V_Cnt
                                  fede8060         2   data ,g         4
  _inv_Y_Ph_Temp_V_Cnt
                                  fede8062         2   data ,g         4
  _inv_B_Ph_Temp_V_Cnt
                                  fede8064         2   data ,g         4
  _inv_R_Ph_Temp_V
                                  fede8066         2   data ,g         6
  _inv_Y_Ph_Temp_V
                                  fede8068         2   data ,g         6
  _inv_B_Ph_Temp_V
                                  fede806a         2   data ,g         6
  _tps1_Cnt
                                  fede806c         2   data ,g         0
  _tps2_Cnt
                                  fede806e         2   data ,g         2
  _tps1_V_Cnt
                                  fede8070         2   data ,g         0
  _tps2_V_Cnt
                                  fede8072         2   data ,g         e
  _df_Cof_AC_I
                                  fede8074         4   data ,g         4
  _per_AC_R_Ph_I_DF
                                  fede8078         2   data ,g         8
  _per_AC_Y_Ph_I_DF
                                  fede807a         2   data ,g         8
  _per_AC_B_Ph_I_DF
                                  fede807c         2   data ,g         8
  _aPH_I_cal_flg
                                  fede807e         1   data ,g         8
  _bPH_I_cal_flg
                                  fede807f         1   data ,g         8
  _cPH_I_cal_flg
                                  fede8080         1   data ,g         8
  _aPH_I_SUM
                                  fede8084         4   data ,g         6
  _bPH_I_SUM
                                  fede8088         4   data ,g         6
  _cPH_I_SUM
                                  fede808c         4   data ,g         6
  _aPH_I_SUM_Cnt
                                  fede8090         2   data ,g         6
  _bPH_I_SUM_Cnt
                                  fede8092         2   data ,g         6
  _cPH_I_SUM_Cnt
                                  fede8094         2   data ,g         6
  _aPH_I_TAKE
                                  fede8098         4   data ,g         2
  _bPH_I_TAKE
                                  fede809c         4   data ,g         2
  _cPH_I_TAKE
                                  fede80a0         4   data ,g         2
  _aPH_I_ACT_TAKE
                                  fede80a4         2   data ,g         7
  _bPH_I_ACT_TAKE
                                  fede80a6         2   data ,g         7
  _cPH_I_ACT_TAKE
                                  fede80a8         2   data ,g         7
  _aPH_I_ACT_RMS_CAN_Sum
                                  fede80aa         2   data ,g         8
  _bPH_I_ACT_RMS_CAN_Sum
                                  fede80ac         2   data ,g         8
  _cPH_I_ACT_RMS_CAN_Sum
                                  fede80ae         2   data ,g         8
  _aPH_I_ACT_RMS_CAN_AVG_Cnt
                                  fede80b0         1   data ,g         6
  _bPH_I_ACT_RMS_CAN_AVG_Cnt
                                  fede80b1         1   data ,g         6
  _cPH_I_ACT_RMS_CAN_AVG_Cnt
                                  fede80b2         1   data ,g         6
  _aPH_I_ACT_RMS_CAN
                                  fede80b4         2   data ,g         7
  _bPH_I_ACT_RMS_CAN
                                  fede80b6         2   data ,g         7
  _cPH_I_ACT_RMS_CAN
                                  fede80b8         2   data ,g         7
  _aPH_I_ACT_RMS
                                  fede80ba         2   data ,g         8
  _bPH_I_ACT_RMS
                                  fede80bc         2   data ,g         8
  _cPH_I_ACT_RMS
                                  fede80be         2   data ,g         8
  _ph_I_CAL_Rest_Cnt
                                  fede80c0         2   data ,g         b
  _aPH_I_MF
                                  fede80c4         4   data ,g         4
  _bPH_I_MF
                                  fede80c8         4   data ,g         4
  _cPH_I_MF
                                  fede80cc         4   data ,g         4
  _df_Cof_AC_V
                                  fede80d0         4   data ,g         4
  _per_AC_R_Ph_V_DF
                                  fede80d4         2   data ,g         3
  _per_AC_Y_Ph_V_DF
                                  fede80d6         2   data ,g         3
  _per_AC_B_Ph_V_DF
                                  fede80d8         2   data ,g         3
  _df_Cof_DC_I
                                  fede80dc         4   data ,g         2
  _df_Cof_DC_I_Avg
                                  fede80e0         4   data ,g         2
  _per_DC_Bus_I_DF
                                  fede80e4         2   data ,g         3
  _dc_I_SUM
                                  fede80e8         4   data ,g         6
  _dc_I_Cal_CNT
                                  fede80ec         1   data ,g         5
  _dc_I_AVG
                                  fede80ee         2   data ,g         2
  _dc_I_RMS
                                  fede80f0         2   data ,g        12
  _dc_I_MF
                                  fede80f4         4   data ,g         2
  _df_Cof_DC_V
                                  fede80f8         4   data ,g         2
  _per_DC_Bus_V_DF
                                  fede80fc         2   data ,g         3
  _df_Cof_TPS
                                  fede8100         4   data ,g         2
  _per_TPS1_V_DF
                                  fede8104         2   data ,g         0
  _per_TPS2_V_DF
                                  fede8106         2   data ,g         3
  _df_Cof_MOT_Temp
                                  fede8108         4   data ,g         0
  _per_Motor_Temp_V_DF
                                  fede810c         2   data ,g         0
  _df_Cof_INV_Temp
                                  fede8110         4   data ,g         4
  _per_Inv_R_Ph_Temp_V_DF
                                  fede8114         2   data ,g         3
  _per_Inv_Y_Ph_Temp_V_DF
                                  fede8116         2   data ,g         3
  _per_Inv_B_Ph_Temp_V_DF
                                  fede8118         2   data ,g         3
  _df_Cof_PS
                                  fede811c         4   data ,g         3
  _per_Mon_5V_DF
                                  fede8120         4   data ,g         3
  _per_Mon_A_5V_DF
                                  fede8124         4   data ,g         3
  _dc_Bus_I_act
                                  fede8128         2   data ,g         2
FILE=DefaultBuild\Trapezoidal_Mode.obj
                                  fede812c  fede8165        3a
  _tpz_Duty
                                  fede812c         2   data ,g         0
  _sector
                                  fede812e         1   data ,g        23
  _mode_SW
                                  fede812f         1   data ,g         0
  _forward_REV_SW
                                  fede8130         1   data ,g         0
  _cruise_Cont_SW
                                  fede8131         1   data ,g         0
  _park_SW
                                  fede8132         1   data ,g         0
  _rear_Break_SW
                                  fede8133         1   data ,g         0
  _front_Break_SW
                                  fede8134         1   data ,g         0
  _side_Stand_SW
                                  fede8135         1   data ,g         0
  _kill_SW
                                  fede8136         1   data ,g         0
  _anti_Theft_Lock_Cont_SW
                                  fede8137         1   data ,g         0
  _gate_Deriver_Cond
                                  fede8138         1   data ,g         0
  _sect_Deg
                                  fede813a         2   data ,g        15
  _sys_ON_State
                                  fede813c         1   data ,g         8
  _sector_Read
                                  fede813d         1   data ,g         a
  _pre_Sector_For
                                  fede813e         1   data ,g         4
  _pre_Sector_Rev
                                  fede813f         1   data ,g         6
  _freq_Adj
                                  fede8140         4   data ,g         2
  _speed_Counter
                                  fede8144         2   data ,g         c
  _speed_Esti_Counter
                                  fede8146         2   data ,g         3
  _prev_sect
                                  fede8148         1   data ,g         8
  _freq
                                  fede814a         2   data ,g         4
  _freq_Add
                                  fede814c         2   data ,g         7
  _freq_Sum
                                  fede8150         4   data ,g         6
  _freq_Sum_Cnt
                                  fede8154         1   data ,g         6
  _speed_RPM
                                  fede8156         2   data ,g        27
  _delta_Theta
                                  fede8158         4   data ,g         6
  _delta_Theta_cnt
                                  fede815c         4   data ,g         8
  _ele_Theta
                                  fede8160         2   data ,g         c
  _no_of_Pole_pair
                                  fede8162         1   data ,g         2
  _mot_Forward
                                  fede8163         1   data ,g         0
  _reset_Speed
                                  fede8164         1   data ,g         2
  _integral_Ramp_Delay
                                  fede8165         1   data ,g         0
FILE=DefaultBuild\Fault_Analysis.obj
                                  fede8168  fede81ef        88
  _ac_I_R_Sens_HLTH_FLT
                                  fede8168         1   data ,g         5
  _ac_I_Y_Sens_HLTH_FLT
                                  fede8169         1   data ,g         6
  _ac_I_B_Sens_HLTH_FLT
                                  fede816a         1   data ,g         6
  _dc_I_Sens_HLTH_FLT
                                  fede816b         1   data ,g         6
  _ac_V_R_Sens_HLTH_FLT
                                  fede816c         1   data ,g         2
  _ac_V_Y_Sens_HLTH_FLT
                                  fede816d         1   data ,g         2
  _ac_V_B_Sens_HLTH_FLT
                                  fede816e         1   data ,g         2
  _dc_V_Sens_HLTH_FLT
                                  fede816f         1   data ,g         2
  _tps1_Sens_HLTH_FLT
                                  fede8170         1   data ,g         4
  _tps2_Sens_HLTH_FLT
                                  fede8171         1   data ,g         6
  _mot_NTC_Sens_HLTH_FLT
                                  fede8172         1   data ,g         6
  _inv_R_Ph_Temp_Sens_HLTH_FLT
                                  fede8173         1   data ,g         8
  _inv_Y_Ph_Temp_Sens_HLTH_FLT
                                  fede8174         1   data ,g         8
  _inv_B_Ph_Temp_Sens_HLTH_FLT
                                  fede8175         1   data ,g         8
  _cur_Sens_HLTH_FLT
                                  fede8176         1   data ,g         4
  _volt_Sens_HLTH_FLT
                                  fede8177         1   data ,g         4
  _temp_Sens_HLTH_FLT
                                  fede8178         1   data ,g         4
  _sens_HLTH_FLT
                                  fede8179         1   data ,g         6
  _hall_Sens_FLT
                                  fede817a         1   data ,g         8
  _pGood_15V_FLT
                                  fede817b         1   data ,g         0
  _pGood_5V_FLT
                                  fede817c         1   data ,g         4
  _pGood_A_5V_FLT
                                  fede817d         1   data ,g         4
  _tps_Sens_HLTH_FLT
                                  fede817e         1   data ,g         6
  _ps_Sens_HLTH_FLT
                                  fede817f         1   data ,g         4
  _run_Time_Fault
                                  fede8180         1   data ,g         6
  _hall_Debouns_Cnt
                                  fede8181         1   data ,g         5
  _sht_FLT
                                  fede8182         1   data ,g         6
  _ocp_FLT
                                  fede8183         1   data ,g         6
  _hrd_FLT
                                  fede8184         1   data ,g         4
  _dc_BUS_SC_FLT
                                  fede8185         1   data ,g         8
  _mot_R_Phase_SC_FLT
                                  fede8186         1   data ,g         8
  _mot_Y_Phase_SC_FLT
                                  fede8187         1   data ,g         8
  _mot_B_Phase_SC_FLT
                                  fede8188         1   data ,g         8
  _mot_Phase_SC_FLT
                                  fede8189         1   data ,g         4
  _mot_Stall_FLT
                                  fede818a         1   data ,g         0
  _mot_OT_FLT
                                  fede818b         1   data ,g         0
  _inv_OT_FLT
                                  fede818c         1   data ,g         0
  _soft_SC_FLT
                                  fede818d         1   data ,g         6
  _soft_Flt_Clr_Cnt
                                  fede818e         1   data ,g         9
  _dc_I_SC_Cnt
                                  fede818f         1   data ,g         5
  _ac_R_PH_SC_Cnt
                                  fede8190         1   data ,g         7
  _ac_Y_PH_SC_Cnt
                                  fede8191         1   data ,g         7
  _ac_B_PH_SC_Cnt
                                  fede8192         1   data ,g         7
  _inv_R_Ph_V_Sens_FLT
                                  fede8193         1   data ,g         0
  _inv_Y_Ph_V_Sens_FLT
                                  fede8194         1   data ,g         0
  _inv_B_Ph_V_Sens_FLT
                                  fede8195         1   data ,g         0
  _dc_BUS_V_Sens_FLT
                                  fede8196         1   data ,g         0
  _inv_R_Ph_I_Sens_FLT
                                  fede8197         1   data ,g         0
  _inv_Y_Ph_I_Sens_FLT
                                  fede8198         1   data ,g         0
  _inv_B_Ph_I_Sens_FLT
                                  fede8199         1   data ,g         0
  _dc_BUS_I_Sens_FLT
                                  fede819a         1   data ,g         0
  _tps1_V_Sens_FLT
                                  fede819b         1   data ,g         0
  _tps2_V_Sens_FLT
                                  fede819c         1   data ,g         0
  _inv_R_Ph_Temp_Sens_FLT
                                  fede819d         1   data ,g         0
  _inv_Y_Ph_Temp_Sens_FLT
                                  fede819e         1   data ,g         0
  _inv_B_Ph_Temp_Sens_FLT
                                  fede819f         1   data ,g         0
  _mot_Temp_Sens_FLT
                                  fede81a0         1   data ,g         0
  _stall_Prot_Cnt
                                  fede81a2         2   data ,g         6
  _stall_Prot_FLT
                                  fede81a4         1   data ,g         6
  _soft_FLT
                                  fede81a5         1   data ,g         8
  _MOT_TEMP_MAX_LIMIT
                                  fede81a6         2   data ,g         0
  _dc_I_RMS_Cnt
                                  fede81a8         1   data ,g         7
  _torqe_Zero_FLG
                                  fede81a9         1   data ,g         0
  _rest_ON
                                  fede81aa         1   data ,g         0
  _rst_ON_UV
                                  fede81ab         1   data ,g         2
  _rst_ON_OV
                                  fede81ac         1   data ,g         0
  _auto_FLT_CLR_Delay
                                  fede81ae         2   data ,g         b
  _flt_CLR_OV_Time
                                  fede81b0         1   data ,g        12
  _man_FLT_CLRed
                                  fede81b1         1   data ,g         4
  _flg_rest
                                  fede81b2         1   data ,g         b
  _fault_OCCUR
                                  fede81b3         1   data ,g         a
  _flt_CLR
                                  fede81b4         1   data ,g         8
  _auto_FLT_CLR
                                  fede81b5         1   data ,g        1a
  _vq_Zero
                                  fede81b6         1   data ,g         0
  _sens_HLTH_FLT_CLR
                                  fede81b7         1   data ,g         0
  _other_FLT
                                  fede81b8         1   data ,g         4
  _volt_FLT_CLR
                                  fede81b9         1   data ,g         6
  _volt_RST_FLT_ON
                                  fede81ba         1   data ,g         4
  _dc_OV_Volt_FLT
                                  fede81bb         1   data ,g         a
  _dc_UV_Volt_FLT
                                  fede81bc         1   data ,g         a
  _dc_OC_FLT
                                  fede81bd         1   data ,g         c
  _ph_I_OC_FLT
                                  fede81be         1   data ,g         c
  _over_SPEED_FLT
                                  fede81bf         1   data ,g         a
  _over_MOT_TEMP_FLT
                                  fede81c0         1   data ,g         8
  _over_INV_TEMP_FLT
                                  fede81c1         1   data ,g         b
  _dcVolt_ACT_Trip_Value
                                  fede81c2         2   data ,g         4
  _dc_I_RMS_Trip_Value
                                  fede81c4         2   data ,g         2
  _ac_R_OC_Trip_Value
                                  fede81c6         2   data ,g         2
  _ac_Y_OC_Trip_Value
                                  fede81c8         2   data ,g         2
  _ac_B_OC_Trip_Value
                                  fede81ca         2   data ,g         2
  _over_Speed_Trip_Value
                                  fede81cc         2   data ,g         2
  _dc_I_RMS_value
                                  fede81ce         2   data ,g         0
  _aPH_I_ACT_RMS_Value
                                  fede81d0         2   data ,g         0
  _bPH_I_ACT_RMS_Value
                                  fede81d2         2   data ,g         0
  _cPH_I_ACT_RMS_Value
                                  fede81d4         2   data ,g         0
  _tps
                                  fede81d6         2   data ,g         0
  _V5_Value1
                                  fede81d8         2   data ,g         0
  _dc_SC_Value
                                  fede81da         2   data ,g         0
  _r_SC_Value
                                  fede81dc         2   data ,g         0
  _y_SC_Value
                                  fede81de         2   data ,g         0
  _b_SC_Value
                                  fede81e0         2   data ,g         0
  _cnnt_Value
                                  fede81e2         1   data ,g         2
  _speed_Vae
                                  fede81e4         2   data ,g         2
  _vq_Value
                                  fede81e6         2   data ,g         2
  _SC_Reset_Flg
                                  fede81e8         1   data ,g         2
  _tps_Flt_Cnt
                                  fede81ea         2   data ,g         2
  _dc_I_RMS_F_TEST
                                  fede81ec         2   data ,g         2
  _Req_Hall_Test_Cnt
                                  fede81ee         1   data ,g         0
  _Hall_Test_Cnt
                                  fede81ef         1   data ,g         0
FILE=DefaultBuild\Motor_Control.obj
                                  fede81f0  fede828d        9e
  _PWM_MODE_Switch
                                  fede81f0         1   data ,g         8
  _soft_start_delay
                                  fede81f1         1   data ,g         8
  _sect_Cycle_Cnt
                                  fede81f2         2   data ,g         b
  _sect_Cycle_CLR_Delay_Cnt
                                  fede81f4         2   data ,g         7
  _pre_Mode_Chang_sector
                                  fede81f6         1   data ,g        14
  _temp
                                  fede81f8         4   data ,g         0
  _vd_Ratio
                                  fede81fc         4   data ,g         0
  _vd_Ratio_REV
                                  fede8200         4   data ,g         2
  _vd_SetPoint
                                  fede8204         2   data ,g         5
  _vq_SetPoint
                                  fede8206         2   data ,g         4
  _flux_Ratio
                                  fede8208         4   data ,g         8
  _torque_Check
                                  fede820c         2   data ,g         0
  _ramp_Chek
                                  fede820e         2   data ,g         e
  _ramp_UP_Delay
                                  fede8210         2   data ,g         0
  _ramp_Down_Delay
                                  fede8212         2   data ,g         0
  _torque_Ramp
                                  fede8214         1   data ,g         0
  _ramp_UP_Flg
                                  fede8215         1   data ,g         4
  _ref_Power_W
                                  fede8216         2   data ,g         0
  _ref_Torque_Nm
                                  fede8218         2   data ,g         6
  _max_Ref_Torque_Nm
                                  fede821a         2   data ,g         0
  _max_ref_Torque_Cnt
                                  fede821c         2   data ,g         0
  _current_Vec_Ref
                                  fede821e         2   data ,g         0
  _current_Vec_Cnt
                                  fede8220         2   data ,g         0
  _current_Vec
                                  fede8222         2   data ,g         0
  _torque_MF
                                  fede8224         4   data ,g         0
  _input_Power
                                  fede8228         2   data ,g         4
  _output_Power
                                  fede822a         2   data ,g         2
  _duty_check
                                  fede822c         4   data ,g         0
  _dc_I_kp
                                  fede8230         4   data ,g         2
  _dc_I_ki
                                  fede8234         4   data ,g         2
  _dc_I_error
                                  fede8238         4   data ,g         5
  _Prop_DC_I
                                  fede823c         4   data ,g         4
  _Integ_DC_I
                                  fede8240         4   data ,g         9
  _pre_DC_I_error
                                  fede8244         4   data ,g         4
  _torque_Sat_Limit
                                  fede8248         2   data ,g         a
  _dc_I_Ref_SI
                                  fede824a         2   data ,g         8
  _mtpa_Cal_1
                                  fede824c         2   data ,g         0
  _mtpa_Cal_2
                                  fede824e         2   data ,g         0
  _mtpa_Flux_Ref
                                  fede8250         2   data ,g         0
  _torq_Ref_SI
                                  fede8254         4   data ,g         0
  _speed_kp
                                  fede8258         4   data ,g         2
  _speed_ki
                                  fede825c         4   data ,g         2
  _speed_error
                                  fede8260         4   data ,g         5
  _Prop_Speed
                                  fede8264         4   data ,g         4
  _Integ_Speed
                                  fede8268         4   data ,g         a
  _pre_Speed_error
                                  fede826c         4   data ,g         4
  _speed_Sat_Limit
                                  fede8270         2   data ,g         9
  _speed_Ref_SI
                                  fede8272         2   data ,g         4
  _throttle_Read
                                  fede8274         2   data ,g        17
  _throttle_Read_Act
                                  fede8276         2   data ,g         8
  _prote_Throt_Read
                                  fede8278         2   data ,g         a
  _sys_Stabli_Time
                                  fede827a         2   data ,g         9
  _test_1_PWM
                                  fede827c         1   data ,g         6
  _cnt1
                                  fede8280         4   data ,g         0
  _ram_State
                                  fede8284         2   data ,g         2
  _break_TEST
                                  fede8286         1   data ,g         0
  _test_PMW
                                  fede8287         1   data ,g         0
  _dc_I_RMS_MAN
                                  fede8288         2   data ,g         0
  _Test_flt_CLR
                                  fede828a         1   data ,g         0
  _man_Drive_EN
                                  fede828b         1   data ,g         0
  _rev_Cnt_TEST
                                  fede828c         2   data ,g         3
FILE=DefaultBuild\Sinusoidal_Mode.obj
                                  fede8290  fede8365        d6
  _man_Theta_Inc_delay
                                  fede8290         1   data ,g         0
  _man_Theta_delay_adj
                                  fede8291         1   data ,g         0
  _man_Theta
                                  fede8292         2   data ,g         0
  _theta1
                                  fede8294         4   data ,g         8
  _OFFSET_THE
                                  fede8298         2   data ,g         3
  _ADV_THE
                                  fede829a         2   data ,g         2
  _rotor_Theta_Act
                                  fede829c         4   data ,g         3
  _rotor_Theta1_Act
                                  fede82a0         4   data ,g         3
  _rotor_Theta
                                  fede82a4         4   data ,g         4
  _rotor_Theta1
                                  fede82a8         4   data ,g         3
  _rotor_Theta_ADV
                                  fede82ac         4   data ,g         5
  _rotor_Theta1_ADV
                                  fede82b0         4   data ,g         3
  _sine_Theta_ADV
                                  fede82b4         4   data ,g         5
  _cose_Theta_ADV
                                  fede82b8         4   data ,g         5
  _sine_Theta_Act
                                  fede82bc         2   data ,g         2
  _cose_Theta_Act
                                  fede82be         2   data ,g         2
  _sine_Theta
                                  fede82c0         2   data ,g         5
  _cose_Theta
                                  fede82c2         2   data ,g         5
  _v_q
                                  fede82c4         2   data ,g        17
  _v_d
                                  fede82c6         2   data ,g        16
  _v_Alpha
                                  fede82c8         2   data ,g         3
  _v_Beta
                                  fede82ca         2   data ,g         3
  _va
                                  fede82cc         4   data ,g         a
  _vb
                                  fede82d0         4   data ,g         a
  _vc
                                  fede82d4         4   data ,g         4
  _pi_Delay
                                  fede82d8         2   data ,g         5
  _manual_Delay
                                  fede82da         2   data ,g         2
  _manual_Delay_Cnt
                                  fede82dc         2   data ,g         0
  _Error_Flux
                                  fede82e0         4   data ,g         5
  _Integ_Error_Flux
                                  fede82e4         4   data ,g         0
  _Pre_Error_Flux
[...]
                                          0023(0000cfc8:.text)
                 _hall_B_One_Stat_Cnt
                                 fede8380 0023(0000cf2c:.text)
                                          0023(0000cf30:.text)
                                          0023(0000cf5a:.text)
                                          0023(0000cf5e:.text)
                                          0023(0000cfd2:.text)
                                          0023(0000cfd6:.text)
                                          0023(0000cfdc:.text)
                 _hall_C_Zero_Stat_Cnt
                                 fede8382 0023(0000d086:.text)
                                          0023(0000d08a:.text)
                                          0023(0000d0b4:.text)
                                          0023(0000d0b8:.text)
                                          0023(0000d0c8:.text)
                                          0023(0000d0cc:.text)
                                          0023(0000d0d2:.text)
                 _hall_C_One_Stat_Cnt
                                 fede8384 0023(0000d036:.text)
                                          0023(0000d03a:.text)
                                          0023(0000d064:.text)
                                          0023(0000d068:.text)
                                          0023(0000d0dc:.text)
                                          0023(0000d0e0:.text)
                                          0023(0000d0e6:.text)
                 _sys_ON_Hall_A
                                 fede8386 0023(0000ce16:.text)
                                          0023(0000ce19:.text)
                                          0023(0000ce46:.text)
                                          0023(0000ce4c:.text)
                                          0023(0000ce66:.text)
                                          0023(0000ce69:.text)
                                          0023(0000ce98:.text)
                                          0023(0000ce9c:.text)
                 _sys_ON_Hall_B
                                 fede8387 0023(0000cf20:.text)
                                          0023(0000cf23:.text)
                                          0023(0000cf50:.text)
                                          0023(0000cf56:.text)
                                          0023(0000cf70:.text)
                                          0023(0000cf73:.text)
                                          0023(0000cfa2:.text)
                                          0023(0000cfa6:.text)
                 _sys_ON_Hall_C
                                 fede8388 0023(0000d02a:.text)
                                          0023(0000d02d:.text)
                                          0023(0000d05a:.text)
                                          0023(0000d060:.text)
                                          0023(0000d07a:.text)
                                          0023(0000d07d:.text)
                                          0023(0000d0ac:.text)
                                          0023(0000d0b0:.text)
                 _hall_Stay_Time
                                 fede838a 0023(0000cdc8:.text)
                                          0023(0000cdcc:.text)
                                          0023(0000ce2a:.text)
                                          0023(0000ce2e:.text)
                                          0023(0000ce7a:.text)
                                          0023(0000ce7e:.text)
                                          0023(0000cf34:.text)
                                          0023(0000cf38:.text)
                                          0023(0000cf84:.text)
                                          0023(0000cf88:.text)
                                          0023(0000d03e:.text)
                                          0023(0000d042:.text)
                                          0023(0000d08e:.text)
                                          0023(0000d092:.text)
                 _pGood_15V_Sign
                                 fede838c 0023(0000d0f8:.text)
                                          0023(0000d0fc:.text)
                 _sht_FLT_Sign
                                 fede838d 0019(0000b2e4:.text)
                                          0019(0000b2e7:.text)
                                          0023(0000d10e:.text)
                                          0023(0000d112:.text)
                 _ocp_FLT_Sign
                                 fede838e 0019(0000b2fa:.text)
                                          0019(0000b2fd:.text)
                                          0023(0000d122:.text)
                                          0023(0000d126:.text)
                 _rear_Break_Sig
                                 fede838f 0023(0000d13a:.text)
                                          0023(0000d13e:.text)
                                          0023(0000d1d1:.text)
                 _park_SW_Sig
                                 fede8390 0023(0000d14c:.text)
                                          0023(0000d150:.text)
                 _mode_SW_Sig
                                 fede8391 0023(0000d15e:.text)
                                          0023(0000d162:.text)
                 _side_Stand_Sig
                                 fede8392 0023(0000d170:.text)
                                          0023(0000d174:.text)
                 _crus_Cont_Sig
                                 fede8393 0023(0000d182:.text)
                                          0023(0000d186:.text)
                 _for_Rev_Sig
                                 fede8394 0023(0000d194:.text)
                                          0023(0000d198:.text)
                                          0023(0000d1e3:.text)
                                          0023(0000d210:.text)
                                          0023(0000d213:.text)
                 _front_Break_Sig
                                 fede8395 0023(0000d1a6:.text)
                                          0023(0000d1aa:.text)
                 _kill_SW_Sig
                                 fede8396 0023(0000d1b8:.text)
                                          0023(0000d1bc:.text)
                 _anty_Theft_Lock_Sig
                                 fede8397 0023(0000d1ca:.text)
                                          0023(0000d1ce:.text)
                 _break_Apply
                                 fede8398 0021(0000bcca:.text)
                                          0021(0000bccd:.text)
                                          0021(0000bd26:.text)
                                          0021(0000bd29:.text)
                                          0021(0000bdfc:.text)
                                          0021(0000bdff:.text)
                                          0023(0000d1dc:.text)
                                          0023(0000d1e0:.text)
                 _forward
                                 fede8399 0018(0000ac44:.text)
                                          0018(0000ac47:.text)
                                          0018(0000ae6e:.text)
                                          0018(0000ae71:.text)
                                          0018(0000aef8:.text)
                                          0018(0000aefb:.text)
                                          0021(0000bbc6:.text)
                                          0021(0000bbc9:.text)
                                          0021(0000bd32:.text)
                                          0021(0000bd35:.text)
                                          0021(0000bd42:.text)
                                          0021(0000bd45:.text)
                                          0021(0000be08:.text)
                                          0021(0000be0b:.text)
                                          0021(0000bef0:.text)
                                          0021(0000bef3:.text)
                                          0021(0000bf44:.text)
                                          0021(0000bf47:.text)
                                          0022(0000c4b8:.text)
                                          0022(0000c4bb:.text)
                                          0022(0000c51c:.text)
                                          0022(0000c51f:.text)
                                          0023(0000d204:.text)
                                          0023(0000d20a:.text)
                                          0023(0000d234:.text)
                                          0023(0000d238:.text)
                 _man_Break
                                 fede839a
                 _hall_A_TEst
                                 fede839b
                 _hall_B_TEst
                                 fede839c
                 _hall_C_TEst
                                 fede839d
     SECTION=.data
0024 Temperature_Cal
     SECTION=.text
                 _Temp_Cal
                                 0000d23c 0021(0000bb1f:.text)
     SECTION=.data.R
                 _mot_Pull_UP_Voltage_mV
                                 fede83a0 0024(0000d27a:.text)
                                          0024(0000d27e:.text)
                 _mot_Temp_Volt
                                 fede83a2 0024(0000d264:.text)
                                          0024(0000d268:.text)
                                          0024(0000d282:.text)
                 _mot_Temp_R2
                                 fede83a4 0024(0000d26e:.text)
                                          0024(0000d272:.text)
                 _mot_Temp_R0
                                 fede83a6 0024(0000d294:.text)
                                          0024(0000d298:.text)
                 _mot_Temp_R1
                                 fede83a8 0024(0000d28c:.text)
                                          0024(0000d290:.text)
                 _mot_Temp_Cel
                                 fede83aa 0024(0000d2e0:.text)
                                          0024(0000d2e4:.text)
                                          0025(0000d5c8:.text)
                                          0025(0000d5cc:.text)
                                          0025(0000d5d4:.text)
                 _inv_Pull_UP_Voltage_mV
                                 fede83ac 0024(0000d30c:.text)
                                          0024(0000d310:.text)
                                          0024(0000d38c:.text)
                                          0024(0000d400:.text)
                 _inv_Temp_R2
                                 fede83ae 0024(0000d316:.text)
                                          0024(0000d31a:.text)
                                          0024(0000d392:.text)
                                          0024(0000d406:.text)
                 _inv_Temp_R0
                                 fede83b0 0024(0000d32e:.text)
                                          0024(0000d332:.text)
                                          0024(0000d3a6:.text)
                                          0024(0000d41a:.text)
                 _inv_R_Ph_Temp_Volt
                                 fede83b2 0024(0000d300:.text)
                                          0024(0000d304:.text)
                                          0024(0000d308:.text)
                 _inv_R_Ph_Temp_R1
                                 fede83b4 0024(0000d326:.text)
                                          0024(0000d32a:.text)
                 _inv_R_Ph_Temp_Cel
                                 fede83b6 0024(0000d360:.text)
                                          0024(0000d364:.text)
                                          0025(0000d5de:.text)
                                          0025(0000d5e2:.text)
                                          0025(0000d5ea:.text)
                 _inv_Y_Ph_Temp_Volt
                                 fede83b8 0024(0000d380:.text)
                                          0024(0000d384:.text)
                                          0024(0000d388:.text)
                 _inv_Y_Ph_Temp_R1
                                 fede83ba 0024(0000d39e:.text)
                                          0024(0000d3a2:.text)
                 _inv_Y_Ph_Temp_Cel
                                 fede83bc 0024(0000d3d4:.text)
                                          0024(0000d3d8:.text)
                                          0025(0000d5f4:.text)
                                          0025(0000d5f8:.text)
                                          0025(0000d600:.text)
                 _inv_B_Ph_Temp_Volt
                                 fede83be 0024(0000d3f4:.text)
                                          0024(0000d3f8:.text)
                                          0024(0000d3fc:.text)
                 _inv_B_Ph_Temp_R1
                                 fede83c0 0024(0000d412:.text)
                                          0024(0000d416:.text)
                 _inv_B_Ph_Temp_Cel
                                 fede83c2 0024(0000d448:.text)
                                          0024(0000d44c:.text)
                                          0025(0000d60a:.text)
                                          0025(0000d60e:.text)
                                          0025(0000d616:.text)
     SECTION=.data
0025 CAN_TX
     SECTION=.text
                 _CAN_TX
                                 0000d452 0012(00009a31:.text)
                 _trans_606
                                 0000d502 0025(0000d49b:.text)
                 _trans_607
                                 0000d562 0025(0000d4b3:.text)
                 _trans_608
                                 0000d5c2 0025(0000d4e3:.text)
                 _trans_609
                                 0000d630 0025(0000d4fb:.text)
                 _trans_611
                                 0000d742 0025(0000d4cb:.text)
                 _trans_614
                                 0000d7b0 0025(0000d483:.text)
                 _trans_615
                                 0000d802 0025(0000d46b:.text)
0026 initsct_rh
     SECTION=.text
                 __INITSCT_RH
                                 0000d85c 0002(0000853a:.text)
0027 logd
     SECTION=.text
                 _log
                                 0000d90c 0024(0000d2a9:.text)
                                          0024(0000d343:.text)
                                          0024(0000d3b7:.text)
                                          0024(0000d42b:.text)
0028 sqrtd
     SECTION=.text
                 _sqrt
                                 0000d910 0017(0000a335:.text)
                                          0017(0000a471:.text)
                                          0017(0000a5ad:.text)
                                          0021(0000bf33:.text)
                                          0021(0000c00b:.text)
0029 logf
     SECTION=.text
                 _logf
                                 0000d914 0027(0000d90d:.text)
     SECTION=.const
0030 sqrtf
     SECTION=.text
                 _sqrtf
                                 0000db4e 0028(0000d911:.text)
0031 com7d
     SECTION=.text
                 __REL_errno
                                 0000db86 0029(0000d91b:.text)
                                          0029(0000d955:.text)
                                          0029(0000d967:.text)
                                          0032(0000db93:.text)
                                          0033(0000dbb5:.text)
                                          0033(0000dbf1:.text)
                                          0034(0000dc59:.text)
     SECTION=.bss
0032 _wrap_matherrf
     SECTION=.text
                 .wrap_matherrf
                                 0000db8e 0030(0000db83:.text)
0033 frexpf
     SECTION=.text
                 _frexpf
                                 0000dbac 0029(0000d983:.text)
0034 logfspecial
     SECTION=.text
                 __REL_logf_special
                                 0000dc3a 0029(0000d937:.text)
0035 nanf
     SECTION=.text
                 __REL_nanf_value
                                 0000dc6a 0029(0000d95f:.text)
                                          0033(0000dbfb:.text)
                                          0034(0000dc67:.text)
0036 neginff
     SECTION=.text
                 __REL_neginff_value
                                 0000dc70 0029(0000d971:.text)
0037 posinff
     SECTION=.text
                 __REL_posinff_value
                                 0000dc76 0034(0000dc55:.text)
0038 rlink_generates_01
     SECTION=
                 __gp_data
                                 00000000 0002(00008516:.text)
                 __ep_data
                                 00000000 0002(0000851c:.text)
0039 rlink_generates_02
     SECTION=
                 __sRESET
                                 00000000
                 __SRESET
                                 00000000
                 __eRESET
                                 000001f8
                 __ERESET
                                 000001f8
                 __sEIINTTBL.const
                                 00000200 0001(000084c4:.text)
                 __SEIINTTBL_const
                                 00000200
                 __eEIINTTBL.const
                                 00000798
                 __EEIINTTBL_const
                                 00000798
                 __s.const
                                 00008000
                 __S_const
                                 00008000
                 __e.const
                                 00008460
                 __E_const
                                 00008460
                 __s.INIT_DSEC.const
                                 00008460 0002(00008522:.text)
                 __S_INIT_DSEC_const
                                 00008460
                 __e.INIT_DSEC.const
                                 0000846c 0002(00008528:.text)
                 __E_INIT_DSEC_const
                                 0000846c
                 __s.INIT_BSEC.const
                                 0000846c 0002(0000852e:.text)
                 __S_INIT_BSEC_const
                                 0000846c
                 __s.text
                                 00008474
                 __S_text
                                 00008474
                 __e.INIT_BSEC.const
                                 00008474 0002(00008534:.text)
                 __E_INIT_BSEC_const
                                 00008474
                 __e.text
                                 0000dc7c
                 __E_text
                                 0000dc7c
                 __s.data
                                 0000dc7c 0002(00008460:.INIT_DSEC.const)
                 __S_data
                                 0000dc7c
                 __e.data
                                 0000e040 0002(00008464:.INIT_DSEC.const)
                 __E_data
                                 0000e040
                 __s.data.R
                                 fede8000 0002(00008468:.INIT_DSEC.const)
                 __S_data_R
                                 fede8000
                 __e.data.R
                                 fede83c4
                 __E_data_R
                                 fede83c4
                 __s.bss
                                 fede83c4 0002(0000846c:.INIT_BSEC.const)
                 __S_bss
                                 fede83c4
                 __e.bss
                                 fedfc464 0002(00008470:.INIT_BSEC.const)
                 __E_bss
                                 fedfc464
                 __s.stack.bss
                                 fedfc464
                 __S_stack_bss
                                 fedfc464
                 __e.stack.bss
                                 fedfc664
                 __E_stack_bss
                                 fedfc664
