Renesas Optimizing Linker (W3.05.00 )             13-Jun-2024 15:45:21

*** Options ***

-MAKEUD=DefaultBuild\LUCAS_TVS_5KW_IVCU_HUB_MOTOR_03062024_V0.lk.ud
-subcommand=DefaultBuild\LUCAS_TVS_5KW_IVCU_HUB_MOTOR_03062024_V0.clnk
-input=DefaultBuild\boot.obj
-input=DefaultBuild\cstart.obj
-input=DefaultBuild\main.obj
-input=DefaultBuild\Config_CGC.obj
-input=DefaultBuild\Systeminit.obj
-input=DefaultBuild\intvector.obj
-input=DefaultBuild\DummyInt.obj
-input=DefaultBuild\Config_ADC.obj
-input=DefaultBuild\Config_PWM.obj
-input=DefaultBuild\Config_PORT.obj
-input=DefaultBuild\Config_OSTM.obj
-input=DefaultBuild\Config_TAUB0_0.obj
-input=DefaultBuild\Config_TAUB0_1.obj
-input=DefaultBuild\Config_CANFD.obj
-input=DefaultBuild\CAN_FD.obj
-input=DefaultBuild\Config_WDT.obj
-input=DefaultBuild\ADC_Result.obj
-input=DefaultBuild\Trapezoidal_Mode.obj
-input=DefaultBuild\Fault_Analysis.obj
-input=DefaultBuild\Register_Interface.obj
-input=DefaultBuild\Motor_Control.obj
-input=DefaultBuild\Sinusoidal_Mode.obj
-debug
-nocompress
-NOOPtimize
-output=DefaultBuild\LUCAS_TVS_5KW_IVCU_HUB_MOTOR_03062024_V0.abs
-library=v850e3v5\rhf4n.lib
-library=v850e3v5\libmalloc.lib
-list=DefaultBuild\LUCAS_TVS_5KW_IVCU_HUB_MOTOR_03062024_V0.map
-show=all
-start=RESET/0,EIINTTBL.const/00000200,.const,.INIT_DSEC.const,.INIT_BSEC.const,.text,.data/00008000,.data.R,.bss,.stack.bss/FEDE8000
-rom=.data=.data.R
-nologo
-end

*** Error information ***

*** Mapping List ***

SECTION                            START      END         SIZE   ALIGN
RESET
                                  00000000  000001f7       1f8   200
EIINTTBL.const
                                  00000200  00000797       598   4
.const
                                  00008000  000083ff       400   4
.INIT_DSEC.const
                                  00008400  0000840b         c   4
.INIT_BSEC.const
                                  0000840c  00008413         8   4
.text
                                  00008414  0000b3af      2f9c   2
.data
                                  0000b3b0  0000b5d3       224   4
.data.R
                                  fede8000  fede8223       224   4
.bss
                                  fede8224  fede8237        14   4
.stack.bss
                                  fede8238  fede8437       200   4

*** Total Section Size ***

RAMDATA SECTION:  00000438 Byte(s)
ROMDATA SECTION:  00000bd0 Byte(s)
PROGRAM SECTION:  00003194 Byte(s)

*** Symbol List ***

SECTION=
FILE=                               START        END    SIZE
  SYMBOL                            ADDR        SIZE    INFO      COUNTS  OPT
    STRUCT                                      SIZE
      MEMBER                        ADDR        SIZE    INFO

SECTION=RESET
FILE=DefaultBuild\boot.obj
                                  00000000  000001f7       1f8

SECTION=EIINTTBL.const
FILE=DefaultBuild\intvector.obj
                                  00000200  00000797       598
  _INT_Vectors
                                  00000200       598   data ,g         0

SECTION=.const
FILE=DefaultBuild\Sinusoidal_Mode.obj
                                  00008000  000083ff       400
  _Table
                                  00008000       400   data ,g         1

SECTION=.INIT_DSEC.const
FILE=DefaultBuild\cstart.obj
                                  00008400  0000840b         c

SECTION=.INIT_BSEC.const
FILE=DefaultBuild\cstart.obj
                                  0000840c  00008413         8

SECTION=.text
FILE=DefaultBuild\boot.obj
                                  00008414  000084ad        9a
  _Dummy
                                  00008414         0   none ,l         d
  _Dummy_EI
                                  00008416         0   none ,l        14
  __start
                                  00008418         0   none ,l         1
  _hdwinit
                                  00008472         0   none ,l         1
  _zeroclr4
                                  00008488         0   none ,l         2
  _set_table_reference_method
                                  00008496         0   none ,l         1
FILE=DefaultBuild\cstart.obj
                                  000084ae  0000851f        72
  __cstart
                                  000084ae         0   none ,g         1
  _exit
                                  0000851e         0   none ,l         2
FILE=DefaultBuild\main.obj
                                  00008520  0000855b        3c
  _main
                                  00008520        28   func ,g         1
  _r_main_userinit
                                  00008548        14   func ,g         1
FILE=DefaultBuild\Config_CGC.obj
                                  0000855c  000089b5       45a
  _R_CGC_Create
                                  0000855c       45a   func ,g         1
FILE=DefaultBuild\Systeminit.obj
                                  000089b6  000089dd        28
  _R_Systeminit
                                  000089b6        28   func ,g         1
FILE=DefaultBuild\DummyInt.obj
                                  000089de  00008cbd       2e0
  _eiint0
                                  000089de         2   func ,g         1
  _eiint1
                                  000089e0         2   func ,g         1
  _eiint2
                                  000089e2         2   func ,g         1
  _eiint3
                                  000089e4         2   func ,g         1
  _eiint4
                                  000089e6         2   func ,g         1
  _eiint5
                                  000089e8         2   func ,g         1
  _eiint6
                                  000089ea         2   func ,g         1
  _eiint7
                                  000089ec         2   func ,g         1
  _eiint8
                                  000089ee         2   func ,g         1
  _eiint9
                                  000089f0         2   func ,g         1
  _eiint10
                                  000089f2         2   func ,g         1
  _eiint11
                                  000089f4         2   func ,g         1
  _eiint12
                                  000089f6         2   func ,g         1
  _eiint13
                                  000089f8         2   func ,g         1
  _eiint14
                                  000089fa         2   func ,g         1
  _eiint15
                                  000089fc         2   func ,g         1
  _eiint16
                                  000089fe         2   func ,g         1
  _eiint17
                                  00008a00         2   func ,g         1
  _eiint18
                                  00008a02         2   func ,g         1
  _eiint19
                                  00008a04         2   func ,g         1
  _eiint20
                                  00008a06         2   func ,g         1
  _eiint21
                                  00008a08         2   func ,g         1
  _eiint22
                                  00008a0a         2   func ,g         1
  _eiint23
                                  00008a0c         2   func ,g         0
  _eiint24
                                  00008a0e         2   func ,g         1
  _eiint25
                                  00008a10         2   func ,g         1
  _eiint26
                                  00008a12         2   func ,g         0
  _eiint27
                                  00008a14         2   func ,g         1
  _eiint28
                                  00008a16         2   func ,g         1
  _eiint29
                                  00008a18         2   func ,g         1
  _eiint30
                                  00008a1a         2   func ,g         1
  _eiint31
                                  00008a1c         2   func ,g         1
  _eiint32
                                  00008a1e         2   func ,g         1
  _eiint33
                                  00008a20         2   func ,g         1
  _eiint34
                                  00008a22         2   func ,g         1
  _eiint35
                                  00008a24         2   func ,g         1
  _eiint36
                                  00008a26         2   func ,g         1
  _eiint37
                                  00008a28         2   func ,g         1
  _eiint38
                                  00008a2a         2   func ,g         1
  _eiint39
                                  00008a2c         2   func ,g         1
  _eiint40
                                  00008a2e         2   func ,g         0
  _eiint41
                                  00008a30         2   func ,g         1
  _eiint42
                                  00008a32         2   func ,g         1
  _eiint43
                                  00008a34         2   func ,g         1
  _eiint44
                                  00008a36         2   func ,g         1
  _eiint45
                                  00008a38         2   func ,g         1
  _eiint46
                                  00008a3a         2   func ,g         1
  _eiint47
                                  00008a3c         2   func ,g         1
  _eiint48
                                  00008a3e         2   func ,g         1
  _eiint49
                                  00008a40         2   func ,g         1
  _eiint50
                                  00008a42         2   func ,g         1
  _eiint51
                                  00008a44         2   func ,g         1
  _eiint52
                                  00008a46         2   func ,g         1
  _eiint53
                                  00008a48         2   func ,g         1
  _eiint54
                                  00008a4a         2   func ,g         1
  _eiint55
                                  00008a4c         2   func ,g         1
  _eiint56
                                  00008a4e         2   func ,g         1
  _eiint57
                                  00008a50         2   func ,g         1
  _eiint58
                                  00008a52         2   func ,g         1
  _eiint59
                                  00008a54         2   func ,g         1
  _eiint60
                                  00008a56         2   func ,g         1
  _eiint61
                                  00008a58         2   func ,g         1
  _eiint62
                                  00008a5a         2   func ,g         1
  _eiint63
                                  00008a5c         2   func ,g         1
  _eiint64
                                  00008a5e         2   func ,g         1
  _eiint65
                                  00008a60         2   func ,g         1
  _eiint66
                                  00008a62         2   func ,g         1
  _eiint67
                                  00008a64         2   func ,g         1
  _eiint68
                                  00008a66         2   func ,g         1
  _eiint69
                                  00008a68         2   func ,g         1
  _eiint70
                                  00008a6a         2   func ,g         1
  _eiint71
                                  00008a6c         2   func ,g         1
  _eiint72
                                  00008a6e         2   func ,g         1
  _eiint73
                                  00008a70         2   func ,g         1
  _eiint74
                                  00008a72         2   func ,g         1
  _eiint75
                                  00008a74         2   func ,g         1
  _eiint76
                                  00008a76         2   func ,g         1
  _eiint77
                                  00008a78         2   func ,g         1
  _eiint78
                                  00008a7a         2   func ,g         1
  _eiint79
                                  00008a7c         2   func ,g         1
  _eiint80
                                  00008a7e         2   func ,g         1
  _eiint81
                                  00008a80         2   func ,g         1
  _eiint82
                                  00008a82         2   func ,g         1
  _eiint83
                                  00008a84         2   func ,g         1
  _eiint84
                                  00008a86         2   func ,g         0
  _eiint85
                                  00008a88         2   func ,g         1
  _eiint86
                                  00008a8a         2   func ,g         1
  _eiint87
                                  00008a8c         2   func ,g         1
  _eiint88
                                  00008a8e         2   func ,g         1
  _eiint89
                                  00008a90         2   func ,g         1
  _eiint90
                                  00008a92         2   func ,g         1
  _eiint91
                                  00008a94         2   func ,g         1
  _eiint92
                                  00008a96         2   func ,g         1
  _eiint93
                                  00008a98         2   func ,g         1
  _eiint94
                                  00008a9a         2   func ,g         1
  _eiint95
                                  00008a9c         2   func ,g         1
  _eiint96
                                  00008a9e         2   func ,g         1
  _eiint97
                                  00008aa0         2   func ,g         1
  _eiint98
                                  00008aa2         2   func ,g         1
  _eiint99
                                  00008aa4         2   func ,g         1
  _eiint100
                                  00008aa6         2   func ,g         1
  _eiint101
                                  00008aa8         2   func ,g         1
  _eiint102
                                  00008aaa         2   func ,g         1
  _eiint103
                                  00008aac         2   func ,g         1
  _eiint104
                                  00008aae         2   func ,g         1
  _eiint105
                                  00008ab0         2   func ,g         1
  _eiint106
                                  00008ab2         2   func ,g         1
  _eiint107
                                  00008ab4         2   func ,g         1
  _eiint108
                                  00008ab6         2   func ,g         1
  _eiint109
                                  00008ab8         2   func ,g         1
  _eiint110
                                  00008aba         2   func ,g         1
  _eiint111
                                  00008abc         2   func ,g         1
  _eiint112
                                  00008abe         2   func ,g         1
  _eiint113
                                  00008ac0         2   func ,g         1
  _eiint114
                                  00008ac2         2   func ,g         1
  _eiint115
                                  00008ac4         2   func ,g         1
  _eiint116
                                  00008ac6         2   func ,g         1
  _eiint117
                                  00008ac8         2   func ,g         1
  _eiint118
                                  00008aca         2   func ,g         1
  _eiint119
                                  00008acc         2   func ,g         1
  _eiint120
                                  00008ace         2   func ,g         1
  _eiint121
                                  00008ad0         2   func ,g         1
  _eiint122
                                  00008ad2         2   func ,g         1
  _eiint123
                                  00008ad4         2   func ,g         1
  _eiint124
                                  00008ad6         2   func ,g         1
  _eiint125
                                  00008ad8         2   func ,g         1
  _eiint126
                                  00008ada         2   func ,g         1
  _eiint127
                                  00008adc         2   func ,g         1
  _eiint128
                                  00008ade         2   func ,g         1
  _eiint129
                                  00008ae0         2   func ,g         1
  _eiint130
                                  00008ae2         2   func ,g         1
  _eiint131
                                  00008ae4         2   func ,g         1
  _eiint132
                                  00008ae6         2   func ,g         1
  _eiint133
                                  00008ae8         2   func ,g         1
  _eiint134
                                  00008aea         2   func ,g         1
  _eiint135
                                  00008aec         2   func ,g         1
  _eiint136
                                  00008aee         2   func ,g         1
  _eiint137
                                  00008af0         2   func ,g         1
  _eiint138
                                  00008af2         2   func ,g         1
  _eiint139
                                  00008af4         2   func ,g         1
  _eiint140
                                  00008af6         2   func ,g         1
  _eiint141
                                  00008af8         2   func ,g         1
  _eiint142
                                  00008afa        16   func ,g         0
  _eiint143
                                  00008b10         2   func ,g         0
  _eiint144
                                  00008b12         2   func ,g         1
  _eiint145
                                  00008b14         2   func ,g         1
  _eiint146
                                  00008b16         2   func ,g         1
  _eiint147
                                  00008b18         2   func ,g         1
  _eiint148
                                  00008b1a         2   func ,g         1
  _eiint149
                                  00008b1c         2   func ,g         1
  _eiint150
                                  00008b1e         2   func ,g         1
  _eiint151
                                  00008b20         2   func ,g         1
  _eiint152
                                  00008b22         2   func ,g         1
  _eiint153
                                  00008b24         2   func ,g         1
  _eiint154
                                  00008b26         2   func ,g         1
  _eiint155
                                  00008b28         2   func ,g         1
  _eiint156
                                  00008b2a         2   func ,g         1
  _eiint157
                                  00008b2c         2   func ,g         1
  _eiint158
                                  00008b2e         2   func ,g         1
  _eiint159
                                  00008b30         2   func ,g         1
  _eiint160
                                  00008b32         2   func ,g         1
  _eiint161
                                  00008b34         2   func ,g         1
  _eiint162
                                  00008b36         2   func ,g         1
  _eiint163
                                  00008b38         2   func ,g         1
  _eiint164
                                  00008b3a         2   func ,g         1
  _eiint165
                                  00008b3c         2   func ,g         1
  _eiint166
                                  00008b3e         2   func ,g         1
  _eiint167
                                  00008b40         2   func ,g         1
  _eiint168
                                  00008b42         2   func ,g         1
  _eiint169
                                  00008b44         2   func ,g         1
  _eiint170
                                  00008b46         2   func ,g         1
  _eiint171
                                  00008b48         2   func ,g         1
  _eiint172
                                  00008b4a         2   func ,g         1
  _eiint173
                                  00008b4c         2   func ,g         1
  _eiint174
                                  00008b4e         2   func ,g         1
  _eiint175
                                  00008b50         2   func ,g         1
  _eiint176
                                  00008b52         2   func ,g         1
  _eiint177
                                  00008b54         2   func ,g         1
  _eiint178
                                  00008b56         2   func ,g         1
  _eiint179
                                  00008b58         2   func ,g         1
  _eiint180
                                  00008b5a         2   func ,g         1
  _eiint181
                                  00008b5c         2   func ,g         1
  _eiint182
                                  00008b5e         2   func ,g         1
  _eiint183
                                  00008b60         2   func ,g         1
  _eiint184
                                  00008b62         2   func ,g         1
  _eiint185
                                  00008b64         2   func ,g         1
  _eiint186
                                  00008b66         2   func ,g         1
  _eiint187
                                  00008b68         2   func ,g         1
  _eiint188
                                  00008b6a         2   func ,g         1
  _eiint189
                                  00008b6c         2   func ,g         1
  _eiint190
                                  00008b6e         2   func ,g         1
  _eiint191
                                  00008b70         2   func ,g         1
  _eiint192
                                  00008b72         2   func ,g         1
  _eiint193
                                  00008b74         2   func ,g         1
  _eiint194
                                  00008b76         2   func ,g         1
  _eiint195
                                  00008b78         2   func ,g         1
  _eiint196
                                  00008b7a         2   func ,g         1
  _eiint197
                                  00008b7c         2   func ,g         1
  _eiint198
                                  00008b7e         2   func ,g         1
  _eiint199
                                  00008b80         2   func ,g         1
  _eiint200
                                  00008b82         2   func ,g         1
  _eiint201
                                  00008b84         2   func ,g         1
  _eiint202
                                  00008b86         2   func ,g         1
  _eiint203
                                  00008b88         2   func ,g         1
  _eiint204
                                  00008b8a         2   func ,g         1
  _eiint205
                                  00008b8c         2   func ,g         1
  _eiint206
                                  00008b8e         2   func ,g         1
  _eiint207
                                  00008b90         2   func ,g         1
  _eiint208
                                  00008b92         2   func ,g         1
  _eiint209
                                  00008b94         2   func ,g         1
  _eiint210
                                  00008b96         2   func ,g         1
  _eiint211
                                  00008b98         2   func ,g         1
  _eiint212
                                  00008b9a         2   func ,g         1
  _eiint213
                                  00008b9c         2   func ,g         1
  _eiint214
                                  00008b9e         2   func ,g         1
  _eiint215
                                  00008ba0         2   func ,g         1
  _eiint216
                                  00008ba2         2   func ,g         1
  _eiint217
                                  00008ba4         2   func ,g         1
  _eiint218
                                  00008ba6         2   func ,g         1
  _eiint219
                                  00008ba8         2   func ,g         1
  _eiint220
                                  00008baa         2   func ,g         1
  _eiint221
                                  00008bac         2   func ,g         1
  _eiint222
                                  00008bae         2   func ,g         1
  _eiint223
                                  00008bb0         2   func ,g         1
  _eiint224
                                  00008bb2         2   func ,g         1
  _eiint225
                                  00008bb4         2   func ,g         1
  _eiint226
                                  00008bb6         2   func ,g         1
  _eiint227
                                  00008bb8         2   func ,g         1
  _eiint228
                                  00008bba         2   func ,g         1
  _eiint229
                                  00008bbc         2   func ,g         1
  _eiint230
                                  00008bbe         2   func ,g         1
  _eiint231
                                  00008bc0         2   func ,g         1
  _eiint232
                                  00008bc2         2   func ,g         1
  _eiint233
                                  00008bc4         2   func ,g         1
  _eiint234
                                  00008bc6         2   func ,g         1
  _eiint235
                                  00008bc8         2   func ,g         1
  _eiint236
                                  00008bca         2   func ,g         1
  _eiint237
                                  00008bcc         2   func ,g         1
  _eiint238
                                  00008bce         2   func ,g         1
  _eiint239
                                  00008bd0         2   func ,g         1
  _eiint240
                                  00008bd2         2   func ,g         1
  _eiint241
                                  00008bd4         2   func ,g         1
  _eiint242
                                  00008bd6         2   func ,g         1
  _eiint243
                                  00008bd8         2   func ,g         1
  _eiint244
                                  00008bda         2   func ,g         1
  _eiint245
                                  00008bdc         2   func ,g         1
  _eiint246
                                  00008bde         2   func ,g         1
  _eiint247
                                  00008be0         2   func ,g         1
  _eiint248
                                  00008be2         2   func ,g         1
  _eiint249
                                  00008be4         2   func ,g         1
  _eiint250
                                  00008be6         2   func ,g         1
  _eiint251
                                  00008be8         2   func ,g         1
  _eiint252
                                  00008bea         2   func ,g         1
  _eiint253
                                  00008bec         2   func ,g         1
  _eiint254
                                  00008bee         2   func ,g         1
  _eiint255
                                  00008bf0         2   func ,g         1
  _eiint256
                                  00008bf2         2   func ,g         1
  _eiint257
                                  00008bf4         2   func ,g         1
  _eiint258
                                  00008bf6         2   func ,g         1
  _eiint259
                                  00008bf8         2   func ,g         1
  _eiint260
                                  00008bfa         2   func ,g         1
  _eiint261
                                  00008bfc         2   func ,g         1
  _eiint262
                                  00008bfe         2   func ,g         1
  _eiint263
                                  00008c00         2   func ,g         1
  _eiint264
                                  00008c02         2   func ,g         1
  _eiint265
                                  00008c04         2   func ,g         1
  _eiint266
                                  00008c06         2   func ,g         1
  _eiint267
                                  00008c08         2   func ,g         1
  _eiint268
                                  00008c0a         2   func ,g         1
  _eiint269
                                  00008c0c         2   func ,g         1
  _eiint270
                                  00008c0e         2   func ,g         1
  _eiint271
                                  00008c10         2   func ,g         1
  _eiint272
                                  00008c12         2   func ,g         1
  _eiint273
                                  00008c14         2   func ,g         1
  _eiint274
                                  00008c16         2   func ,g         1
  _eiint275
                                  00008c18         2   func ,g         1
  _eiint276
                                  00008c1a         2   func ,g         1
  _eiint277
                                  00008c1c         2   func ,g         1
  _eiint278
                                  00008c1e         2   func ,g         1
  _eiint279
                                  00008c20         2   func ,g         1
  _eiint280
                                  00008c22         2   func ,g         1
  _eiint281
                                  00008c24         2   func ,g         1
  _eiint282
                                  00008c26         2   func ,g         1
  _eiint283
                                  00008c28         2   func ,g         1
  _eiint284
                                  00008c2a         2   func ,g         1
  _eiint285
                                  00008c2c         2   func ,g         1
  _eiint286
                                  00008c2e         2   func ,g         1
  _eiint287
                                  00008c30         2   func ,g         1
  _eiint288
                                  00008c32         2   func ,g         1
  _eiint289
                                  00008c34         2   func ,g         1
  _eiint290
                                  00008c36         2   func ,g         1
  _eiint291
                                  00008c38         2   func ,g         1
  _eiint292
                                  00008c3a         2   func ,g         1
  _eiint293
                                  00008c3c         2   func ,g         1
  _eiint294
                                  00008c3e         2   func ,g         1
  _eiint295
                                  00008c40         2   func ,g         1
  _eiint296
                                  00008c42         2   func ,g         1
  _eiint297
                                  00008c44         2   func ,g         1
  _eiint298
                                  00008c46         2   func ,g         1
  _eiint299
                                  00008c48         2   func ,g         1
  _eiint300
                                  00008c4a         2   func ,g         1
  _eiint301
                                  00008c4c         2   func ,g         1
  _eiint302
                                  00008c4e         2   func ,g         1
  _eiint303
                                  00008c50         2   func ,g         1
  _eiint304
                                  00008c52         2   func ,g         1
  _eiint305
                                  00008c54         2   func ,g         1
  _eiint306
                                  00008c56         2   func ,g         1
  _eiint307
                                  00008c58         2   func ,g         1
  _eiint308
                                  00008c5a         2   func ,g         1
  _eiint309
                                  00008c5c         2   func ,g         1
  _eiint310
                                  00008c5e         2   func ,g         1
  _eiint311
                                  00008c60         2   func ,g         1
  _eiint312
                                  00008c62         2   func ,g         1
  _eiint313
                                  00008c64         2   func ,g         1
  _eiint314
                                  00008c66         2   func ,g         1
  _eiint315
                                  00008c68         2   func ,g         1
  _eiint316
                                  00008c6a         2   func ,g         1
  _eiint317
                                  00008c6c         2   func ,g         1
  _eiint318
                                  00008c6e         2   func ,g         1
  _eiint319
                                  00008c70         2   func ,g         1
  _eiint320
                                  00008c72         2   func ,g         1
  _eiint321
                                  00008c74         2   func ,g         1
  _eiint322
                                  00008c76         2   func ,g         1
  _eiint323
                                  00008c78         2   func ,g         1
  _eiint324
                                  00008c7a         2   func ,g         1
  _eiint325
                                  00008c7c         2   func ,g         1
  _eiint326
                                  00008c7e         2   func ,g         1
  _eiint327
                                  00008c80         2   func ,g         1
  _eiint328
                                  00008c82         2   func ,g         1
  _eiint329
                                  00008c84         2   func ,g         1
  _eiint330
                                  00008c86         2   func ,g         1
  _eiint331
                                  00008c88         2   func ,g         1
  _eiint332
                                  00008c8a         2   func ,g         1
  _eiint333
                                  00008c8c         2   func ,g         1
  _eiint334
                                  00008c8e         2   func ,g         1
  _eiint335
                                  00008c90         2   func ,g         1
  _eiint336
                                  00008c92         2   func ,g         1
  _eiint337
                                  00008c94         2   func ,g         1
  _eiint338
                                  00008c96         2   func ,g         1
  _eiint339
                                  00008c98         2   func ,g         1
  _eiint340
                                  00008c9a         2   func ,g         1
  _eiint341
                                  00008c9c         2   func ,g         1
  _eiint342
                                  00008c9e         2   func ,g         1
  _eiint343
                                  00008ca0         2   func ,g         1
  _eiint344
                                  00008ca2         2   func ,g         1
  _eiint345
                                  00008ca4         2   func ,g         1
  _eiint346
                                  00008ca6         2   func ,g         1
  _eiint347
                                  00008ca8         2   func ,g         1
  _eiint348
                                  00008caa         2   func ,g         1
  _eiint349
                                  00008cac         2   func ,g         1
  _eiint350
                                  00008cae         2   func ,g         1
  _eiint351
                                  00008cb0         2   func ,g         1
  _eiint352
                                  00008cb2         2   func ,g         1
  _eiint353
                                  00008cb4         2   func ,g         1
  _eiint354
                                  00008cb6         2   func ,g         1
  _eiint355
                                  00008cb8         2   func ,g         1
  _eiint356
                                  00008cba         2   func ,g         1
  _eiint357
                                  00008cbc         2   func ,g         1
FILE=DefaultBuild\Config_ADC.obj
                                  00008cbe  00008ee9       22c
  _R_Config_ADCA0_Create
                                  00008cbe       164   func ,g         1
  _R_Config_ADCA0_Halt
                                  00008e22        18   func ,g         0
  _R_Config_ADCA0_SelfDiagnostic_VoltageCircuitOn
                                  00008e3a        12   func ,g         0
  _R_Config_ADCA0_SelfDiagnostic_VoltageCircuitOff
                                  00008e4c        14   func ,g         0
  _R_Config_ADCA0_ScanGroup1_OperationOn
                                  00008e60         a   func ,g         0
  _R_Config_ADCA0_ScanGroup1_OperationOff
                                  00008e6a         a   func ,g         0
  _R_Config_ADCA0_ScanGroup1_GetResult
                                  00008e74        76   func ,g         0
FILE=DefaultBuild\Config_PWM.obj
                                  00008eea  000092e5       3fc
  _Update_PWM_Duty
                                  00008eea        1a   func ,g         3
  _PWM_Calculate_Timer_Count
                                  00008f04        2e   func ,g         1
  _PWM_Init_TAUD0
                                  00008f32       14a   func ,g         1
  _PWM_INLI
                                  0000907c        24   func ,g         1
  _PWM_PIC0_Init
                                  000090a0        ca   func ,g         1
  _PWM_Disable_INTTAUD0
                                  0000916a        f6   func ,g         1
  _PWM_START
                                  00009260        18   func ,g         1
  _PWM_STOP
                                  00009278        6e   func ,g         1
FILE=DefaultBuild\Config_PORT.obj
                                  000092e6  000099a7       6c2
  _PWM_R_Pins_Create
                                  000092e6       2d6   func ,g         1
  _R_Config_PORT_Create
                                  000095bc       356   func ,g         1
  _Config_CAN_PORT
                                  00009912        96   func ,g         1
FILE=DefaultBuild\Config_OSTM.obj
                                  000099a8  00009a8b        e4
  _R_Config_OSTM0_Create
                                  000099a8        3e   func ,g         1
  _R_Config_OSTM0_Start
                                  000099e6        12   func ,g         1
  _R_Config_OSTM0_Stop
                                  000099f8        22   func ,g         0
  _R_Config_OSTM0_Set_CompareValue
                                  00009a1a         8   func ,g         0
  _r_Config_OSTM0_interrupt
                                  00009a22        6a   func ,g         1
FILE=DefaultBuild\Config_TAUB0_0.obj
                                  00009a8c  00009bc1       136
  _R_Config_TAUB0_0_Create
                                  00009a8c        9a   func ,g         1
  _R_Config_TAUB0_0_Start
                                  00009b26        1a   func ,g         1
  _R_Config_TAUB0_0_Stop
                                  00009b40        28   func ,g         0
  _r_Config_TAUB0_0_interrupt
                                  00009b68        5a   func ,g         1
FILE=DefaultBuild\Config_TAUB0_1.obj
                                  00009bc2  00009d05       144
  _R_Config_TAUB0_1_Create
                                  00009bc2        a8   func ,g         1
  _R_Config_TAUB0_1_Start
                                  00009c6a        1a   func ,g         1
  _R_Config_TAUB0_1_Stop
                                  00009c84        28   func ,g         0
  _r_Config_TAUB0_1_interrupt
                                  00009cac        5a   func ,g         1
FILE=DefaultBuild\Config_CANFD.obj
                                  00009d06  00009e37       132
  _R_RSCAN0FD_Init
                                  00009d06       122   func ,g         1
  _R_CANFD_Init
                                  00009e28        10   func ,g         1
FILE=DefaultBuild\CAN_FD.obj
                                  00009e38  0000a0eb       2b4
  _can0_tx
                                  00009e38        90   func ,g         0
  _can0_rx
                                  00009ec8        70   func ,g         1
  _CAN_Rx_FIFO_ISR
                                  00009f38       116   func ,g         1
  _CAN0_Tx_ISR
                                  0000a04e        9e   func ,g         1
FILE=DefaultBuild\Config_WDT.obj
                                  0000a0ec  0000a179        8e
  _R_Config_WDT0_Create
                                  0000a0ec        46   func ,g         0
  _R_Config_WDT0_Restart
                                  0000a132         c   func ,g         1
  _r_Config_WDT0_interrupt
                                  0000a13e        3c   func ,g         1
FILE=DefaultBuild\ADC_Result.obj
                                  0000a17a  0000a5c5       44c
  _Current_Read
                                  0000a17a       44c   func ,g         0
FILE=DefaultBuild\Trapezoidal_Mode.obj
                                  0000a5c6  0000aabb       4f6
  _Hall_Read
                                  0000a5c6        3c   func ,g         2
  _Sector_Estimation
                                  0000a602       134   func ,g         1
  _Deg_Estimation
                                  0000a736        ae   func ,g         1
  _Speed_Estimation
                                  0000a7e4       18c   func ,g         1
  _Ele_Deg_Estimation
                                  0000a970        8a   func ,g         1
  _Trapezoidal_Patern
                                  0000a9fa        a6   func ,g         1
  _Trapezoidal_MODE
                                  0000aaa0        1c   func ,g         1
FILE=DefaultBuild\Fault_Analysis.obj
                                  0000aabc  0000afbb       500
  _Sensor_Health_Check
                                  0000aabc       234   func ,g         0
  _Sensor_Run_Time_Moni
                                  0000acf0        c4   func ,g         1
  _Hardware_Fault_Moni
                                  0000adb4        a2   func ,g         0
  _Software_Fault_Monitor
                                  0000ae56       166   func ,g         0
FILE=DefaultBuild\Motor_Control.obj
                                  0000afbc  0000b0bb       100
  _Motor_Run_Mode_Select
                                  0000afbc       100   func ,g         0
FILE=DefaultBuild\Sinusoidal_Mode.obj
                                  0000b0bc  0000b2ff       244
  _Sinusoidal_MODE
                                  0000b0bc       1ee   func ,g         1
  _Angle_Conversion
                                  0000b2aa        56   func ,g         1
FILE=initsct_rh
                                  0000b300  0000b3af        b0
  __INITSCT_RH
                                  0000b300         0   none ,g         1

SECTION=.data
FILE=DefaultBuild\main.obj
                                  0000b3b0  0000b3b7         8
FILE=DefaultBuild\Config_PWM.obj
                                  0000b3b8  0000b3bb         4
FILE=DefaultBuild\Config_OSTM.obj
                                  0000b3bc  0000b3bf         4
FILE=DefaultBuild\Config_TAUB0_0.obj
                                  0000b3c0  0000b3c3         4
FILE=DefaultBuild\Config_TAUB0_1.obj
                                  0000b3c4  0000b3c7         4
FILE=DefaultBuild\Config_CANFD.obj
                                  0000b3c8  0000b3cb         4
FILE=DefaultBuild\CAN_FD.obj
                                  0000b3cc  0000b3e3        18
FILE=DefaultBuild\ADC_Result.obj
                                  0000b3e4  0000b53b       158
FILE=DefaultBuild\Trapezoidal_Mode.obj
                                  0000b53c  0000b56a        2f
FILE=DefaultBuild\Fault_Analysis.obj
                                  0000b56c  0000b58a        1f
FILE=DefaultBuild\Motor_Control.obj
                                  0000b58c  0000b597         c
FILE=DefaultBuild\Sinusoidal_Mode.obj
                                  0000b598  0000b5d3        3c

SECTION=.data.R
FILE=DefaultBuild\main.obj
                                  fede8000  fede8007         8
  _main_cnt
                                  fede8000         4   data ,g         3
  _read_val
                                  fede8004         4   data ,g         0
FILE=DefaultBuild\Config_PWM.obj
                                  fede8008  fede800b         4
  _Timer_Count
                                  fede8008         4   data ,g         4
FILE=DefaultBuild\Config_OSTM.obj
                                  fede800c  fede800f         4
  _ostm_CNT
                                  fede800c         4   data ,g         3
FILE=DefaultBuild\Config_TAUB0_0.obj
                                  fede8010  fede8013         4
  _taub0_0_CNT
                                  fede8010         4   data ,g         3
FILE=DefaultBuild\Config_TAUB0_1.obj
                                  fede8014  fede8017         4
  _tab0_1_CNT
                                  fede8014         4   data ,g         3
FILE=DefaultBuild\Config_CANFD.obj
                                  fede8018  fede801b         4
  _i
                                  fede8018         4   data ,g         8
FILE=DefaultBuild\CAN_FD.obj
                                  fede801c  fede8033        18
  _rx_flag
                                  fede801c         1   data ,g         2
  _error_flag
                                  fede801d         1   data ,g         0
  _RX_Fifo_empty
                                  fede801e         1   data ,g         2
  _RX_fifo_full
                                  fede8020         4   data ,g         2
  _RX_Fifo_msg_lost
                                  fede8024         4   data ,g         0
  _rx_cnt
                                  fede8028         1   data ,g         3
  _ISR_Cnt
                                  fede802c         4   data ,g         3
  _CAN_Tx_Cnt
                                  fede8030         4   data ,g         3
FILE=DefaultBuild\ADC_Result.obj
                                  fede8034  fede818b       158
  _mon_5V_Cnt
                                  fede8034         2   data ,g         4
  _mon_5V_uC_V
                                  fede8038         4   data ,g         2
  _mon_5V
                                  fede803c         4   data ,g         2
  _mon_A_5V_Cnt
                                  fede8040         2   data ,g         4
  _mon_A_5V_uC_V
                                  fede8044         4   data ,g         2
  _mon_A_5V
                                  fede8048         4   data ,g         2
  _dc_Bus_V_Cnt
                                  fede804c         2   data ,g         4
  _dc_Bus_V
                                  fede8050         4   data ,g         2
  _dc_Bus_V_uC_V
                                  fede8054         4   data ,g         2
  _dc_Bus_I_Cnt
                                  fede8058         2   data ,g         4
  _dc_Bus_I
                                  fede805c         4   data ,g         2
  _dc_Bus_I_uC_V
                                  fede8060         4   data ,g         2
  _dc_Bus_I_CAL
                                  fede8064         4   data ,g         2
  _ac_R_Ph_V_Cnt
                                  fede8068         2   data ,g         4
  _ac_Y_Ph_V_Cnt
                                  fede806a         2   data ,g         4
  _ac_B_Ph_V_Cnt
                                  fede806c         2   data ,g         4
  _ac_R_Ph_V_uC_V
                                  fede8070         4   data ,g         2
  _ac_Y_Ph_V_uC_V
                                  fede8074         4   data ,g         2
  _ac_B_Ph_V_uC_V
                                  fede8078         4   data ,g         2
  _ac_R_Ph_V
                                  fede807c         4   data ,g         2
  _ac_Y_Ph_V
                                  fede8080         4   data ,g         2
  _ac_B_Ph_V
                                  fede8084         4   data ,g         2
  _ac_R_Ph_V_RMS
                                  fede8088         4   data ,g         0
  _ac_Y_Ph_V_RMS
                                  fede808c         4   data ,g         0
  _ac_B_Ph_V_RMS
                                  fede8090         4   data ,g         0
  _ac_R_Ph_I_Cnt
                                  fede8094         2   data ,g         4
  _ac_Y_Ph_I_Cnt
                                  fede8096         2   data ,g         4
  _ac_B_Ph_I_Cnt
                                  fede8098         2   data ,g         4
  _ac_R_Ph_I_uC_V
                                  fede809c         4   data ,g         2
  _ac_Y_Ph_I_uC_V
                                  fede80a0         4   data ,g         2
  _ac_B_Ph_I_uC_V
                                  fede80a4         4   data ,g         2
  _ac_R_Ph_I_CAL
                                  fede80a8         4   data ,g         2
  _ac_Y_Ph_I_CAL
                                  fede80ac         4   data ,g         2
  _ac_B_Ph_I_CAL
                                  fede80b0         4   data ,g         2
  _ac_R_Ph_I
                                  fede80b4         4   data ,g         2
  _ac_Y_Ph_I
                                  fede80b8         4   data ,g         2
  _ac_B_Ph_I
                                  fede80bc         4   data ,g         2
  _ac_R_Ph_I_RMS
                                  fede80c0         4   data ,g         0
  _ac_Y_Ph_I_RMS
                                  fede80c4         4   data ,g         0
  _ac_B_Ph_I_RMS
                                  fede80c8         4   data ,g         0
  _inv_Input_Power
                                  fede80cc         4   data ,g         0
  _inv_Output_Power
                                  fede80d0         4   data ,g         0
  _inv_Efficiency
                                  fede80d4         4   data ,g         0
  _inv_R_Ph_Temp_Cnt
                                  fede80d8         2   data ,g         6
  _inv_Y_Ph_Temp_Cnt
                                  fede80da         2   data ,g         6
  _inv_B_Ph_Temp_Cnt
                                  fede80dc         2   data ,g         6
  _int_R_Ph_Temp
                                  fede80e0         4   data ,g         0
  _int_Y_Ph_Temp
                                  fede80e4         4   data ,g         0
  _int_B_Ph_Temp
                                  fede80e8         4   data ,g         0
  _motor_Temp_Cnt
                                  fede80ec         2   data ,g         6
  _motor_Temp
                                  fede80f0         4   data ,g         0
  _motor_Temp_uC_V
                                  fede80f4         4   data ,g         0
  _tps1_Cnt
                                  fede80f8         2   data ,g         4
  _tps1_uC_V
                                  fede80fc         4   data ,g         2
  _tps1_V
                                  fede8100         4   data ,g         2
  _tps2_Cnt
                                  fede8104         2   data ,g         4
  _tps2_uC_V
                                  fede8108         4   data ,g         2
  _tps2_V
                                  fede810c         4   data ,g         2
  _df_Cof_AC_I
                                  fede8110         4   data ,g         4
  _perivious_AC_R_Ph_I_DF
                                  fede8114         4   data ,g         3
  _perivious_AC_Y_Ph_I_DF
                                  fede8118         4   data ,g         3
  _perivious_AC_B_Ph_I_DF
                                  fede811c         4   data ,g         3
  _act_AC_R_Ph_I
                                  fede8120         4   data ,g         a
  _act_AC_Y_Ph_I
                                  fede8124         4   data ,g         6
  _act_AC_B_Ph_I
                                  fede8128         4   data ,g         2
  _df_Cof_AC_V
                                  fede812c         4   data ,g         5
  _perivious_AC_R_Ph_V_DF
                                  fede8130         4   data ,g         3
  _perivious_AC_Y_Ph_V_DF
                                  fede8134         4   data ,g         3
  _perivious_AC_B_Ph_V_DF
                                  fede8138         4   data ,g         3
  _act_AC_R_Ph_V
                                  fede813c         4   data ,g         3
  _act_AC_Y_Ph_V
                                  fede8140         4   data ,g         2
  _act_AC_B_Ph_V
                                  fede8144         4   data ,g         2
  _df_Cof_DC_I
                                  fede8148         4   data ,g         6
  _perivious_DC_Bus_I_DF
                                  fede814c         4   data ,g         3
  _act_DC_Bus_I
                                  fede8150         4   data ,g         7
  _df_Cof_DC_V
                                  fede8154         4   data ,g         0
  _perivious_DC_Bus_V_DF
                                  fede8158         4   data ,g         3
  _act_DC_Bus_V
                                  fede815c         4   data ,g         2
  _df_Cof_TPS
                                  fede8160         4   data ,g         3
  _perivious_TPS1_V_DF
                                  fede8164         4   data ,g         3
  _act_TPS1_V
                                  fede8168         4   data ,g         2
  _perivious_TPS2_V_DF
                                  fede816c         4   data ,g         3
  _act_TPS2_V
                                  fede8170         4   data ,g         2
  _df_Cof_PS
                                  fede8174         4   data ,g         3
  _perivious_Mon_5V_DF
                                  fede8178         4   data ,g         3
  _act_5V
                                  fede817c         4   data ,g         2
  _perivious_Mon_A_5V_DF
                                  fede8180         4   data ,g         3
  _act_A_5V
                                  fede8184         4   data ,g         2
  _i_AC_R_Ph_CAL
                                  fede8188         4   data ,g         0
FILE=DefaultBuild\Trapezoidal_Mode.obj
                                  fede818c  fede81ba        2f
  _tpz_Duty
                                  fede818c         2   data ,g         4
  _sector
                                  fede818e         1   data ,g        22
  _hall_A
                                  fede818f         1   data ,g        12
  _hall_B
                                  fede8190         1   data ,g        12
  _hall_C
                                  fede8191         1   data ,g        12
  _mode_SW
                                  fede8192         1   data ,g         0
  _forward_REV_SW
                                  fede8193         1   data ,g         0
  _cruise_Cont_SW
                                  fede8194         1   data ,g         0
  _park_SW
                                  fede8195         1   data ,g         0
  _rear_Break_SW
                                  fede8196         1   data ,g         0
  _front_Break_SW
                                  fede8197         1   data ,g         0
  _side_Stand_SW
                                  fede8198         1   data ,g         0
  _kill_SW
                                  fede8199         1   data ,g         0
  _anti_Theft_Lock_Cont_SW
                                  fede819a         1   data ,g         0
  _gate_Deriver_Cond
                                  fede819b         1   data ,g         4
  _sect_Deg
                                  fede819c         2   data ,g        12
  _speed_Counter
                                  fede819e         2   data ,g         c
  _speed_Esti_Counter
                                  fede81a0         2   data ,g         3
  _prev_sect
                                  fede81a2         1   data ,g         8
  _freq
                                  fede81a4         2   data ,g         4
  _freq_Add
                                  fede81a6         2   data ,g         7
  _freq_Sum
                                  fede81a8         4   data ,g         6
  _freq_Sum_Cnt
                                  fede81ac         1   data ,g         6
  _speed_RPM
                                  fede81ae         2   data ,g         4
  _delta_Theta
                                  fede81b0         4   data ,g         6
  _delta_Theta_cnt
                                  fede81b4         4   data ,g         8
  _ele_Theta
                                  fede81b8         1   data ,g         7
  _no_of_Pole_pair
                                  fede81b9         1   data ,g         2
  _mot_Forward
                                  fede81ba         1   data ,g         8
FILE=DefaultBuild\Fault_Analysis.obj
                                  fede81bc  fede81da        1f
  _pGood_15V
                                  fede81bc         1   data ,g         2
  _shoot_Through_Fault
                                  fede81bd         1   data ,g         4
  _ocp_Fault
                                  fede81be         1   data ,g         4
  _fault_Hall_Sens
                                  fede81bf         1   data ,g         2
  _fault_I_AC_R_Sens
                                  fede81c0         1   data ,g         2
  _fault_I_AC_Y_Sens
                                  fede81c1         1   data ,g         2
  _fault_I_AC_B_Sens
                                  fede81c2         1   data ,g         2
  _fault_I_DC_Sens
                                  fede81c3         1   data ,g         2
  _fault_V_AC_R_Sens
                                  fede81c4         1   data ,g         2
  _fault_V_AC_Y_Sens
                                  fede81c5         1   data ,g         2
  _fault_V_AC_B_Sens
                                  fede81c6         1   data ,g         2
  _fault_V_DC_Sens
                                  fede81c7         1   data ,g         2
  _fault_Throttel_1_Sens
                                  fede81c8         1   data ,g         2
  _fault_Throttel_2_Sens
                                  fede81c9         1   data ,g         2
  _fault_Mot_Tem_Sens
                                  fede81ca         1   data ,g         2
  _inverter_Tem_NTC_R_Sens
                                  fede81cb         1   data ,g         2
  _inverter_Tem_NTC_Y_Sens
                                  fede81cc         1   data ,g         2
  _inverter_Tem_NTC_B_Sens
                                  fede81cd         1   data ,g         2
  _mon_Aux_5V_Measure
                                  fede81ce         1   data ,g         2
  _mon_Aux_A_5V_Measure
                                  fede81cf         1   data ,g         2
  _pGood_15V_Monitor
                                  fede81d0         1   data ,g         3
  _shoot_Through_Fault_Detect
                                  fede81d1         1   data ,g         4
  _ocp_Fault_Detect
                                  fede81d2         1   data ,g         4
  _fault_Phase_OC
                                  fede81d3         1   data ,g         2
  _fault_Phase_SC
                                  fede81d4         1   data ,g         2
  _fault_DC_BUS_OC
                                  fede81d5         1   data ,g         2
  _fault_DC_BUS_SC
                                  fede81d6         1   data ,g         2
  _fault_DC_BUS_OV
                                  fede81d7         1   data ,g         2
  _fault_DC_BUS_UV
                                  fede81d8         1   data ,g         2
  _fault_MOT_OT
                                  fede81d9         1   data ,g         2
  _fault_INV_OT
                                  fede81da         1   data ,g         4
FILE=DefaultBuild\Motor_Control.obj
                                  fede81dc  fede81e7         c
  _PWM_MODE_Switch
                                  fede81dc         1   data ,g         6
  _soft_start_delay
                                  fede81dd         1   data ,g         0
  _sect_Cycle_Cnt
                                  fede81de         2   data ,g         9
  _sect_Cycle_CLR_Delay_Cnt
                                  fede81e0         2   data ,g         7
  _pre_Mode_Chang_sector
                                  fede81e2         1   data ,g         6
  _throttle_Read
                                  fede81e4         4   data ,g         0
FILE=DefaultBuild\Sinusoidal_Mode.obj
                                  fede81e8  fede8223        3c
  _theta1
                                  fede81e8         4   data ,g         7
  _OFFSET_THE
                                  fede81ec         1   data ,g         4
  _rotor_Theta
                                  fede81f0         4   data ,g         3
  _rotor_Theta1
                                  fede81f4         4   data ,g         3
  _sine_Theta
                                  fede81f8         4   data ,g         5
  _cose_Theta
                                  fede81fc         4   data ,g         5
  _v_q
                                  fede8200         2   data ,g         c
  _v_d
                                  fede8202         2   data ,g         3
  _v_Alpha
                                  fede8204         4   data ,g         5
  _v_Beta
                                  fede8208         4   data ,g         4
  _va
                                  fede820c         4   data ,g         3
  _vb
                                  fede8210         4   data ,g         3
  _vc
                                  fede8214         4   data ,g         3
  _sin_Duty_U
                                  fede8218         2   data ,g         3
  _sin_Duty_V
                                  fede821a         2   data ,g         3
  _sin_Duty_W
                                  fede821c         2   data ,g         3
  _vd_ratio
                                  fede8220         4   data ,g         2

SECTION=.bss
FILE=DefaultBuild\Config_CGC.obj
                                  fede8224  fede8227         4
  _g_cg_sync_read
                                  fede8224         4   data ,g         e
FILE=DefaultBuild\CAN_FD.obj
                                  fede8228  fede8237        10
  _rx_msg_DLC
                                  fede8228         1   data ,g         2
  _rx_msg_ID
                                  fede822c         4   data ,g         2
  _rx_msg_data0
                                  fede8230         4   data ,g         2
  _rx_msg_data1
                                  fede8234         4   data ,g         2

SECTION=.stack.bss
FILE=DefaultBuild\cstart.obj
                                  fede8238  fede8437       200
  _stacktop
                                  fede8438         0   none ,l         1

Absolute value symbols
FILE=rlink_generates_01
  __gp_data
                                  00000000         0   none ,g         1
  __ep_data
                                  00000000         0   none ,g         1
FILE=rlink_generates_02
  __s.text
                                  00008414         0   none ,g         0
  __e.text
                                  0000b3b0         0   none ,g         0
  __S_text
                                  00008414         0   none ,g         0
  __E_text
                                  0000b3b0         0   none ,g         0
  __sRESET
                                  00000000         0   none ,g         0
  __eRESET
                                  000001f8         0   none ,g         0
  __SRESET
                                  00000000         0   none ,g         0
  __ERESET
                                  000001f8         0   none ,g         0
  __s.data
                                  0000b3b0         0   none ,g         1
  __e.data
                                  0000b5d4         0   none ,g         1
  __s.data.R
                                  fede8000         0   none ,g         1
  __e.data.R
                                  fede8224         0   none ,g         0
  __S_data
                                  0000b3b0         0   none ,g         0
  __E_data
                                  0000b5d4         0   none ,g         0
  __S_data_R
                                  fede8000         0   none ,g         0
  __E_data_R
                                  fede8224         0   none ,g         0
  __s.bss
                                  fede8224         0   none ,g         1
  __e.bss
                                  fede8238         0   none ,g         1
  __S_bss
                                  fede8224         0   none ,g         0
  __E_bss
                                  fede8238         0   none ,g         0
  __s.const
                                  00008000         0   none ,g         0
  __e.const
                                  00008400         0   none ,g         0
  __S_const
                                  00008000         0   none ,g         0
  __E_const
                                  00008400         0   none ,g         0
  __s.stack.bss
                                  fede8238         0   none ,g         0
  __e.stack.bss
                                  fede8438         0   none ,g         0
  __S_stack_bss
                                  fede8238         0   none ,g         0
  __E_stack_bss
                                  fede8438         0   none ,g         0
  __s.INIT_DSEC.const
                                  00008400         0   none ,g         1
  __e.INIT_DSEC.const
                                  0000840c         0   none ,g         1
  __S_INIT_DSEC_const
                                  00008400         0   none ,g         0
  __E_INIT_DSEC_const
                                  0000840c         0   none ,g         0
  __s.INIT_BSEC.const
                                  0000840c         0   none ,g         1
  __e.INIT_BSEC.const
                                  00008414         0   none ,g         1
  __S_INIT_BSEC_const
                                  0000840c         0   none ,g         0
  __E_INIT_BSEC_const
                                  00008414         0   none ,g         0
  __sEIINTTBL.const
                                  00000200         0   none ,g         1
  __eEIINTTBL.const
                                  00000798         0   none ,g         0
  __SEIINTTBL_const
                                  00000200         0   none ,g         0
  __EEIINTTBL_const
                                  00000798         0   none ,g         0

*** Unfilled Areas ***

AREA                                START    END

*** Delete Symbols ***

SYMBOL                                SIZE    INFO

*** Cross Reference List ***

No   Unit Name   Global.Symbol   Location External Infomation
---- ----------- --------------- -------- ---------------------
0001 boot
     SECTION=.text
     SECTION=RESET
0002 cstart
     SECTION=.text
                 __cstart
                                 000084ae 0001(0000846e:.text)
     SECTION=.data
     SECTION=.bss
     SECTION=.const
     SECTION=.stack.bss
     SECTION=.INIT_DSEC.const
     SECTION=.INIT_BSEC.const
     SECTION=.data.R
0003 main
     SECTION=.text
                 _main
                                 00008520 0002(00008512:.text)
                 _r_main_userinit
                                 00008548 0003(00008525:.text)
     SECTION=.data.R
                 _main_cnt
                                 fede8000 0003(0000853a:.text)
                                          0003(0000853e:.text)
                                          0003(00008544:.text)
                 _read_val
                                 fede8004
     SECTION=.data
0004 Config_CGC
     SECTION=.text
                 _R_CGC_Create
                                 0000855c 0005(000089bf:.text)
     SECTION=.bss
                 _g_cg_sync_read
                                 fede8224 0004(000089ac:.text)
                                          0004(000089b0:.text)
                                          0011(000099dc:.text)
                                          0011(000099e0:.text)
                                          0011(00009a0a:.text)
                                          0011(00009a14:.text)
                                          0012(00009b5e:.text)
                                          0012(00009b62:.text)
                                          0013(00009c60:.text)
                                          0013(00009c64:.text)
                                          0013(00009ca2:.text)
                                          0013(00009ca6:.text)
                                          0016(0000a114:.text)
                                          0016(0000a11e:.text)
0005 Systeminit
     SECTION=.text
                 _R_Systeminit
                                 000089b6 0003(00008551:.text)
0006 intvector
     SECTION=EIINTTBL.const
                 _INT_Vectors
                                 00000200
0007 DummyInt
     SECTION=.text
                 _eiint0
                                 000089de 0006(00000200:EIINTTBL.const)
                 _eiint1
                                 000089e0 0006(00000204:EIINTTBL.const)
                 _eiint2
                                 000089e2 0006(00000208:EIINTTBL.const)
                 _eiint3
                                 000089e4 0006(0000020c:EIINTTBL.const)
                 _eiint4
                                 000089e6 0006(00000210:EIINTTBL.const)
                 _eiint5
                                 000089e8 0006(00000214:EIINTTBL.const)
                 _eiint6
                                 000089ea 0006(00000218:EIINTTBL.const)
                 _eiint7
                                 000089ec 0006(0000021c:EIINTTBL.const)
                 _eiint8
                                 000089ee 0006(00000220:EIINTTBL.const)
                 _eiint9
                                 000089f0 0006(00000224:EIINTTBL.const)
                 _eiint10
                                 000089f2 0006(00000228:EIINTTBL.const)
                 _eiint11
                                 000089f4 0006(0000022c:EIINTTBL.const)
                 _eiint12
                                 000089f6 0006(00000230:EIINTTBL.const)
                 _eiint13
                                 000089f8 0006(00000234:EIINTTBL.const)
                 _eiint14
                                 000089fa 0006(00000238:EIINTTBL.const)
                 _eiint15
                                 000089fc 0006(0000023c:EIINTTBL.const)
                 _eiint16
                                 000089fe 0006(00000240:EIINTTBL.const)
                 _eiint17
                                 00008a00 0006(00000244:EIINTTBL.const)
                 _eiint18
                                 00008a02 0006(00000248:EIINTTBL.const)
                 _eiint19
                                 00008a04 0006(0000024c:EIINTTBL.const)
                 _eiint20
                                 00008a06 0006(00000250:EIINTTBL.const)
                 _eiint21
                                 00008a08 0006(00000254:EIINTTBL.const)
                 _eiint22
                                 00008a0a 0006(00000258:EIINTTBL.const)
                 _eiint23
                                 00008a0c
                 _eiint24
                                 00008a0e 0006(00000260:EIINTTBL.const)
                 _eiint25
                                 00008a10 0006(00000264:EIINTTBL.const)
                 _eiint26
                                 00008a12
                 _eiint27
                                 00008a14 0006(0000026c:EIINTTBL.const)
                 _eiint28
                                 00008a16 0006(00000270:EIINTTBL.const)
                 _eiint29
                                 00008a18 0006(00000274:EIINTTBL.const)
                 _eiint30
                                 00008a1a 0006(00000278:EIINTTBL.const)
                 _eiint31
                                 00008a1c 0006(0000027c:EIINTTBL.const)
                 _eiint32
                                 00008a1e 0006(00000280:EIINTTBL.const)
                 _eiint33
                                 00008a20 0006(00000284:EIINTTBL.const)
                 _eiint34
                                 00008a22 0006(00000288:EIINTTBL.const)
                 _eiint35
                                 00008a24 0006(0000028c:EIINTTBL.const)
                 _eiint36
                                 00008a26 0006(00000290:EIINTTBL.const)
                 _eiint37
                                 00008a28 0006(00000294:EIINTTBL.const)
                 _eiint38
                                 00008a2a 0006(00000298:EIINTTBL.const)
                 _eiint39
                                 00008a2c 0006(0000029c:EIINTTBL.const)
                 _eiint40
                                 00008a2e
                 _eiint41
                                 00008a30 0006(000002a4:EIINTTBL.const)
                 _eiint42
                                 00008a32 0006(000002a8:EIINTTBL.const)
                 _eiint43
                                 00008a34 0006(000002ac:EIINTTBL.const)
                 _eiint44
                                 00008a36 0006(000002b0:EIINTTBL.const)
                 _eiint45
                                 00008a38 0006(000002b4:EIINTTBL.const)
                 _eiint46
                                 00008a3a 0006(000002b8:EIINTTBL.const)
                 _eiint47
                                 00008a3c 0006(000002bc:EIINTTBL.const)
                 _eiint48
                                 00008a3e 0006(000002c0:EIINTTBL.const)
                 _eiint49
                                 00008a40 0006(000002c4:EIINTTBL.const)
                 _eiint50
                                 00008a42 0006(000002c8:EIINTTBL.const)
                 _eiint51
                                 00008a44 0006(000002cc:EIINTTBL.const)
                 _eiint52
                                 00008a46 0006(000002d0:EIINTTBL.const)
                 _eiint53
                                 00008a48 0006(000002d4:EIINTTBL.const)
                 _eiint54
                                 00008a4a 0006(000002d8:EIINTTBL.const)
                 _eiint55
                                 00008a4c 0006(000002dc:EIINTTBL.const)
                 _eiint56
                                 00008a4e 0006(000002e0:EIINTTBL.const)
                 _eiint57
                                 00008a50 0006(000002e4:EIINTTBL.const)
                 _eiint58
                                 00008a52 0006(000002e8:EIINTTBL.const)
                 _eiint59
                                 00008a54 0006(000002ec:EIINTTBL.const)
                 _eiint60
                                 00008a56 0006(000002f0:EIINTTBL.const)
                 _eiint61
                                 00008a58 0006(000002f4:EIINTTBL.const)
                 _eiint62
                                 00008a5a 0006(000002f8:EIINTTBL.const)
                 _eiint63
                                 00008a5c 0006(000002fc:EIINTTBL.const)
                 _eiint64
                                 00008a5e 0006(00000300:EIINTTBL.const)
                 _eiint65
                                 00008a60 0006(00000304:EIINTTBL.const)
                 _eiint66
                                 00008a62 0006(00000308:EIINTTBL.const)
                 _eiint67
                                 00008a64 0006(0000030c:EIINTTBL.const)
                 _eiint68
                                 00008a66 0006(00000310:EIINTTBL.const)
                 _eiint69
                                 00008a68 0006(00000314:EIINTTBL.const)
                 _eiint70
                                 00008a6a 0006(00000318:EIINTTBL.const)
                 _eiint71
                                 00008a6c 0006(0000031c:EIINTTBL.const)
                 _eiint72
                                 00008a6e 0006(00000320:EIINTTBL.const)
                 _eiint73
                                 00008a70 0006(00000324:EIINTTBL.const)
                 _eiint74
                                 00008a72 0006(00000328:EIINTTBL.const)
                 _eiint75
                                 00008a74 0006(0000032c:EIINTTBL.const)
                 _eiint76
                                 00008a76 0006(00000330:EIINTTBL.const)
                 _eiint77
                                 00008a78 0006(00000334:EIINTTBL.const)
                 _eiint78
                                 00008a7a 0006(00000338:EIINTTBL.const)
                 _eiint79
                                 00008a7c 0006(0000033c:EIINTTBL.const)
                 _eiint80
                                 00008a7e 0006(00000340:EIINTTBL.const)
                 _eiint81
                                 00008a80 0006(00000344:EIINTTBL.const)
                 _eiint82
                                 00008a82 0006(00000348:EIINTTBL.const)
                 _eiint83
                                 00008a84 0006(0000034c:EIINTTBL.const)
                 _eiint84
                                 00008a86
                 _eiint85
                                 00008a88 0006(00000354:EIINTTBL.const)
                 _eiint86
                                 00008a8a 0006(00000358:EIINTTBL.const)
                 _eiint87
                                 00008a8c 0006(0000035c:EIINTTBL.const)
                 _eiint88
                                 00008a8e 0006(00000360:EIINTTBL.const)
                 _eiint89
                                 00008a90 0006(00000364:EIINTTBL.const)
                 _eiint90
                                 00008a92 0006(00000368:EIINTTBL.const)
                 _eiint91
                                 00008a94 0006(0000036c:EIINTTBL.const)
                 _eiint92
                                 00008a96 0006(00000370:EIINTTBL.const)
                 _eiint93
                                 00008a98 0006(00000374:EIINTTBL.const)
                 _eiint94
                                 00008a9a 0006(00000378:EIINTTBL.const)
                 _eiint95
                                 00008a9c 0006(0000037c:EIINTTBL.const)
                 _eiint96
                                 00008a9e 0006(00000380:EIINTTBL.const)
                 _eiint97
                                 00008aa0 0006(00000384:EIINTTBL.const)
                 _eiint98
                                 00008aa2 0006(00000388:EIINTTBL.const)
                 _eiint99
                                 00008aa4 0006(0000038c:EIINTTBL.const)
                 _eiint100
                                 00008aa6 0006(00000390:EIINTTBL.const)
                 _eiint101
                                 00008aa8 0006(00000394:EIINTTBL.const)
                 _eiint102
                                 00008aaa 0006(00000398:EIINTTBL.const)
                 _eiint103
                                 00008aac 0006(0000039c:EIINTTBL.const)
                 _eiint104
                                 00008aae 0006(000003a0:EIINTTBL.const)
                 _eiint105
                                 00008ab0 0006(000003a4:EIINTTBL.const)
                 _eiint106
                                 00008ab2 0006(000003a8:EIINTTBL.const)
                 _eiint107
                                 00008ab4 0006(000003ac:EIINTTBL.const)
                 _eiint108
                                 00008ab6 0006(000003b0:EIINTTBL.const)
                 _eiint109
                                 00008ab8 0006(000003b4:EIINTTBL.const)
                 _eiint110
                                 00008aba 0006(000003b8:EIINTTBL.const)
                 _eiint111
                                 00008abc 0006(000003bc:EIINTTBL.const)
                 _eiint112
                                 00008abe 0006(000003c0:EIINTTBL.const)
                 _eiint113
                                 00008ac0 0006(000003c4:EIINTTBL.const)
                 _eiint114
                                 00008ac2 0006(000003c8:EIINTTBL.const)
                 _eiint115
                                 00008ac4 0006(000003cc:EIINTTBL.const)
                 _eiint116
                                 00008ac6 0006(000003d0:EIINTTBL.const)
                 _eiint117
                                 00008ac8 0006(000003d4:EIINTTBL.const)
                 _eiint118
[...]
                                 fede81ac 0018(0000a85e:.text)
                                          0018(0000a862:.text)
                                          0018(0000a868:.text)
                                          0018(0000a87d:.text)
                                          0018(0000a8a4:.text)
                                          0018(0000a8a8:.text)
                 _speed_RPM
                                 fede81ae 0018(0000a8d6:.text)
                                          0018(0000a8da:.text)
                                          0018(0000a958:.text)
                                          0018(0000a95c:.text)
                 _delta_Theta
                                 fede81b0 0018(0000a8fe:.text)
                                          0018(0000a902:.text)
                                          0018(0000a986:.text)
                                          0018(0000a98a:.text)
                                          0018(0000a9ca:.text)
                                          0018(0000a9ce:.text)
                 _delta_Theta_cnt
                                 fede81b4 0018(0000a91a:.text)
                                          0018(0000a91e:.text)
                                          0018(0000a97e:.text)
                                          0018(0000a982:.text)
                                          0018(0000a992:.text)
                                          0018(0000a9c2:.text)
                                          0018(0000a9c6:.text)
                                          0018(0000a9d6:.text)
                 _ele_Theta
                                 fede81b8 0018(0000a960:.text)
                                          0018(0000a964:.text)
                                          0018(0000a9b4:.text)
                                          0018(0000a9b8:.text)
                                          0022(0000b2ac:.text)
                                          0022(0000b2af:.text)
                                          0022(0000b2c4:.text)
                 _no_of_Pole_pair
                                 fede81b9 0018(0000a8ac:.text)
                                          0018(0000a8af:.text)
                 _mot_Forward
                                 fede81ba 0018(0000a738:.text)
                                          0018(0000a73b:.text)
                                          0018(0000a972:.text)
                                          0018(0000a975:.text)
                                          0018(0000a9fc:.text)
                                          0018(0000a9ff:.text)
                                          0022(0000b0c2:.text)
                                          0022(0000b0c5:.text)
     SECTION=.data
0019 Fault_Analysis
     SECTION=.text
                 _Sensor_Health_Check
                                 0000aabc
                 _Sensor_Run_Time_Moni
                                 0000acf0 0019(0000ace9:.text)
                 _Hardware_Fault_Moni
                                 0000adb4
                 _Software_Fault_Monitor
                                 0000ae56
     SECTION=.data.R
                 _pGood_15V
                                 fede81bc 0019(0000ad98:.text)
                                          0019(0000ad9b:.text)
                 _shoot_Through_Fault
                                 fede81bd 0019(0000adc2:.text)
                                          0019(0000adc6:.text)
                                          0019(0000adf2:.text)
                                          0019(0000adf5:.text)
                 _ocp_Fault
                                 fede81be 0019(0000ae12:.text)
                                          0019(0000ae16:.text)
                                          0019(0000ae42:.text)
                                          0019(0000ae45:.text)
                 _fault_Hall_Sens
                                 fede81bf 0019(0000ad40:.text)
                                          0019(0000ad44:.text)
                 _fault_I_AC_R_Sens
                                 fede81c0 0019(0000aae2:.text)
                                          0019(0000aae6:.text)
                 _fault_I_AC_Y_Sens
                                 fede81c1 0019(0000ab0a:.text)
                                          0019(0000ab0e:.text)
                 _fault_I_AC_B_Sens
                                 fede81c2 0019(0000ab32:.text)
                                          0019(0000ab36:.text)
                 _fault_I_DC_Sens
                                 fede81c3 0019(0000ab5a:.text)
                                          0019(0000ab5e:.text)
                 _fault_V_AC_R_Sens
                                 fede81c4 0019(0000ab80:.text)
                                          0019(0000ab84:.text)
                 _fault_V_AC_Y_Sens
                                 fede81c5 0019(0000aba6:.text)
                                          0019(0000abaa:.text)
                 _fault_V_AC_B_Sens
                                 fede81c6 0019(0000abcc:.text)
                                          0019(0000abd0:.text)
                 _fault_V_DC_Sens
                                 fede81c7 0019(0000abf2:.text)
                                          0019(0000abf6:.text)
                 _fault_Throttel_1_Sens
                                 fede81c8 0019(0000ac1a:.text)
                                          0019(0000ac1e:.text)
                 _fault_Throttel_2_Sens
                                 fede81c9 0019(0000ac42:.text)
                                          0019(0000ac46:.text)
                 _fault_Mot_Tem_Sens
                                 fede81ca 0019(0000ac6a:.text)
                                          0019(0000ac6e:.text)
                 _inverter_Tem_NTC_R_Sens
                                 fede81cb 0019(0000ac92:.text)
                                          0019(0000ac96:.text)
                 _inverter_Tem_NTC_Y_Sens
                                 fede81cc 0019(0000acba:.text)
                                          0019(0000acbe:.text)
                 _inverter_Tem_NTC_B_Sens
                                 fede81cd 0019(0000ace2:.text)
                                          0019(0000ace6:.text)
                 _mon_Aux_5V_Measure
                                 fede81ce 0019(0000ad68:.text)
                                          0019(0000ad6c:.text)
                 _mon_Aux_A_5V_Measure
                                 fede81cf 0019(0000ad90:.text)
                                          0019(0000ad94:.text)
                 _pGood_15V_Monitor
                                 fede81d0 0019(0000ada2:.text)
                                          0019(0000adaa:.text)
                                          0019(0000adb0:.text)
                 _shoot_Through_Fault_Detect
                                 fede81d1 0019(0000adce:.text)
                                          0019(0000add4:.text)
                                          0019(0000adfe:.text)
                                          0019(0000ae02:.text)
                 _ocp_Fault_Detect
                                 fede81d2 0019(0000ae1e:.text)
                                          0019(0000ae24:.text)
                                          0019(0000ae4e:.text)
                                          0019(0000ae52:.text)
                 _fault_Phase_OC
                                 fede81d3 0019(0000ae9e:.text)
                                          0019(0000aea2:.text)
                 _fault_Phase_SC
                                 fede81d4 0019(0000aeec:.text)
                                          0019(0000aef0:.text)
                 _fault_DC_BUS_OC
                                 fede81d5 0019(0000af0c:.text)
                                          0019(0000af10:.text)
                 _fault_DC_BUS_SC
                                 fede81d6 0019(0000af28:.text)
                                          0019(0000af2c:.text)
                 _fault_DC_BUS_OV
                                 fede81d7 0019(0000af44:.text)
                                          0019(0000af48:.text)
                 _fault_DC_BUS_UV
                                 fede81d8 0019(0000af60:.text)
                                          0019(0000af64:.text)
                 _fault_MOT_OT
                                 fede81d9 0019(0000af76:.text)
                                          0019(0000af7a:.text)
                 _fault_INV_OT
                                 fede81da 0019(0000afa8:.text)
                                          0019(0000afae:.text)
                                          0019(0000afb4:.text)
                                          0019(0000afb8:.text)
     SECTION=.data
0020 Register_Interface
0021 Motor_Control
     SECTION=.text
                 _Motor_Run_Mode_Select
                                 0000afbc
     SECTION=.data.R
                 _PWM_MODE_Switch
                                 fede81dc 0021(0000b010:.text)
                                          0021(0000b014:.text)
                                          0021(0000b068:.text)
                                          0021(0000b06e:.text)
                                          0021(0000b08a:.text)
                                          0021(0000b08d:.text)
                 _soft_start_delay
                                 fede81dd
                 _sect_Cycle_Cnt
                                 fede81de 0021(0000b008:.text)
                                          0021(0000b00c:.text)
                                          0021(0000b02c:.text)
                                          0021(0000b030:.text)
                                          0021(0000b036:.text)
                                          0021(0000b052:.text)
                                          0021(0000b056:.text)
                                          0021(0000b05e:.text)
                                          0021(0000b064:.text)
                 _sect_Cycle_CLR_Delay_Cnt
                                 fede81e0 0021(0000afd6:.text)
                                          0021(0000afda:.text)
                                          0021(0000afe0:.text)
                                          0021(0000afec:.text)
                                          0021(0000aff0:.text)
                                          0021(0000b03a:.text)
                                          0021(0000b03e:.text)
                 _pre_Mode_Chang_sector
                                 fede81e2 0021(0000affc:.text)
                                          0021(0000afff:.text)
                                          0021(0000b020:.text)
                                          0021(0000b023:.text)
                                          0021(0000b04a:.text)
                                          0021(0000b04e:.text)
                 _throttle_Read
                                 fede81e4
     SECTION=.data
0022 Sinusoidal_Mode
     SECTION=.const
                 _Table
                                 00008000 0022(0000b150:.text)
     SECTION=.text
                 _Sinusoidal_MODE
                                 0000b0bc 0021(0000b0b5:.text)
                 _Angle_Conversion
                                 0000b2aa 0022(0000b0e3:.text)
     SECTION=.data.R
                 _theta1
                                 fede81e8 0022(0000b0e8:.text)
                                          0022(0000b0ec:.text)
                                          0022(0000b2dc:.text)
                                          0022(0000b2e0:.text)
                                          0022(0000b2ec:.text)
                                          0022(0000b2f0:.text)
                                          0022(0000b2fc:.text)
                 _OFFSET_THE
                                 fede81ec 0022(0000b0dc:.text)
                                          0022(0000b0e0:.text)
                                          0022(0000b0f0:.text)
                                          0022(0000b0f3:.text)
                 _rotor_Theta
                                 fede81f0 0022(0000b11e:.text)
                                          0022(0000b122:.text)
                                          0022(0000b144:.text)
                 _rotor_Theta1
                                 fede81f4 0022(0000b13c:.text)
                                          0022(0000b140:.text)
                                          0022(0000b164:.text)
                 _sine_Theta
                                 fede81f8 0022(0000b15c:.text)
                                          0022(0000b160:.text)
                                          0022(0000b1e0:.text)
                                          0022(0000b1e4:.text)
                                          0022(0000b208:.text)
                 _cose_Theta
                                 fede81fc 0022(0000b172:.text)
                                          0022(0000b176:.text)
                                          0022(0000b1d0:.text)
                                          0022(0000b1d4:.text)
                                          0022(0000b1fc:.text)
                 _v_q
                                 fede8200 0022(0000b17a:.text)
                                          0022(0000b17e:.text)
                                          0022(0000b188:.text)
                                          0022(0000b190:.text)
                                          0022(0000b194:.text)
                                          0022(0000b198:.text)
                                          0022(0000b1a0:.text)
                                          0022(0000b1a4:.text)
                                          0022(0000b1b0:.text)
                                          0022(0000b1b4:.text)
                                          0022(0000b1dc:.text)
                                          0022(0000b1f8:.text)
                 _v_d
                                 fede8202 0022(0000b1c6:.text)
                                          0022(0000b1ca:.text)
                                          0022(0000b204:.text)
                 _v_Alpha
                                 fede8204 0022(0000b1f0:.text)
                                          0022(0000b1f4:.text)
                                          0022(0000b21c:.text)
                                          0022(0000b228:.text)
                                          0022(0000b24c:.text)
                 _v_Beta
                                 fede8208 0022(0000b214:.text)
                                          0022(0000b218:.text)
                                          0022(0000b230:.text)
                                          0022(0000b252:.text)
                 _va
                                 fede820c 0022(0000b220:.text)
                                          0022(0000b224:.text)
                                          0022(0000b268:.text)
                 _vb
                                 fede8210 0022(0000b244:.text)
                                          0022(0000b248:.text)
                                          0022(0000b278:.text)
                 _vc
                                 fede8214 0022(0000b260:.text)
                                          0022(0000b264:.text)
                                          0022(0000b288:.text)
                 _sin_Duty_U
                                 fede8218 0022(0000b270:.text)
                                          0022(0000b274:.text)
                                          0022(0000b2a0:.text)
                 _sin_Duty_V
                                 fede821a 0022(0000b280:.text)
                                          0022(0000b284:.text)
                                          0022(0000b29c:.text)
                 _sin_Duty_W
                                 fede821c 0022(0000b290:.text)
                                          0022(0000b294:.text)
                                          0022(0000b298:.text)
                 _vd_ratio
                                 fede8220 0022(0000b1a8:.text)
                                          0022(0000b1ac:.text)
     SECTION=.data
0023 initsct_rh
     SECTION=.text
                 __INITSCT_RH
                                 0000b300 0002(000084da:.text)
0024 rlink_generates_01
     SECTION=
                 __gp_data
                                 00000000 0002(000084b6:.text)
                 __ep_data
                                 00000000 0002(000084bc:.text)
0025 rlink_generates_02
     SECTION=
                 __sRESET
                                 00000000
                 __SRESET
                                 00000000
                 __eRESET
                                 000001f8
                 __ERESET
                                 000001f8
                 __sEIINTTBL.const
                                 00000200 0001(00008464:.text)
                 __SEIINTTBL_const
                                 00000200
                 __eEIINTTBL.const
                                 00000798
                 __EEIINTTBL_const
                                 00000798
                 __s.const
                                 00008000
                 __S_const
                                 00008000
                 __e.const
                                 00008400
                 __E_const
                                 00008400
                 __s.INIT_DSEC.const
                                 00008400 0002(000084c2:.text)
                 __S_INIT_DSEC_const
                                 00008400
                 __e.INIT_DSEC.const
                                 0000840c 0002(000084c8:.text)
                 __E_INIT_DSEC_const
                                 0000840c
                 __s.INIT_BSEC.const
                                 0000840c 0002(000084ce:.text)
                 __S_INIT_BSEC_const
                                 0000840c
                 __s.text
                                 00008414
                 __S_text
                                 00008414
                 __e.INIT_BSEC.const
                                 00008414 0002(000084d4:.text)
                 __E_INIT_BSEC_const
                                 00008414
                 __e.text
                                 0000b3b0
                 __E_text
                                 0000b3b0
                 __s.data
                                 0000b3b0 0002(00008400:.INIT_DSEC.const)
                 __S_data
                                 0000b3b0
                 __e.data
                                 0000b5d4 0002(00008404:.INIT_DSEC.const)
                 __E_data
                                 0000b5d4
                 __s.data.R
                                 fede8000 0002(00008408:.INIT_DSEC.const)
                 __S_data_R
                                 fede8000
                 __e.data.R
                                 fede8224
                 __E_data_R
                                 fede8224
                 __s.bss
                                 fede8224 0002(0000840c:.INIT_BSEC.const)
                 __S_bss
                                 fede8224
                 __e.bss
                                 fede8238 0002(00008410:.INIT_BSEC.const)
                 __E_bss
                                 fede8238
                 __s.stack.bss
                                 fede8238
                 __S_stack_bss
                                 fede8238
                 __e.stack.bss
                                 fede8438
                 __E_stack_bss
                                 fede8438
