Renesas Optimizing Linker (W3.05.00 )             06-Nov-2024 16:47:47

*** Options ***

-MAKEUD=DefaultBuild\LUCAS_TVS_5KW_IVCU_HUB_MOTOR_30102024_V3_6__WIP_VEHICAL_TEST.lk.ud
-subcommand=DefaultBuild\LUCAS_TVS_5KW_IVCU_HUB_MOTOR_30102024_V3_6__WIP_VEHICAL_TEST.clnk
-input=DefaultBuild\boot.obj
-input=DefaultBuild\cstart.obj
-input=DefaultBuild\main.obj
-input=DefaultBuild\Config_CGC.obj
-input=DefaultBuild\Systeminit.obj
-input=DefaultBuild\intvector.obj
-input=DefaultBuild\DummyInt.obj
-input=DefaultBuild\Config_ADC.obj
-input=DefaultBuild\Config_PWM.obj
-input=DefaultBuild\Config_PORT.obj
-input=DefaultBuild\Config_OSTM.obj
-input=DefaultBuild\Config_TAUB0_0.obj
-input=DefaultBuild\Config_TAUB0_1.obj
-input=DefaultBuild\Config_CAN.obj
-input=DefaultBuild\CAN.obj
-input=DefaultBuild\Config_WDT.obj
-input=DefaultBuild\ADC_Result.obj
-input=DefaultBuild\Trapezoidal_Mode.obj
-input=DefaultBuild\Fault_Analysis.obj
-input=DefaultBuild\Register_Interface.obj
-input=DefaultBuild\Motor_Control.obj
-input=DefaultBuild\Sinusoidal_Mode.obj
-input=DefaultBuild\Digital_Input_Read.obj
-input=DefaultBuild\Temperature_Cal.obj
-input=DefaultBuild\CAN_TX.obj
-debug
-nocompress
-NOOPtimize
-output=DefaultBuild\LUCAS_TVS_5KW_IVCU_HUB_MOTOR_30102024_V3_6__WIP_VEHICAL_TEST.abs
-library=v850e3v5\rhf4n.lib
-library=v850e3v5\libmalloc.lib
-list=DefaultBuild\LUCAS_TVS_5KW_IVCU_HUB_MOTOR_30102024_V3_6__WIP_VEHICAL_TEST.map
-show=all
-start=RESET/0,EIINTTBL.const/00000200,.const,.INIT_DSEC.const,.INIT_BSEC.const,.text,.data/00008000,.data.R,.bss,.stack.bss/FEDE8000
-rom=.data=.data.R
-nologo
-end

*** Error information ***

*** Mapping List ***

SECTION                            START      END         SIZE   ALIGN
RESET
                                  00000000  000001f7       1f8   200
EIINTTBL.const
                                  00000200  00000797       598   4
.const
                                  00008000  0000845f       460   4
.INIT_DSEC.const
                                  00008460  0000846b         c   4
.INIT_BSEC.const
                                  0000846c  00008473         8   4
.text
                                  00008474  0000d183      4d10   2
.data
                                  0000d184  0000d49d       31a   4
.data.R
                                  fede8000  fede8319       31a   4
.bss
                                  fede831c  fede83bb        a0   4
.stack.bss
                                  fede83bc  fede85bb       200   4

*** Total Section Size ***

RAMDATA SECTION:  000005ba Byte(s)
ROMDATA SECTION:  00000d26 Byte(s)
PROGRAM SECTION:  00004f08 Byte(s)

*** Symbol List ***

SECTION=
FILE=                               START        END    SIZE
  SYMBOL                            ADDR        SIZE    INFO      COUNTS  OPT
    STRUCT                                      SIZE
      MEMBER                        ADDR        SIZE    INFO

SECTION=RESET
FILE=DefaultBuild\boot.obj
                                  00000000  000001f7       1f8

SECTION=EIINTTBL.const
FILE=DefaultBuild\intvector.obj
                                  00000200  00000797       598
  _INT_Vectors
                                  00000200       598   data ,g         0

SECTION=.const
FILE=DefaultBuild\Sinusoidal_Mode.obj
                                  00008000  000083ff       400
  _Table
                                  00008000       400   data ,g         1
FILE=logf
                                  00008400  0000845f        60
  _log_coeff_l.1
                                  00008400         0   none ,l         1
  _log_coeff_r.2
                                  00008430         0   none ,l         1

SECTION=.INIT_DSEC.const
FILE=DefaultBuild\cstart.obj
                                  00008460  0000846b         c

SECTION=.INIT_BSEC.const
FILE=DefaultBuild\cstart.obj
                                  0000846c  00008473         8

SECTION=.text
FILE=DefaultBuild\boot.obj
                                  00008474  0000850d        9a
  _Dummy
                                  00008474         0   none ,l         d
  _Dummy_EI
                                  00008476         0   none ,l        14
  __start
                                  00008478         0   none ,l         1
  _hdwinit
                                  000084d2         0   none ,l         1
  _zeroclr4
                                  000084e8         0   none ,l         2
  _set_table_reference_method
                                  000084f6         0   none ,l         1
FILE=DefaultBuild\cstart.obj
                                  0000850e  0000857f        72
  __cstart
                                  0000850e         0   none ,g         1
  _exit
                                  0000857e         0   none ,l         2
FILE=DefaultBuild\main.obj
                                  00008580  000085ad        2e
  _main
                                  00008580        1a   func ,g         1
  _r_main_userinit
                                  0000859a        14   func ,g         1
FILE=DefaultBuild\Config_CGC.obj
                                  000085ae  000089f1       444
  _R_CGC_Create
                                  000085ae       444   func ,g         1
FILE=DefaultBuild\Systeminit.obj
                                  000089f2  00008a19        28
  _R_Systeminit
                                  000089f2        28   func ,g         1
FILE=DefaultBuild\DummyInt.obj
                                  00008a1a  00008cf9       2e0
  _eiint0
                                  00008a1a         2   func ,g         1
  _eiint1
                                  00008a1c         2   func ,g         1
  _eiint2
                                  00008a1e         2   func ,g         1
  _eiint3
                                  00008a20         2   func ,g         1
  _eiint4
                                  00008a22         2   func ,g         1
  _eiint5
                                  00008a24         2   func ,g         1
  _eiint6
                                  00008a26         2   func ,g         1
  _eiint7
                                  00008a28         2   func ,g         1
  _eiint8
                                  00008a2a         2   func ,g         1
  _eiint9
                                  00008a2c         2   func ,g         1
  _eiint10
                                  00008a2e         2   func ,g         1
  _eiint11
                                  00008a30         2   func ,g         1
  _eiint12
                                  00008a32         2   func ,g         1
  _eiint13
                                  00008a34         2   func ,g         1
  _eiint14
                                  00008a36         2   func ,g         1
  _eiint15
                                  00008a38         2   func ,g         1
  _eiint16
                                  00008a3a         2   func ,g         1
  _eiint17
                                  00008a3c         2   func ,g         1
  _eiint18
                                  00008a3e         2   func ,g         1
  _eiint19
                                  00008a40         2   func ,g         1
  _eiint20
                                  00008a42         2   func ,g         1
  _eiint21
                                  00008a44         2   func ,g         1
  _eiint22
                                  00008a46         2   func ,g         1
  _eiint23
                                  00008a48         2   func ,g         0
  _eiint24
                                  00008a4a         2   func ,g         1
  _eiint25
                                  00008a4c         2   func ,g         1
  _eiint26
                                  00008a4e         2   func ,g         0
  _eiint27
                                  00008a50         2   func ,g         1
  _eiint28
                                  00008a52         2   func ,g         1
  _eiint29
                                  00008a54         2   func ,g         1
  _eiint30
                                  00008a56         2   func ,g         1
  _eiint31
                                  00008a58         2   func ,g         1
  _eiint32
                                  00008a5a         2   func ,g         1
  _eiint33
                                  00008a5c         2   func ,g         1
  _eiint34
                                  00008a5e         2   func ,g         1
  _eiint35
                                  00008a60         2   func ,g         1
  _eiint36
                                  00008a62         2   func ,g         1
  _eiint37
                                  00008a64         2   func ,g         1
  _eiint38
                                  00008a66         2   func ,g         1
  _eiint39
                                  00008a68         2   func ,g         1
  _eiint40
                                  00008a6a         2   func ,g         0
  _eiint41
                                  00008a6c         2   func ,g         1
  _eiint42
                                  00008a6e         2   func ,g         1
  _eiint43
                                  00008a70         2   func ,g         1
  _eiint44
                                  00008a72         2   func ,g         1
  _eiint45
                                  00008a74         2   func ,g         1
  _eiint46
                                  00008a76         2   func ,g         1
  _eiint47
                                  00008a78         2   func ,g         1
  _eiint48
                                  00008a7a         2   func ,g         1
  _eiint49
                                  00008a7c         2   func ,g         1
  _eiint50
                                  00008a7e         2   func ,g         1
  _eiint51
                                  00008a80         2   func ,g         1
  _eiint52
                                  00008a82         2   func ,g         1
  _eiint53
                                  00008a84         2   func ,g         1
  _eiint54
                                  00008a86         2   func ,g         1
  _eiint55
                                  00008a88         2   func ,g         1
  _eiint56
                                  00008a8a         2   func ,g         1
  _eiint57
                                  00008a8c         2   func ,g         1
  _eiint58
                                  00008a8e         2   func ,g         1
  _eiint59
                                  00008a90         2   func ,g         1
  _eiint60
                                  00008a92         2   func ,g         1
  _eiint61
                                  00008a94         2   func ,g         1
  _eiint62
                                  00008a96         2   func ,g         1
  _eiint63
                                  00008a98         2   func ,g         1
  _eiint64
                                  00008a9a         2   func ,g         1
  _eiint65
                                  00008a9c         2   func ,g         1
  _eiint66
                                  00008a9e         2   func ,g         1
  _eiint67
                                  00008aa0         2   func ,g         1
  _eiint68
                                  00008aa2         2   func ,g         1
  _eiint69
                                  00008aa4         2   func ,g         1
  _eiint70
                                  00008aa6         2   func ,g         1
  _eiint71
                                  00008aa8         2   func ,g         1
  _eiint72
                                  00008aaa         2   func ,g         1
  _eiint73
                                  00008aac         2   func ,g         1
  _eiint74
                                  00008aae         2   func ,g         1
  _eiint75
                                  00008ab0         2   func ,g         1
  _eiint76
                                  00008ab2         2   func ,g         1
  _eiint77
                                  00008ab4         2   func ,g         1
  _eiint78
                                  00008ab6         2   func ,g         1
  _eiint79
                                  00008ab8         2   func ,g         1
  _eiint80
                                  00008aba         2   func ,g         1
  _eiint81
                                  00008abc         2   func ,g         1
  _eiint82
                                  00008abe         2   func ,g         1
  _eiint83
                                  00008ac0         2   func ,g         1
  _eiint84
                                  00008ac2         2   func ,g         0
  _eiint85
                                  00008ac4         2   func ,g         1
  _eiint86
                                  00008ac6         2   func ,g         1
  _eiint87
                                  00008ac8         2   func ,g         1
  _eiint88
                                  00008aca         2   func ,g         1
  _eiint89
                                  00008acc         2   func ,g         1
  _eiint90
                                  00008ace         2   func ,g         1
  _eiint91
                                  00008ad0         2   func ,g         1
  _eiint92
                                  00008ad2         2   func ,g         1
  _eiint93
                                  00008ad4         2   func ,g         1
  _eiint94
                                  00008ad6         2   func ,g         1
  _eiint95
                                  00008ad8         2   func ,g         1
  _eiint96
                                  00008ada         2   func ,g         1
  _eiint97
                                  00008adc         2   func ,g         1
  _eiint98
                                  00008ade         2   func ,g         1
  _eiint99
                                  00008ae0         2   func ,g         1
  _eiint100
                                  00008ae2         2   func ,g         1
  _eiint101
                                  00008ae4         2   func ,g         1
  _eiint102
                                  00008ae6         2   func ,g         1
  _eiint103
                                  00008ae8         2   func ,g         1
  _eiint104
                                  00008aea         2   func ,g         1
  _eiint105
                                  00008aec         2   func ,g         1
  _eiint106
                                  00008aee         2   func ,g         1
  _eiint107
                                  00008af0         2   func ,g         1
  _eiint108
                                  00008af2         2   func ,g         1
  _eiint109
                                  00008af4         2   func ,g         1
  _eiint110
                                  00008af6         2   func ,g         1
  _eiint111
                                  00008af8         2   func ,g         1
  _eiint112
                                  00008afa         2   func ,g         1
  _eiint113
                                  00008afc         2   func ,g         1
  _eiint114
                                  00008afe         2   func ,g         1
  _eiint115
                                  00008b00         2   func ,g         1
  _eiint116
                                  00008b02         2   func ,g         1
  _eiint117
                                  00008b04         2   func ,g         1
  _eiint118
                                  00008b06         2   func ,g         1
  _eiint119
                                  00008b08         2   func ,g         1
  _eiint120
                                  00008b0a         2   func ,g         1
  _eiint121
                                  00008b0c         2   func ,g         1
  _eiint122
                                  00008b0e         2   func ,g         1
  _eiint123
                                  00008b10         2   func ,g         1
  _eiint124
                                  00008b12         2   func ,g         1
  _eiint125
                                  00008b14         2   func ,g         1
  _eiint126
                                  00008b16         2   func ,g         1
  _eiint127
                                  00008b18         2   func ,g         1
  _eiint128
                                  00008b1a         2   func ,g         1
  _eiint129
                                  00008b1c         2   func ,g         1
  _eiint130
                                  00008b1e         2   func ,g         1
  _eiint131
                                  00008b20         2   func ,g         1
  _eiint132
                                  00008b22         2   func ,g         1
  _eiint133
                                  00008b24         2   func ,g         1
  _eiint134
                                  00008b26         2   func ,g         1
  _eiint135
                                  00008b28         2   func ,g         1
  _eiint136
                                  00008b2a         2   func ,g         1
  _eiint137
                                  00008b2c         2   func ,g         1
  _eiint138
                                  00008b2e         2   func ,g         1
  _eiint139
                                  00008b30         2   func ,g         1
  _eiint140
                                  00008b32         2   func ,g         1
  _eiint141
                                  00008b34         2   func ,g         1
  _eiint142
                                  00008b36        16   func ,g         0
  _eiint143
                                  00008b4c         2   func ,g         0
  _eiint144
                                  00008b4e         2   func ,g         1
  _eiint145
                                  00008b50         2   func ,g         1
  _eiint146
                                  00008b52         2   func ,g         1
  _eiint147
                                  00008b54         2   func ,g         1
  _eiint148
                                  00008b56         2   func ,g         1
  _eiint149
                                  00008b58         2   func ,g         1
  _eiint150
                                  00008b5a         2   func ,g         1
  _eiint151
                                  00008b5c         2   func ,g         1
  _eiint152
                                  00008b5e         2   func ,g         1
  _eiint153
                                  00008b60         2   func ,g         1
  _eiint154
                                  00008b62         2   func ,g         1
  _eiint155
                                  00008b64         2   func ,g         1
  _eiint156
                                  00008b66         2   func ,g         1
  _eiint157
                                  00008b68         2   func ,g         1
  _eiint158
                                  00008b6a         2   func ,g         1
  _eiint159
                                  00008b6c         2   func ,g         1
  _eiint160
                                  00008b6e         2   func ,g         1
  _eiint161
                                  00008b70         2   func ,g         1
  _eiint162
                                  00008b72         2   func ,g         1
  _eiint163
                                  00008b74         2   func ,g         1
  _eiint164
                                  00008b76         2   func ,g         1
  _eiint165
                                  00008b78         2   func ,g         1
  _eiint166
                                  00008b7a         2   func ,g         1
  _eiint167
                                  00008b7c         2   func ,g         1
  _eiint168
                                  00008b7e         2   func ,g         1
  _eiint169
                                  00008b80         2   func ,g         1
  _eiint170
                                  00008b82         2   func ,g         1
  _eiint171
                                  00008b84         2   func ,g         1
  _eiint172
                                  00008b86         2   func ,g         1
  _eiint173
                                  00008b88         2   func ,g         1
  _eiint174
                                  00008b8a         2   func ,g         1
  _eiint175
                                  00008b8c         2   func ,g         1
  _eiint176
                                  00008b8e         2   func ,g         1
  _eiint177
                                  00008b90         2   func ,g         1
  _eiint178
                                  00008b92         2   func ,g         1
  _eiint179
                                  00008b94         2   func ,g         1
  _eiint180
                                  00008b96         2   func ,g         1
  _eiint181
                                  00008b98         2   func ,g         1
  _eiint182
                                  00008b9a         2   func ,g         1
  _eiint183
                                  00008b9c         2   func ,g         1
  _eiint184
                                  00008b9e         2   func ,g         1
  _eiint185
                                  00008ba0         2   func ,g         1
  _eiint186
                                  00008ba2         2   func ,g         1
  _eiint187
                                  00008ba4         2   func ,g         1
  _eiint188
                                  00008ba6         2   func ,g         1
  _eiint189
                                  00008ba8         2   func ,g         1
  _eiint190
                                  00008baa         2   func ,g         1
  _eiint191
                                  00008bac         2   func ,g         1
  _eiint192
                                  00008bae         2   func ,g         1
  _eiint193
                                  00008bb0         2   func ,g         1
  _eiint194
                                  00008bb2         2   func ,g         1
  _eiint195
                                  00008bb4         2   func ,g         1
  _eiint196
                                  00008bb6         2   func ,g         1
  _eiint197
                                  00008bb8         2   func ,g         1
  _eiint198
                                  00008bba         2   func ,g         1
  _eiint199
                                  00008bbc         2   func ,g         1
  _eiint200
                                  00008bbe         2   func ,g         1
  _eiint201
                                  00008bc0         2   func ,g         1
  _eiint202
                                  00008bc2         2   func ,g         1
  _eiint203
                                  00008bc4         2   func ,g         1
  _eiint204
                                  00008bc6         2   func ,g         1
  _eiint205
                                  00008bc8         2   func ,g         1
  _eiint206
                                  00008bca         2   func ,g         1
  _eiint207
                                  00008bcc         2   func ,g         1
  _eiint208
                                  00008bce         2   func ,g         1
  _eiint209
                                  00008bd0         2   func ,g         1
  _eiint210
                                  00008bd2         2   func ,g         1
  _eiint211
                                  00008bd4         2   func ,g         1
  _eiint212
                                  00008bd6         2   func ,g         1
  _eiint213
                                  00008bd8         2   func ,g         1
  _eiint214
                                  00008bda         2   func ,g         1
  _eiint215
                                  00008bdc         2   func ,g         1
  _eiint216
                                  00008bde         2   func ,g         1
  _eiint217
                                  00008be0         2   func ,g         1
  _eiint218
                                  00008be2         2   func ,g         1
  _eiint219
                                  00008be4         2   func ,g         1
  _eiint220
                                  00008be6         2   func ,g         1
  _eiint221
                                  00008be8         2   func ,g         1
  _eiint222
                                  00008bea         2   func ,g         1
  _eiint223
                                  00008bec         2   func ,g         1
  _eiint224
                                  00008bee         2   func ,g         1
  _eiint225
                                  00008bf0         2   func ,g         1
  _eiint226
                                  00008bf2         2   func ,g         1
  _eiint227
                                  00008bf4         2   func ,g         1
  _eiint228
                                  00008bf6         2   func ,g         1
  _eiint229
                                  00008bf8         2   func ,g         1
  _eiint230
                                  00008bfa         2   func ,g         1
  _eiint231
                                  00008bfc         2   func ,g         1
  _eiint232
                                  00008bfe         2   func ,g         1
  _eiint233
                                  00008c00         2   func ,g         1
  _eiint234
                                  00008c02         2   func ,g         1
  _eiint235
                                  00008c04         2   func ,g         1
  _eiint236
                                  00008c06         2   func ,g         1
  _eiint237
                                  00008c08         2   func ,g         1
  _eiint238
                                  00008c0a         2   func ,g         1
  _eiint239
                                  00008c0c         2   func ,g         1
  _eiint240
                                  00008c0e         2   func ,g         1
  _eiint241
                                  00008c10         2   func ,g         1
  _eiint242
                                  00008c12         2   func ,g         1
  _eiint243
                                  00008c14         2   func ,g         1
  _eiint244
                                  00008c16         2   func ,g         1
  _eiint245
                                  00008c18         2   func ,g         1
  _eiint246
                                  00008c1a         2   func ,g         1
  _eiint247
                                  00008c1c         2   func ,g         1
  _eiint248
                                  00008c1e         2   func ,g         1
  _eiint249
                                  00008c20         2   func ,g         1
  _eiint250
                                  00008c22         2   func ,g         1
  _eiint251
                                  00008c24         2   func ,g         1
  _eiint252
                                  00008c26         2   func ,g         1
  _eiint253
                                  00008c28         2   func ,g         1
  _eiint254
                                  00008c2a         2   func ,g         1
  _eiint255
                                  00008c2c         2   func ,g         1
  _eiint256
                                  00008c2e         2   func ,g         1
  _eiint257
                                  00008c30         2   func ,g         1
  _eiint258
                                  00008c32         2   func ,g         1
  _eiint259
                                  00008c34         2   func ,g         1
  _eiint260
                                  00008c36         2   func ,g         1
  _eiint261
                                  00008c38         2   func ,g         1
  _eiint262
                                  00008c3a         2   func ,g         1
  _eiint263
                                  00008c3c         2   func ,g         1
  _eiint264
                                  00008c3e         2   func ,g         1
  _eiint265
                                  00008c40         2   func ,g         1
  _eiint266
                                  00008c42         2   func ,g         1
  _eiint267
                                  00008c44         2   func ,g         1
  _eiint268
                                  00008c46         2   func ,g         1
  _eiint269
                                  00008c48         2   func ,g         1
  _eiint270
                                  00008c4a         2   func ,g         1
  _eiint271
                                  00008c4c         2   func ,g         1
  _eiint272
                                  00008c4e         2   func ,g         1
  _eiint273
                                  00008c50         2   func ,g         1
  _eiint274
                                  00008c52         2   func ,g         1
  _eiint275
                                  00008c54         2   func ,g         1
  _eiint276
                                  00008c56         2   func ,g         1
  _eiint277
                                  00008c58         2   func ,g         1
  _eiint278
                                  00008c5a         2   func ,g         1
  _eiint279
                                  00008c5c         2   func ,g         1
  _eiint280
                                  00008c5e         2   func ,g         1
  _eiint281
                                  00008c60         2   func ,g         1
  _eiint282
                                  00008c62         2   func ,g         1
  _eiint283
                                  00008c64         2   func ,g         1
  _eiint284
                                  00008c66         2   func ,g         1
  _eiint285
                                  00008c68         2   func ,g         1
  _eiint286
                                  00008c6a         2   func ,g         1
  _eiint287
                                  00008c6c         2   func ,g         1
  _eiint288
                                  00008c6e         2   func ,g         1
  _eiint289
                                  00008c70         2   func ,g         1
  _eiint290
                                  00008c72         2   func ,g         1
  _eiint291
                                  00008c74         2   func ,g         1
  _eiint292
                                  00008c76         2   func ,g         1
  _eiint293
                                  00008c78         2   func ,g         1
  _eiint294
                                  00008c7a         2   func ,g         1
  _eiint295
                                  00008c7c         2   func ,g         1
  _eiint296
                                  00008c7e         2   func ,g         1
  _eiint297
                                  00008c80         2   func ,g         1
  _eiint298
                                  00008c82         2   func ,g         1
  _eiint299
                                  00008c84         2   func ,g         1
  _eiint300
                                  00008c86         2   func ,g         1
  _eiint301
                                  00008c88         2   func ,g         1
  _eiint302
                                  00008c8a         2   func ,g         1
  _eiint303
                                  00008c8c         2   func ,g         1
  _eiint304
                                  00008c8e         2   func ,g         1
  _eiint305
                                  00008c90         2   func ,g         1
  _eiint306
                                  00008c92         2   func ,g         1
  _eiint307
                                  00008c94         2   func ,g         1
  _eiint308
                                  00008c96         2   func ,g         1
  _eiint309
                                  00008c98         2   func ,g         1
  _eiint310
                                  00008c9a         2   func ,g         1
  _eiint311
                                  00008c9c         2   func ,g         1
  _eiint312
                                  00008c9e         2   func ,g         1
  _eiint313
                                  00008ca0         2   func ,g         1
  _eiint314
                                  00008ca2         2   func ,g         1
  _eiint315
                                  00008ca4         2   func ,g         1
  _eiint316
                                  00008ca6         2   func ,g         1
  _eiint317
                                  00008ca8         2   func ,g         1
  _eiint318
                                  00008caa         2   func ,g         1
  _eiint319
                                  00008cac         2   func ,g         1
  _eiint320
                                  00008cae         2   func ,g         1
  _eiint321
                                  00008cb0         2   func ,g         1
  _eiint322
                                  00008cb2         2   func ,g         1
  _eiint323
                                  00008cb4         2   func ,g         1
  _eiint324
                                  00008cb6         2   func ,g         1
  _eiint325
                                  00008cb8         2   func ,g         1
  _eiint326
                                  00008cba         2   func ,g         1
  _eiint327
                                  00008cbc         2   func ,g         1
  _eiint328
                                  00008cbe         2   func ,g         1
  _eiint329
                                  00008cc0         2   func ,g         1
  _eiint330
                                  00008cc2         2   func ,g         1
  _eiint331
                                  00008cc4         2   func ,g         1
  _eiint332
                                  00008cc6         2   func ,g         1
  _eiint333
                                  00008cc8         2   func ,g         1
  _eiint334
                                  00008cca         2   func ,g         1
  _eiint335
                                  00008ccc         2   func ,g         1
  _eiint336
                                  00008cce         2   func ,g         1
  _eiint337
                                  00008cd0         2   func ,g         1
  _eiint338
                                  00008cd2         2   func ,g         1
  _eiint339
                                  00008cd4         2   func ,g         1
  _eiint340
                                  00008cd6         2   func ,g         1
  _eiint341
                                  00008cd8         2   func ,g         1
  _eiint342
                                  00008cda         2   func ,g         1
  _eiint343
                                  00008cdc         2   func ,g         1
  _eiint344
                                  00008cde         2   func ,g         1
  _eiint345
                                  00008ce0         2   func ,g         1
  _eiint346
                                  00008ce2         2   func ,g         1
  _eiint347
                                  00008ce4         2   func ,g         1
  _eiint348
                                  00008ce6         2   func ,g         1
  _eiint349
                                  00008ce8         2   func ,g         1
  _eiint350
                                  00008cea         2   func ,g         1
  _eiint351
                                  00008cec         2   func ,g         1
  _eiint352
                                  00008cee         2   func ,g         1
  _eiint353
                                  00008cf0         2   func ,g         1
  _eiint354
                                  00008cf2         2   func ,g         1
  _eiint355
                                  00008cf4         2   func ,g         1
  _eiint356
                                  00008cf6         2   func ,g         1
  _eiint357
                                  00008cf8         2   func ,g         1
FILE=DefaultBuild\Config_ADC.obj
                                  00008cfa  00008f25       22c
  _R_Config_ADCA0_Create
                                  00008cfa       164   func ,g         1
  _R_Config_ADCA0_Halt
                                  00008e5e        18   func ,g         0
  _R_Config_ADCA0_SelfDiagnostic_VoltageCircuitOn
                                  00008e76        12   func ,g         0
  _R_Config_ADCA0_SelfDiagnostic_VoltageCircuitOff
                                  00008e88        14   func ,g         0
  _R_Config_ADCA0_ScanGroup1_OperationOn
                                  00008e9c         a   func ,g         1
  _R_Config_ADCA0_ScanGroup1_OperationOff
                                  00008ea6         a   func ,g         1
  _R_Config_ADCA0_ScanGroup1_GetResult
                                  00008eb0        76   func ,g         0
FILE=DefaultBuild\Config_PWM.obj
                                  00008f26  00009317       3f2
  _Update_PWM_Duty
                                  00008f26        1a   func ,g         3
  _PWM_Calculate_Timer_Count
                                  00008f40        2c   func ,g         1
  _PWM_Init_TAUD0
                                  00008f6c       14e   func ,g         1
  _PWM_INLI
                                  000090ba        18   func ,g         1
  _PWM_PIC0_Init
                                  000090d2        ca   func ,g         1
  _PWM_Disable_INTTAUD0
                                  0000919c        f6   func ,g         1
  _PWM_START
                                  00009292        18   func ,g         2
  _PWM_STOP
                                  000092aa        6e   func ,g         1
FILE=DefaultBuild\Config_PORT.obj
                                  00009318  000099d9       6c2
  _PWM_R_Pins_Create
                                  00009318       2d6   func ,g         1
  _R_Config_PORT_Create
                                  000095ee       356   func ,g         1
  _Config_CAN_PORT
                                  00009944        96   func ,g         1
FILE=DefaultBuild\Config_OSTM.obj
                                  000099da  00009b01       128
  _R_Config_OSTM0_Create
                                  000099da        3e   func ,g         1
  _R_Config_OSTM0_Start
                                  00009a18        12   func ,g         1
  _R_Config_OSTM0_Stop
                                  00009a2a        22   func ,g         0
  _R_Config_OSTM0_Set_CompareValue
                                  00009a4c         8   func ,g         0
  _r_Config_OSTM0_interrupt
                                  00009a54        ae   func ,g         1
FILE=DefaultBuild\Config_TAUB0_0.obj
                                  00009b02  00009c3d       13c
  _R_Config_TAUB0_0_Create
                                  00009b02        52   func ,g         1
  _R_Config_TAUB0_0_Start
                                  00009b54        1a   func ,g         1
  _R_Config_TAUB0_0_Stop
                                  00009b6e        28   func ,g         0
  _r_Config_TAUB0_0_interrupt
                                  00009b96        a8   func ,g         1
FILE=DefaultBuild\Config_TAUB0_1.obj
                                  00009c3e  00009d73       136
  _R_Config_TAUB0_1_Create
                                  00009c3e        9a   func ,g         1
  _R_Config_TAUB0_1_Start
                                  00009cd8        1a   func ,g         1
  _R_Config_TAUB0_1_Stop
                                  00009cf2        28   func ,g         0
  _r_Config_TAUB0_1_interrupt
                                  00009d1a        5a   func ,g         1
FILE=DefaultBuild\Config_CAN.obj
                                  00009d74  00009eed       17a
  _R_RSCAN0_Init
                                  00009d74       16a   func ,g         1
  _R_CAN_Init
                                  00009ede        10   func ,g         1
FILE=DefaultBuild\CAN.obj
                                  00009eee  0000a231       344
  _can0_tx
                                  00009eee        9a   func ,g         7
  _can0_rx
                                  00009f88        f6   func ,g         1
  _CAN_Rx_FIFO_ISR
                                  0000a07e       116   func ,g         1
  _CAN0_Tx_ISR
                                  0000a194        9e   func ,g         1
FILE=DefaultBuild\Config_WDT.obj
                                  0000a232  0000a2bf        8e
  _R_Config_WDT0_Create
                                  0000a232        46   func ,g         0
  _R_Config_WDT0_Restart
                                  0000a278         c   func ,g         1
  _r_Config_WDT0_interrupt
                                  0000a284        3c   func ,g         1
FILE=DefaultBuild\ADC_Result.obj
                                  0000a2c0  0000ac4f       990
  _Current_Read
                                  0000a2c0       990   func ,g         1
FILE=DefaultBuild\Trapezoidal_Mode.obj
                                  0000ac50  0000b15b       50c
  _Sector_Estimation
                                  0000ac50       120   func ,g         1
  _Deg_Estimation
                                  0000ad70        ae   func ,g         1
  _Speed_Estimation
                                  0000ae1e       17a   func ,g         1
  _Ele_Deg_Estimation
                                  0000af98        8a   func ,g         1
  _Trapezoidal_Patern
                                  0000b022        a6   func ,g         1
  _Trapezoidal_MODE
                                  0000b0c8        94   func ,g         0
FILE=DefaultBuild\Fault_Analysis.obj
                                  0000b15c  0000ba8f       934
  _Sensor_Health_Check
                                  0000b15c       13e   func ,g         1
  _Sensor_Run_Time_Moni
                                  0000b29a       1aa   func ,g         1
  _Hardware_Fault_Moni
                                  0000b444        58   func ,g         1
  _Software_Fault_Monitor
                                  0000b49c       10a   func ,g         1
  _Stall_Protection
                                  0000b5a6        90   func ,g         1
  _Motor_Protection
                                  0000b636       45a   func ,g         1
FILE=DefaultBuild\Register_Interface.obj
                                  0000ba90  0000ba93         4
  _Pin_State
                                  0000ba90         4   func ,g         0
FILE=DefaultBuild\Motor_Control.obj
                                  0000ba94  0000be05       372
  _Motor_Run_Mode_Select
                                  0000ba94       354   func ,g         1
  _Power_Calculation
                                  0000bde8        1e   func ,g         1
FILE=DefaultBuild\Sinusoidal_Mode.obj
                                  0000be06  0000c5d5       7d0
  _Sinusoidal_MODE
                                  0000be06       41e   func ,g         2
  _Angle_Conversion
                                  0000c224        56   func ,g         1
  _Clark_Transfer
                                  0000c27a        5c   func ,g         1
  _Park_Transfer
                                  0000c2d6        5a   func ,g         1
  _Flux_PI
                                  0000c330       152   func ,g         1
  _Torque_PI
                                  0000c482       154   func ,g         1
FILE=DefaultBuild\Digital_Input_Read.obj
                                  0000c5d6  0000c70b       136
  _Hall_Read
                                  0000c5d6        3c   func ,g         1
  _PS_Sign_Read
                                  0000c612        16   func ,g         0
  _HW_FLT_Sign_Read
                                  0000c628        2a   func ,g         1
  _Vehical_Input
                                  0000c652        ba   func ,g         0
FILE=DefaultBuild\Temperature_Cal.obj
                                  0000c70c  0000c921       216
  _Temp_Cal
                                  0000c70c       216   func ,g         1
FILE=DefaultBuild\CAN_TX.obj
                                  0000c922  0000cd63       442
  _CAN_TX
                                  0000c922        ce   func ,g         1
  _trans_606
                                  0000c9f0        64   func ,g         1
  _trans_607
                                  0000ca54        64   func ,g         1
  _trans_608
                                  0000cab8        72   func ,g         1
  _trans_609
                                  0000cb2a       116   func ,g         1
  _trans_611
                                  0000cc40        72   func ,g         1
  _trans_614
                                  0000ccb2        56   func ,g         1
  _trans_615
                                  0000cd08        5c   func ,g         1
FILE=initsct_rh
                                  0000cd64  0000ce13        b0
  __INITSCT_RH
                                  0000cd64         0   none ,g         1
FILE=logd
                                  0000ce14  0000ce17         4
  _log
                                  0000ce14         4   func ,g         4
FILE=sqrtd
                                  0000ce18  0000ce1b         4
  _sqrt
                                  0000ce18         4   func ,g         4
FILE=logf
                                  0000ce1c  0000d055       23a
  _logf
                                  0000ce1c         0   none ,g         1
  _poly_logf.1
                                  0000cfc0         0   none ,l         2
FILE=sqrtf
                                  0000d056  0000d08d        38
  _sqrtf
                                  0000d056         0   none ,g         1
FILE=com7d
                                  0000d08e  0000d095         8
  __REL_errno
                                  0000d08e         0   none ,g         7
FILE=_wrap_matherrf
                                  0000d096  0000d0b3        1e
  .wrap_matherrf
                                  0000d096         0   none ,g         1
FILE=frexpf
                                  0000d0b4  0000d141        8e
  _frexpf
                                  0000d0b4         0   none ,g         1
FILE=logfspecial
                                  0000d142  0000d171        30
  __REL_logf_special
                                  0000d142         0   none ,g         1
FILE=nanf
                                  0000d172  0000d177         6
  __REL_nanf_value
                                  0000d172         0   none ,g         3
FILE=neginff
                                  0000d178  0000d17d         6
  __REL_neginff_value
                                  0000d178         0   none ,g         1
FILE=posinff
                                  0000d17e  0000d183         6
  __REL_posinff_value
                                  0000d17e         0   none ,g         1

SECTION=.data
FILE=DefaultBuild\main.obj
                                  0000d184  0000d18b         8
FILE=DefaultBuild\Config_PWM.obj
                                  0000d18c  0000d18f         4
FILE=DefaultBuild\Config_OSTM.obj
                                  0000d190  0000d193         4
FILE=DefaultBuild\Config_TAUB0_0.obj
                                  0000d194  0000d197         4
FILE=DefaultBuild\Config_TAUB0_1.obj
                                  0000d198  0000d19b         4
FILE=DefaultBuild\Config_CAN.obj
                                  0000d19c  0000d19f         4
FILE=DefaultBuild\CAN.obj
                                  0000d1a0  0000d1bb        1c
FILE=DefaultBuild\ADC_Result.obj
                                  0000d1bc  0000d2d3       118
FILE=DefaultBuild\Trapezoidal_Mode.obj
                                  0000d2d4  0000d309        36
FILE=DefaultBuild\Fault_Analysis.obj
                                  0000d30c  0000d377        6c
FILE=DefaultBuild\Motor_Control.obj
                                  0000d378  0000d3ae        37
FILE=DefaultBuild\Sinusoidal_Mode.obj
                                  0000d3b0  0000d467        b8
FILE=DefaultBuild\Digital_Input_Read.obj
                                  0000d468  0000d477        10
FILE=DefaultBuild\Temperature_Cal.obj
                                  0000d478  0000d49b        24
FILE=DefaultBuild\CAN_TX.obj
                                  0000d49c  0000d49d         2

SECTION=.data.R
FILE=DefaultBuild\main.obj
                                  fede8000  fede8007         8
  _main_cnt
                                  fede8000         4   data ,g         0
  _read_val
                                  fede8004         4   data ,g         0
FILE=DefaultBuild\Config_PWM.obj
                                  fede8008  fede800b         4
  _Timer_Count
                                  fede8008         4   data ,g         4
FILE=DefaultBuild\Config_OSTM.obj
                                  fede800c  fede800f         4
  _ostm_CNT
                                  fede800c         4   data ,g         3
FILE=DefaultBuild\Config_TAUB0_0.obj
                                  fede8010  fede8013         4
  _taub0_0_CNT
                                  fede8010         4   data ,g         2
FILE=DefaultBuild\Config_TAUB0_1.obj
                                  fede8014  fede8017         4
  _tab0_1_CNT
                                  fede8014         4   data ,g         3
FILE=DefaultBuild\Config_CAN.obj
                                  fede8018  fede801b         4
  _i
                                  fede8018         4   data ,g         8
FILE=DefaultBuild\CAN.obj
                                  fede801c  fede8037        1c
  _rx_flag
                                  fede801c         1   data ,g         2
  _error_flag
                                  fede801d         1   data ,g         0
  _RX_Fifo_empty
                                  fede801e         1   data ,g         2
  _RX_fifo_full
                                  fede8020         4   data ,g         2
  _RX_Fifo_msg_lost
                                  fede8024         4   data ,g         0
  _rx_cnt
                                  fede8028         1   data ,g         3
  _rx_msg_ID_Test
                                  fede802c         4   data ,g         4
  _ISR_Cnt
                                  fede8030         4   data ,g         3
  _CAN_Tx_Cnt
                                  fede8034         4   data ,g         3
FILE=DefaultBuild\ADC_Result.obj
                                  fede8038  fede814f       118
  _mon_5V_Cnt
                                  fede8038         2   data ,g         2
  _mon_5V
                                  fede803a         2   data ,g         4
  _mon_A_5V_Cnt
                                  fede803c         2   data ,g         2
  _mon_A_5V
                                  fede803e         2   data ,g         4
  _ac_R_Ph_I_Cnt
                                  fede8040         2   data ,g         7
  _ac_Y_Ph_I_Cnt
                                  fede8042         2   data ,g         7
  _ac_B_Ph_I_Cnt
                                  fede8044         2   data ,g         5
  _ac_R_Ph_I
                                  fede8046         2   data ,g         f
  _ac_Y_Ph_I
                                  fede8048         2   data ,g         e
  _ac_B_Ph_I
                                  fede804a         2   data ,g         e
  _ac_R_Ph_V_Cnt
                                  fede804c         2   data ,g         2
  _ac_Y_Ph_V_Cnt
                                  fede804e         2   data ,g         2
  _ac_B_Ph_V_Cnt
                                  fede8050         2   data ,g         2
  _ac_R_Ph_V
                                  fede8052         2   data ,g         2
  _ac_Y_Ph_V
                                  fede8054         2   data ,g         2
  _ac_B_Ph_V
                                  fede8056         2   data ,g         2
  _dc_Bus_I_Cnt
                                  fede8058         2   data ,g         2
  _dc_Bus_V_Cnt
                                  fede805a         2   data ,g         2
  _dc_Bus_I
                                  fede805c         2   data ,g         9
  _dc_Bus_V
                                  fede805e         2   data ,g         3
  _dcVolt_ACT_SUM
                                  fede8060         2   data ,g         7
  _dc_Volt_CAL_CNT
                                  fede8062         1   data ,g         5
  _dcVolt_ACT_Cnt
                                  fede8063         1   data ,g         2
  _dcVolt_ACT
                                  fede8064         2   data ,g         b
  _adj_dcV
                                  fede8068         4   data ,g         2
  _motor_Temp_V_Cnt
                                  fede806c         2   data ,g         0
  _motor_Temp_V
                                  fede806e         2   data ,g         2
  _inv_R_Ph_Temp_V_Cnt
                                  fede8070         2   data ,g         4
  _inv_Y_Ph_Temp_V_Cnt
                                  fede8072         2   data ,g         4
  _inv_B_Ph_Temp_V_Cnt
                                  fede8074         2   data ,g         4
  _inv_R_Ph_Temp_V
                                  fede8076         2   data ,g         6
  _inv_Y_Ph_Temp_V
                                  fede8078         2   data ,g         6
  _inv_B_Ph_Temp_V
                                  fede807a         2   data ,g         6
  _tps1_Cnt
                                  fede807c         2   data ,g         0
  _tps2_Cnt
                                  fede807e         2   data ,g         2
  _tps1_V_Cnt
                                  fede8080         2   data ,g         0
  _tps2_V_Cnt
                                  fede8082         2   data ,g         8
  _df_Cof_AC_I
                                  fede8084         4   data ,g         4
  _per_AC_R_Ph_I_DF
                                  fede8088         2   data ,g         8
  _per_AC_Y_Ph_I_DF
                                  fede808a         2   data ,g         8
  _per_AC_B_Ph_I_DF
                                  fede808c         2   data ,g         8
  _aPH_I_cal_flg
                                  fede808e         1   data ,g         8
  _bPH_I_cal_flg
                                  fede808f         1   data ,g         8
  _cPH_I_cal_flg
                                  fede8090         1   data ,g         8
  _aPH_I_SUM
                                  fede8094         4   data ,g         6
  _bPH_I_SUM
                                  fede8098         4   data ,g         6
  _cPH_I_SUM
                                  fede809c         4   data ,g         6
  _aPH_I_SUM_Cnt
                                  fede80a0         2   data ,g         6
  _bPH_I_SUM_Cnt
                                  fede80a2         2   data ,g         6
  _cPH_I_SUM_Cnt
                                  fede80a4         2   data ,g         6
  _aPH_I_TAKE
                                  fede80a8         4   data ,g         2
  _bPH_I_TAKE
                                  fede80ac         4   data ,g         2
  _cPH_I_TAKE
                                  fede80b0         4   data ,g         2
  _aPH_I_ACT_TAKE
                                  fede80b4         2   data ,g         7
  _bPH_I_ACT_TAKE
                                  fede80b6         2   data ,g         7
  _cPH_I_ACT_TAKE
                                  fede80b8         2   data ,g         7
  _aPH_I_ACT_RMS_CAN_Sum
                                  fede80ba         2   data ,g         8
  _bPH_I_ACT_RMS_CAN_Sum
                                  fede80bc         2   data ,g         8
  _cPH_I_ACT_RMS_CAN_Sum
                                  fede80be         2   data ,g         8
  _aPH_I_ACT_RMS_CAN_AVG_Cnt
                                  fede80c0         1   data ,g         6
  _bPH_I_ACT_RMS_CAN_AVG_Cnt
                                  fede80c1         1   data ,g         6
  _cPH_I_ACT_RMS_CAN_AVG_Cnt
                                  fede80c2         1   data ,g         6
  _aPH_I_ACT_RMS_CAN
                                  fede80c4         2   data ,g         7
  _bPH_I_ACT_RMS_CAN
                                  fede80c6         2   data ,g         7
  _cPH_I_ACT_RMS_CAN
                                  fede80c8         2   data ,g         7
  _aPH_I_ACT_RMS
                                  fede80ca         2   data ,g         8
  _bPH_I_ACT_RMS
                                  fede80cc         2   data ,g         8
  _cPH_I_ACT_RMS
                                  fede80ce         2   data ,g         8
  _ph_I_CAL_Rest_Cnt
                                  fede80d0         2   data ,g         b
  _aPH_I_MF
                                  fede80d4         4   data ,g         4
  _bPH_I_MF
                                  fede80d8         4   data ,g         4
  _cPH_I_MF
                                  fede80dc         4   data ,g         4
  _df_Cof_AC_V
                                  fede80e0         4   data ,g         4
  _per_AC_R_Ph_V_DF
                                  fede80e4         2   data ,g         3
  _per_AC_Y_Ph_V_DF
                                  fede80e6         2   data ,g         3
  _per_AC_B_Ph_V_DF
                                  fede80e8         2   data ,g         3
  _df_Cof_DC_I
                                  fede80ec         4   data ,g         2
  _per_DC_Bus_I_DF
                                  fede80f0         2   data ,g         3
  _dc_I_SUM
                                  fede80f4         4   data ,g         6
  _dc_I_Cal_CNT
                                  fede80f8         1   data ,g         5
  _dc_I_AVG
                                  fede80fa         2   data ,g         2
  _dc_I_RMS
                                  fede80fc         2   data ,g         a
  _dc_I_MF
                                  fede8100         4   data ,g         2
  _df_Cof_DC_V
                                  fede8104         4   data ,g         2
  _per_DC_Bus_V_DF
                                  fede8108         2   data ,g         3
  _df_Cof_TPS
                                  fede810c         4   data ,g         2
  _per_TPS1_V_DF
                                  fede8110         2   data ,g         0
  _per_TPS2_V_DF
                                  fede8112         2   data ,g         3
  _df_Cof_MOT_Temp
                                  fede8114         4   data ,g         0
  _per_Motor_Temp_V_DF
                                  fede8118         2   data ,g         0
  _df_Cof_INV_Temp
                                  fede811c         4   data ,g         4
  _per_Inv_R_Ph_Temp_V_DF
                                  fede8120         2   data ,g         3
  _per_Inv_Y_Ph_Temp_V_DF
                                  fede8122         2   data ,g         3
  _per_Inv_B_Ph_Temp_V_DF
                                  fede8124         2   data ,g         3
  _df_Cof_PS
                                  fede8128         4   data ,g         3
  _per_Mon_5V_DF
                                  fede812c         4   data ,g         3
  _act_5V
                                  fede8130         4   data ,g         0
  _per_Mon_A_5V_DF
                                  fede8134         4   data ,g         3
  _act_A_5V
                                  fede8138         4   data ,g         0
  _dc_Bus_Cnt
                                  fede813c         4   data ,g         2
  _ac_Cnt_R
                                  fede8140         4   data ,g         0
  _ac_Cnt_Y
                                  fede8144         4   data ,g         0
  _ac_Cnt_B
                                  fede8148         4   data ,g         0
  _i_AC_R_Ph_CAL
                                  fede814c         4   data ,g         0
FILE=DefaultBuild\Trapezoidal_Mode.obj
                                  fede8150  fede8185        36
  _tpz_Duty
                                  fede8150         2   data ,g         2
  _sector
                                  fede8152         1   data ,g        22
  _mode_SW
                                  fede8153         1   data ,g         0
  _forward_REV_SW
                                  fede8154         1   data ,g         0
  _cruise_Cont_SW
                                  fede8155         1   data ,g         0
  _park_SW
                                  fede8156         1   data ,g         0
  _rear_Break_SW
                                  fede8157         1   data ,g         0
  _front_Break_SW
                                  fede8158         1   data ,g         0
  _side_Stand_SW
                                  fede8159         1   data ,g         0
  _kill_SW
                                  fede815a         1   data ,g         0
  _anti_Theft_Lock_Cont_SW
                                  fede815b         1   data ,g         0
  _gate_Deriver_Cond
                                  fede815c         1   data ,g         0
  _sect_Deg
                                  fede815e         2   data ,g        14
  _freq_Adj
                                  fede8160         4   data ,g         2
  _speed_Counter
                                  fede8164         2   data ,g         c
  _speed_Esti_Counter
                                  fede8166         2   data ,g         3
  _prev_sect
                                  fede8168         1   data ,g         8
  _freq
                                  fede816a         2   data ,g         4
  _freq_Add
                                  fede816c         2   data ,g         7
  _freq_Sum
                                  fede8170         4   data ,g         6
  _freq_Sum_Cnt
                                  fede8174         1   data ,g         6
  _speed_RPM
                                  fede8176         2   data ,g        11
  _delta_Theta
                                  fede8178         4   data ,g         6
  _delta_Theta_cnt
                                  fede817c         4   data ,g         8
  _ele_Theta
                                  fede8180         2   data ,g         b
  _no_of_Pole_pair
                                  fede8182         1   data ,g         2
  _mot_Forward
                                  fede8183         1   data ,g         6
  _reset_Speed
                                  fede8184         1   data ,g         2
  _integral_Ramp_Delay
                                  fede8185         1   data ,g         5
FILE=DefaultBuild\Fault_Analysis.obj
                                  fede8188  fede81f3        6c
  _ac_I_R_Sens_HLTH_FLT
                                  fede8188         1   data ,g         5
  _ac_I_Y_Sens_HLTH_FLT
                                  fede8189         1   data ,g         6
  _ac_I_B_Sens_HLTH_FLT
                                  fede818a         1   data ,g         6
  _dc_I_Sens_HLTH_FLT
                                  fede818b         1   data ,g         6
  _ac_V_R_Sens_HLTH_FLT
                                  fede818c         1   data ,g         2
  _ac_V_Y_Sens_HLTH_FLT
                                  fede818d         1   data ,g         2
  _ac_V_B_Sens_HLTH_FLT
                                  fede818e         1   data ,g         2
  _dc_V_Sens_HLTH_FLT
                                  fede818f         1   data ,g         2
  _tps1_Sens_HLTH_FLT
                                  fede8190         1   data ,g         4
  _tps2_Sens_HLTH_FLT
                                  fede8191         1   data ,g         6
  _mot_NTC_Sens_HLTH_FLT
                                  fede8192         1   data ,g         6
  _inv_R_Ph_Temp_Sens_HLTH_FLT
                                  fede8193         1   data ,g         8
  _inv_Y_Ph_Temp_Sens_HLTH_FLT
                                  fede8194         1   data ,g         8
  _inv_B_Ph_Temp_Sens_HLTH_FLT
                                  fede8195         1   data ,g         8
  _cur_Sens_HLTH_FLT
                                  fede8196         1   data ,g         4
  _volt_Sens_HLTH_FLT
                                  fede8197         1   data ,g         4
  _temp_Sens_HLTH_FLT
                                  fede8198         1   data ,g         4
  _sens_HLTH_FLT
                                  fede8199         1   data ,g         6
  _hall_Sens_FLT
                                  fede819a         1   data ,g         8
  _pGood_15V_FLT
                                  fede819b         1   data ,g         0
  _pGood_5V_FLT
                                  fede819c         1   data ,g         4
  _pGood_A_5V_FLT
                                  fede819d         1   data ,g         4
  _tps_Sens_HLTH_FLT
                                  fede819e         1   data ,g         6
  _ps_Sens_HLTH_FLT
                                  fede819f         1   data ,g         4
  _run_Time_Fault
                                  fede81a0         1   data ,g         6
  _sht_FLT
                                  fede81a1         1   data ,g         6
  _ocp_FLT
                                  fede81a2         1   data ,g         6
  _hrd_FLT
                                  fede81a3         1   data ,g         4
  _dc_BUS_SC_FLT
                                  fede81a4         1   data ,g         8
  _mot_R_Phase_SC_FLT
                                  fede81a5         1   data ,g         8
  _mot_Y_Phase_SC_FLT
                                  fede81a6         1   data ,g         8
  _mot_B_Phase_SC_FLT
                                  fede81a7         1   data ,g         8
  _mot_Phase_SC_FLT
                                  fede81a8         1   data ,g         4
  _mot_Stall_FLT
                                  fede81a9         1   data ,g         0
  _mot_OT_FLT
                                  fede81aa         1   data ,g         0
  _inv_OT_FLT
                                  fede81ab         1   data ,g         0
  _soft_SC_FLT
                                  fede81ac         1   data ,g         6
  _inv_R_Ph_V_Sens_FLT
                                  fede81ad         1   data ,g         0
  _inv_Y_Ph_V_Sens_FLT
                                  fede81ae         1   data ,g         0
  _inv_B_Ph_V_Sens_FLT
                                  fede81af         1   data ,g         0
  _dc_BUS_V_Sens_FLT
                                  fede81b0         1   data ,g         0
  _inv_R_Ph_I_Sens_FLT
                                  fede81b1         1   data ,g         0
  _inv_Y_Ph_I_Sens_FLT
                                  fede81b2         1   data ,g         0
  _inv_B_Ph_I_Sens_FLT
                                  fede81b3         1   data ,g         0
  _dc_BUS_I_Sens_FLT
                                  fede81b4         1   data ,g         0
  _tps1_V_Sens_FLT
                                  fede81b5         1   data ,g         0
  _tps2_V_Sens_FLT
                                  fede81b6         1   data ,g         0
  _inv_R_Ph_Temp_Sens_FLT
                                  fede81b7         1   data ,g         0
  _inv_Y_Ph_Temp_Sens_FLT
                                  fede81b8         1   data ,g         0
  _inv_B_Ph_Temp_Sens_FLT
                                  fede81b9         1   data ,g         0
  _mot_Temp_Sens_FLT
                                  fede81ba         1   data ,g         0
  _stall_Prot_Cnt
                                  fede81bc         2   data ,g         4
  _stall_Prot_FLT
                                  fede81be         1   data ,g         6
  _soft_FLT
                                  fede81bf         1   data ,g         6
  _MOT_TEMP_MAX_LIMIT
                                  fede81c0         2   data ,g         0
  _torqe_Zero_FLG
                                  fede81c2         1   data ,g         0
  _rest_ON
                                  fede81c3         1   data ,g         0
  _rst_ON_UV
                                  fede81c4         1   data ,g         6
  _rst_ON_OV
                                  fede81c5         1   data ,g         4
  _auto_FLT_CLR_Delay
                                  fede81c6         2   data ,g         9
  _flt_CLR_OV_Time
                                  fede81c8         1   data ,g         e
  _man_FLT_CLRed
                                  fede81c9         1   data ,g         8
  _flg_rest
                                  fede81ca         1   data ,g         7
  _fault_OCCUR
                                  fede81cb         1   data ,g         8
  _flt_CLR
                                  fede81cc         1   data ,g         6
  _auto_FLT_CLR
                                  fede81cd         1   data ,g        16
  _vq_Zero
                                  fede81ce         1   data ,g         0
  _sens_HLTH_FLT_CLR
                                  fede81cf         1   data ,g         0
  _dc_OV_Volt_FLT
                                  fede81d0         1   data ,g         8
  _dc_UV_Volt_FLT
                                  fede81d1         1   data ,g         a
  _dc_OC_FLT
                                  fede81d2         1   data ,g         a
  _ph_I_OC_FLT
                                  fede81d3         1   data ,g         a
  _over_SPEED_FLT
                                  fede81d4         1   data ,g         8
  _over_MOT_TEMP_FLT
                                  fede81d5         1   data ,g         6
  _over_INV_TEMP_FLT
                                  fede81d6         1   data ,g         9
  _dcVolt_ACT_Trip_Value
                                  fede81d8         2   data ,g         4
  _dc_I_RMS_Trip_Value
                                  fede81da         2   data ,g         2
  _ac_R_OC_Trip_Value
                                  fede81dc         2   data ,g         2
  _ac_Y_OC_Trip_Value
                                  fede81de         2   data ,g         2
  _ac_B_OC_Trip_Value
                                  fede81e0         2   data ,g         2
  _over_Speed_Trip_Value
                                  fede81e2         2   data ,g         2
  _dc_I_RMS_value
                                  fede81e4         2   data ,g         0
  _aPH_I_ACT_RMS_Value
                                  fede81e6         2   data ,g         0
  _bPH_I_ACT_RMS_Value
                                  fede81e8         2   data ,g         0
  _cPH_I_ACT_RMS_Value
                                  fede81ea         2   data ,g         0
  _tps
                                  fede81ec         2   data ,g         0
  _V5_Value1
                                  fede81ee         2   data ,g         0
  _dc_SC_Value
                                  fede81f0         2   data ,g         2
  _r_SC_Value
                                  fede81f2         2   data ,g         2
FILE=DefaultBuild\Motor_Control.obj
                                  fede81f4  fede822a        37
  _PWM_MODE_Switch
                                  fede81f4         1   data ,g         6
  _soft_start_delay
                                  fede81f5         1   data ,g         a
  _sect_Cycle_Cnt
                                  fede81f6         2   data ,g         9
  _sect_Cycle_CLR_Delay_Cnt
                                  fede81f8         2   data ,g         7
  _pre_Mode_Chang_sector
                                  fede81fa         1   data ,g         6
  _temp
                                  fede81fc         4   data ,g         0
  _flux_Ratio
                                  fede8200         4   data ,g         2
  _torque_Check
                                  fede8204         2   data ,g         0
  _ramp_Chek
                                  fede8206         2   data ,g        16
  _ref_Power_W
                                  fede8208         2   data ,g         0
  _ref_Torque_Nm
                                  fede820a         2   data ,g         3
  _max_Ref_Torque_Nm
                                  fede820c         2   data ,g         2
  _max_ref_Torque_Cnt
                                  fede820e         2   data ,g         2
  _current_Vec_Ref
                                  fede8210         2   data ,g         0
  _current_Vec_Cnt
                                  fede8212         2   data ,g         0
  _current_Vec
                                  fede8214         2   data ,g         0
  _torque_MF
                                  fede8218         4   data ,g         0
  _input_Power
                                  fede821c         2   data ,g         4
  _output_Power
                                  fede821e         2   data ,g         2
  _duty_check
                                  fede8220         4   data ,g         0
  _throttle_Read
                                  fede8224         2   data ,g         a
  _prote_Throt_Read
                                  fede8226         2   data ,g         6
  _sys_Stabli_Time
                                  fede8228         2   data ,g         7
  _test_1_PWM
                                  fede822a         1   data ,g         6
FILE=DefaultBuild\Sinusoidal_Mode.obj
                                  fede822c  fede82e3        b8
  _man_Theta_Inc_delay
                                  fede822c         1   data ,g         0
  _man_Theta_delay_adj
                                  fede822d         1   data ,g         0
  _man_Theta
                                  fede822e         2   data ,g         0
  _theta1
                                  fede8230         4   data ,g         7
  _OFFSET_THE
                                  fede8234         2   data ,g         2
  _ADV_THE
                                  fede8236         2   data ,g         2
  _rotor_Theta
                                  fede8238         4   data ,g         4
  _rotor_Theta1
                                  fede823c         4   data ,g         3
  _rotor_Theta_ADV
                                  fede8240         4   data ,g         3
  _rotor_Theta1_ADV
                                  fede8244         4   data ,g         3
  _sine_Theta_ADV
                                  fede8248         4   data ,g         5
  _cose_Theta_ADV
                                  fede824c         4   data ,g         5
  _sine_Theta
                                  fede8250         2   data ,g         5
  _cose_Theta
                                  fede8252         2   data ,g         5
  _v_q
                                  fede8254         2   data ,g        1e
  _v_d
                                  fede8256         2   data ,g        16
  _v_Alpha
                                  fede8258         2   data ,g         5
  _v_Beta
                                  fede825a         2   data ,g         4
  _va
                                  fede825c         4   data ,g         3
  _vb
                                  fede8260         4   data ,g         3
  _vc
                                  fede8264         4   data ,g         3
  _pi_Delay
                                  fede8268         2   data ,g         7
  _manual_Delay
                                  fede826a         2   data ,g         7
  _manual_Delay_Cnt
                                  fede826c         2   data ,g         6
  _v_d_Ratio
                                  fede8270         4   data ,g         0
  _Error_Flux
                                  fede8274         4   data ,g         5
  _Flux_Kp
                                  fede8278         4   data ,g         2
  _Flux_Ki
                                  fede827c         4   data ,g         2
  _Integ_Error_Flux
                                  fede8280         4   data ,g         0
  _Pre_Error_Flux
                                  fede8284         4   data ,g         4
  _Prop_F
                                  fede8288         4   data ,g         4
  _Integ_F
                                  fede828c         4   data ,g        19
  _Flux_Output
                                  fede8290         4   data ,g         b
  _flux_setPoint
                                  fede8294         2   data ,g         7
  _Id_ref
                                  fede8296         2   data ,g         0
  _Torque_Kp
                                  fede8298         4   data ,g         2
  _Torque_Ki
                                  fede829c         4   data ,g         2
  _Error_T
                                  fede82a0         4   data ,g         0
  _Error_Torque
                                  fede82a4         4   data ,g         5
  _Torque_Output
                                  fede82a8         4   data ,g         a
  _Integ_Error_Torque
                                  fede82ac         4   data ,g         0
  _Pre_Error_Torque
                                  fede82b0         4   data ,g         4
  _Prop_T
                                  fede82b4         4   data ,g         4
  _Integ_T
                                  fede82b8         4   data ,g        17
  _torque_PI_SetPoint
                                  fede82bc         2   data ,g         f
  _Iq_ref
                                  fede82be         2   data ,g         0
  _Id
                                  fede82c0         2   data ,g         4
  _Iq
                                  fede82c2         2   data ,g         4
  _pt_cof_DF
                                  fede82c4         4   data ,g         4
  _Id_DF
                                  fede82c8         2   data ,g         5
  _Id_DF_Perivious
                                  fede82ca         2   data ,g         3
  _Id_DF_Use_T
                                  fede82cc         2   data ,g         3
  _Iq_DF
                                  fede82ce         2   data ,g         3
  _Iq_DF_Perivious
                                  fede82d0         2   data ,g         3
  _Iq_DF_Use_T
                                  fede82d2         2   data ,g         5
  _sin_Duty_U
                                  fede82d4         2   data ,g         3
  _sin_Duty_V
                                  fede82d6         2   data ,g         3
  _sin_Duty_W
                                  fede82d8         2   data ,g         3
  _vd_ratio
                                  fede82dc         4   data ,g         0
  _angle_ACT
                                  fede82e0         2   data ,g         2
  _y_Vaue
                                  fede82e2         2   data ,g         2
FILE=DefaultBuild\Digital_Input_Read.obj
                                  fede82e4  fede82f3        10
  _hall_A
                                  fede82e4         1   data ,g        12
  _hall_B
                                  fede82e5         1   data ,g        12
  _hall_C
                                  fede82e6         1   data ,g        12
  _pGood_15V_Sign
                                  fede82e7         1   data ,g         2
  _sht_FLT_Sign
                                  fede82e8         1   data ,g         4
  _ocp_FLT_Sign
                                  fede82e9         1   data ,g         4
  _rear_Break_Sig
                                  fede82ea         1   data ,g         3
  _park_SW_Sig
                                  fede82eb         1   data ,g         2
  _mode_SW_Sig
                                  fede82ec         1   data ,g         2
  _side_Stand_Sig
                                  fede82ed         1   data ,g         2
  _crus_Cont_Sig
                                  fede82ee         1   data ,g         2
  _for_Rev_Sig
                                  fede82ef         1   data ,g         2
  _front_Break_Sig
                                  fede82f0         1   data ,g         2
  _kill_SW_Sig
                                  fede82f1         1   data ,g         2
  _anty_Theft_Lock_Sig
                                  fede82f2         1   data ,g         2
  _break_Apply
                                  fede82f3         1   data ,g         a
FILE=DefaultBuild\Temperature_Cal.obj
[...]
                 _svg_temp1
                                 fede8374
                 _svg_temp2
                                 fede8378
                 _svg_temp3
                                 fede837c
                 _svg_sector
                                 fede8380
     SECTION=.data
0023 Digital_Input_Read
     SECTION=.text
                 _Hall_Read
                                 0000c5d6 0021(0000ba99:.text)
                 _PS_Sign_Read
                                 0000c612
                 _HW_FLT_Sign_Read
                                 0000c628 0019(0000b449:.text)
                 _Vehical_Input
                                 0000c652
     SECTION=.data.R
                 _hall_A
                                 fede82e4 0018(0000ac52:.text)
                                          0018(0000ac55:.text)
                                          0018(0000ac82:.text)
                                          0018(0000ac85:.text)
                                          0018(0000acb2:.text)
                                          0018(0000acb5:.text)
                                          0018(0000ace2:.text)
                                          0018(0000ace5:.text)
                                          0018(0000ad12:.text)
                                          0018(0000ad15:.text)
                                          0018(0000ad42:.text)
                                          0018(0000ad45:.text)
                                          0019(0000b29c:.text)
                                          0019(0000b29f:.text)
                                          0019(0000b2c0:.text)
                                          0019(0000b2c3:.text)
                                          0023(0000c5e6:.text)
                                          0023(0000c5ea:.text)
                 _hall_B
                                 fede82e5 0018(0000ac5e:.text)
                                          0018(0000ac61:.text)
                                          0018(0000ac8e:.text)
                                          0018(0000ac91:.text)
                                          0018(0000acbe:.text)
                                          0018(0000acc1:.text)
                                          0018(0000acee:.text)
                                          0018(0000acf1:.text)
                                          0018(0000ad1e:.text)
                                          0018(0000ad21:.text)
                                          0018(0000ad4e:.text)
                                          0018(0000ad51:.text)
                                          0019(0000b2a8:.text)
                                          0019(0000b2ab:.text)
                                          0019(0000b2cc:.text)
                                          0019(0000b2cf:.text)
                                          0023(0000c5f8:.text)
                                          0023(0000c5fc:.text)
                 _hall_C
                                 fede82e6 0018(0000ac6a:.text)
                                          0018(0000ac6d:.text)
                                          0018(0000ac9a:.text)
                                          0018(0000ac9d:.text)
                                          0018(0000acca:.text)
                                          0018(0000accd:.text)
                                          0018(0000acfa:.text)
                                          0018(0000acfd:.text)
                                          0018(0000ad2a:.text)
                                          0018(0000ad2d:.text)
                                          0018(0000ad5a:.text)
                                          0018(0000ad5d:.text)
                                          0019(0000b2b4:.text)
                                          0019(0000b2b7:.text)
                                          0019(0000b2d8:.text)
                                          0019(0000b2db:.text)
                                          0023(0000c60a:.text)
                                          0023(0000c60e:.text)
                 _pGood_15V_Sign
                                 fede82e7 0023(0000c620:.text)
                                          0023(0000c624:.text)
                 _sht_FLT_Sign
                                 fede82e8 0019(0000b44e:.text)
                                          0019(0000b451:.text)
                                          0023(0000c636:.text)
                                          0023(0000c63a:.text)
                 _ocp_FLT_Sign
                                 fede82e9 0019(0000b464:.text)
                                          0019(0000b467:.text)
                                          0023(0000c64a:.text)
                                          0023(0000c64e:.text)
                 _rear_Break_Sig
                                 fede82ea 0023(0000c662:.text)
                                          0023(0000c666:.text)
                                          0023(0000c6f9:.text)
                 _park_SW_Sig
                                 fede82eb 0023(0000c674:.text)
                                          0023(0000c678:.text)
                 _mode_SW_Sig
                                 fede82ec 0023(0000c686:.text)
                                          0023(0000c68a:.text)
                 _side_Stand_Sig
                                 fede82ed 0023(0000c698:.text)
                                          0023(0000c69c:.text)
                 _crus_Cont_Sig
                                 fede82ee 0023(0000c6aa:.text)
                                          0023(0000c6ae:.text)
                 _for_Rev_Sig
                                 fede82ef 0023(0000c6bc:.text)
                                          0023(0000c6c0:.text)
                 _front_Break_Sig
                                 fede82f0 0023(0000c6ce:.text)
                                          0023(0000c6d2:.text)
                 _kill_SW_Sig
                                 fede82f1 0023(0000c6e0:.text)
                                          0023(0000c6e4:.text)
                 _anty_Theft_Lock_Sig
                                 fede82f2 0023(0000c6f2:.text)
                                          0023(0000c6f6:.text)
                 _break_Apply
                                 fede82f3 0021(0000bbac:.text)
                                          0021(0000bbaf:.text)
                                          0021(0000bbe8:.text)
                                          0021(0000bbeb:.text)
                                          0022(0000bfbc:.text)
                                          0022(0000bfbf:.text)
                                          0022(0000bfdc:.text)
                                          0022(0000bfdf:.text)
                                          0023(0000c704:.text)
                                          0023(0000c708:.text)
     SECTION=.data
0024 Temperature_Cal
     SECTION=.text
                 _Temp_Cal
                                 0000c70c 0021(0000baa1:.text)
     SECTION=.data.R
                 _mot_Pull_UP_Voltage_mV
                                 fede82f4 0024(0000c74a:.text)
                                          0024(0000c74e:.text)
                 _mot_Temp_Volt
                                 fede82f6 0024(0000c734:.text)
                                          0024(0000c738:.text)
                                          0024(0000c752:.text)
                 _mot_Temp_R2
                                 fede82f8 0024(0000c73e:.text)
                                          0024(0000c742:.text)
                 _mot_Temp_R0
                                 fede82fa 0024(0000c764:.text)
                                          0024(0000c768:.text)
                 _mot_Temp_R1
                                 fede82fc 0024(0000c75c:.text)
                                          0024(0000c760:.text)
                 _mot_Temp_Cel
                                 fede82fe 0024(0000c7b0:.text)
                                          0024(0000c7b4:.text)
                                          0025(0000cabe:.text)
                                          0025(0000cac2:.text)
                                          0025(0000cad0:.text)
                 _inv_Pull_UP_Voltage_mV
                                 fede8300 0024(0000c7dc:.text)
                                          0024(0000c7e0:.text)
                                          0024(0000c85c:.text)
                                          0024(0000c8d0:.text)
                 _inv_Temp_R2
                                 fede8302 0024(0000c7e6:.text)
                                          0024(0000c7ea:.text)
                                          0024(0000c862:.text)
                                          0024(0000c8d6:.text)
                 _inv_Temp_R0
                                 fede8304 0024(0000c7fe:.text)
                                          0024(0000c802:.text)
                                          0024(0000c876:.text)
                                          0024(0000c8ea:.text)
                 _inv_R_Ph_Temp_Volt
                                 fede8306 0024(0000c7d0:.text)
                                          0024(0000c7d4:.text)
                                          0024(0000c7d8:.text)
                 _inv_R_Ph_Temp_R1
                                 fede8308 0024(0000c7f6:.text)
                                          0024(0000c7fa:.text)
                 _inv_R_Ph_Temp_Cel
                                 fede830a 0024(0000c830:.text)
                                          0024(0000c834:.text)
                                          0025(0000cada:.text)
                                          0025(0000cade:.text)
                                          0025(0000cae6:.text)
                 _inv_Y_Ph_Temp_Volt
                                 fede830c 0024(0000c850:.text)
                                          0024(0000c854:.text)
                                          0024(0000c858:.text)
                 _inv_Y_Ph_Temp_R1
                                 fede830e 0024(0000c86e:.text)
                                          0024(0000c872:.text)
                 _inv_Y_Ph_Temp_Cel
                                 fede8310 0024(0000c8a4:.text)
                                          0024(0000c8a8:.text)
                                          0025(0000caf0:.text)
                                          0025(0000caf4:.text)
                                          0025(0000cafc:.text)
                 _inv_B_Ph_Temp_Volt
                                 fede8312 0024(0000c8c4:.text)
                                          0024(0000c8c8:.text)
                                          0024(0000c8cc:.text)
                 _inv_B_Ph_Temp_R1
                                 fede8314 0024(0000c8e2:.text)
                                          0024(0000c8e6:.text)
                 _inv_B_Ph_Temp_Cel
                                 fede8316 0024(0000c918:.text)
                                          0024(0000c91c:.text)
                                          0025(0000cb06:.text)
                                          0025(0000cb0a:.text)
                                          0025(0000cb12:.text)
     SECTION=.data
0025 CAN_TX
     SECTION=.text
                 _CAN_TX
                                 0000c922 0012(00009beb:.text)
                 _trans_606
                                 0000c9f0 0025(0000c973:.text)
                 _trans_607
                                 0000ca54 0025(0000c98b:.text)
                 _trans_608
                                 0000cab8 0025(0000c9bb:.text)
                 _trans_609
                                 0000cb2a 0025(0000c9d3:.text)
                 _trans_611
                                 0000cc40 0025(0000c9a3:.text)
                 _trans_614
                                 0000ccb2 0025(0000c95b:.text)
                 _trans_615
                                 0000cd08 0025(0000c943:.text)
     SECTION=.data.R
                 _tx_Cnt
                                 fede8318 0025(0000c928:.text)
                                          0025(0000c92c:.text)
                                          0025(0000c932:.text)
                                          0025(0000c948:.text)
                                          0025(0000c94c:.text)
                                          0025(0000c960:.text)
                                          0025(0000c964:.text)
                                          0025(0000c978:.text)
                                          0025(0000c97c:.text)
                                          0025(0000c990:.text)
                                          0025(0000c994:.text)
                                          0025(0000c9a8:.text)
                                          0025(0000c9ac:.text)
                                          0025(0000c9c0:.text)
                                          0025(0000c9c4:.text)
                                          0025(0000c9d8:.text)
                                          0025(0000c9dc:.text)
                                          0025(0000c9e6:.text)
                                          0025(0000c9ea:.text)
     SECTION=.bss
                 _tx_arr_606
                                 fede8384 0025(0000ca06:.text)
                 _tx_arr_607
                                 fede838c 0025(0000ca6e:.text)
                 _tx_arr_608
                                 fede8394 0025(0000cac6:.text)
                 _tx_arr_609
                                 fede839c 0025(0000cb80:.text)
                 _tx_arr_611
                                 fede83a0 0025(0000cc6a:.text)
                 _tx_arr_614
                                 fede83a8 0025(0000ccb8:.text)
                 _tx_arr_615
                                 fede83b0 0025(0000cd1e:.text)
     SECTION=.data
0026 initsct_rh
     SECTION=.text
                 __INITSCT_RH
                                 0000cd64 0002(0000853a:.text)
0027 logd
     SECTION=.text
                 _log
                                 0000ce14 0024(0000c779:.text)
                                          0024(0000c813:.text)
                                          0024(0000c887:.text)
                                          0024(0000c8fb:.text)
0028 sqrtd
     SECTION=.text
                 _sqrt
                                 0000ce18 0017(0000a533:.text)
                                          0017(0000a665:.text)
                                          0017(0000a797:.text)
                                          0021(0000bd2d:.text)
0029 logf
     SECTION=.text
                 _logf
                                 0000ce1c 0027(0000ce15:.text)
     SECTION=.const
0030 sqrtf
     SECTION=.text
                 _sqrtf
                                 0000d056 0028(0000ce19:.text)
0031 com7d
     SECTION=.text
                 __REL_errno
                                 0000d08e 0029(0000ce23:.text)
                                          0029(0000ce5d:.text)
                                          0029(0000ce6f:.text)
                                          0032(0000d09b:.text)
                                          0033(0000d0bd:.text)
                                          0033(0000d0f9:.text)
                                          0034(0000d161:.text)
     SECTION=.bss
0032 _wrap_matherrf
     SECTION=.text
                 .wrap_matherrf
                                 0000d096 0030(0000d08b:.text)
0033 frexpf
     SECTION=.text
                 _frexpf
                                 0000d0b4 0029(0000ce8b:.text)
0034 logfspecial
     SECTION=.text
                 __REL_logf_special
                                 0000d142 0029(0000ce3f:.text)
0035 nanf
     SECTION=.text
                 __REL_nanf_value
                                 0000d172 0029(0000ce67:.text)
                                          0033(0000d103:.text)
                                          0034(0000d16f:.text)
0036 neginff
     SECTION=.text
                 __REL_neginff_value
                                 0000d178 0029(0000ce79:.text)
0037 posinff
     SECTION=.text
                 __REL_posinff_value
                                 0000d17e 0034(0000d15d:.text)
0038 rlink_generates_01
     SECTION=
                 __gp_data
                                 00000000 0002(00008516:.text)
                 __ep_data
                                 00000000 0002(0000851c:.text)
0039 rlink_generates_02
     SECTION=
                 __sRESET
                                 00000000
                 __SRESET
                                 00000000
                 __eRESET
                                 000001f8
                 __ERESET
                                 000001f8
                 __sEIINTTBL.const
                                 00000200 0001(000084c4:.text)
                 __SEIINTTBL_const
                                 00000200
                 __eEIINTTBL.const
                                 00000798
                 __EEIINTTBL_const
                                 00000798
                 __s.const
                                 00008000
                 __S_const
                                 00008000
                 __e.const
                                 00008460
                 __E_const
                                 00008460
                 __s.INIT_DSEC.const
                                 00008460 0002(00008522:.text)
                 __S_INIT_DSEC_const
                                 00008460
                 __e.INIT_DSEC.const
                                 0000846c 0002(00008528:.text)
                 __E_INIT_DSEC_const
                                 0000846c
                 __s.INIT_BSEC.const
                                 0000846c 0002(0000852e:.text)
                 __S_INIT_BSEC_const
                                 0000846c
                 __s.text
                                 00008474
                 __S_text
                                 00008474
                 __e.INIT_BSEC.const
                                 00008474 0002(00008534:.text)
                 __E_INIT_BSEC_const
                                 00008474
                 __e.text
                                 0000d184
                 __E_text
                                 0000d184
                 __s.data
                                 0000d184 0002(00008460:.INIT_DSEC.const)
                 __S_data
                                 0000d184
                 __e.data
                                 0000d49e 0002(00008464:.INIT_DSEC.const)
                 __E_data
                                 0000d49e
                 __s.data.R
                                 fede8000 0002(00008468:.INIT_DSEC.const)
                 __S_data_R
                                 fede8000
                 __e.data.R
                                 fede831a
                 __E_data_R
                                 fede831a
                 __s.bss
                                 fede831c 0002(0000846c:.INIT_BSEC.const)
                 __S_bss
                                 fede831c
                 __e.bss
                                 fede83bc 0002(00008470:.INIT_BSEC.const)
                 __E_bss
                                 fede83bc
                 __s.stack.bss
                                 fede83bc
                 __S_stack_bss
                                 fede83bc
                 __e.stack.bss
                                 fede85bc
                 __E_stack_bss
                                 fede85bc
